mango
peach
mango
mango
peach
mango
peach
mango
peach
peach
mango
mango
peach
mango
peach
mango
mango
mango
peach
peach
mango
peach
mango
peach
peach
mango
peach
peach
mango
peach
mango
peach
peach
mango
peach
mango
peach
peach
mango
peach
mango
peach
mango
mango
peach
mango
peach
mango
peach
peach
mango
peach
mango
mango
peach
mango
peach
peach
mango
peach
mango
peach
mango
mango
mango
peach
mango
peach
mango
mango
peach
mango
mango
peach
mango
peach
mango
peach
peach
mango
mango
peach
mango
mango
peach
mango
peach
mango
mango
peach
peach
mango
peach
mango
mango
mango
peach
mango
peach
mango
