87 63
osjgmwogmmbiiihrawmxkiuckpuqdoiyalkttclgsrvqabsjreyyrltikpaqnai
tmemlcfbrwrtsxmgqhbfzzghszxorkrwlaolhddnjqjaikjkqmicfyvcubtwrqv
voffbqeapyedwlvgmebuwyvzzcctefoqxwzczgevvnjxmngkcbtfxhvsyultnek
tdotmihqlrpgwqzxvbjuwwtejlctlzkujblchghpixybtagawyvmhqcohfkcopo
bifhqbpdgbvooodgjetdoozwmgrntwouqupcvragyoiwsxsnzfwtpwhmiynfwbu
wdwlbszoocnkprrmoeraotoytjitdjunpklzhbxxwgdyzavgtpqfnwmzvaxcsye
yiahyoalrbnptuolljgjkhjgtgutpsndpaiekorzlbnwdthngfffqkzumbymadg
yxiyhlgyheauiofvqjcuevwagpdzadfgeblmzcmhaysvjmkdghzpbfjjoxesuht
jpqqxwoxxgfkhpsusyqvinjwqxcshthohzxbiyroeaqfsvfiojurcqcynneuewn
mzytxbuwmppobpkvvvjitveujfoptqlrywldmabbcxhlfwcvpsyvlgxpczlwffo
elwftcytadwkdytcmbelzcrkaxtzyayipnoeremjdsstnunqilbnfeakvavkbzs
elgdxapobijbuodzgdzhoxaphrpsworpsflfqkjcrlggjsbozokhkprsizonajy
vussejarjudwiehrycphqyqbjkibrxiclzddmmpbsraqstugfckouzlgvhhfbxd
wcheukpnljwqauomerqzbltcpijlkccuvutonhakyursiykvkpdmjictydhnwfr
jlpcfiveifurdxhdtdycpzjvthzvvemlbspunuztuykrhxfmltsfjrprnqevbbe
mwpjfzxtghfqhnbfudqnryxhocrgpwpjzflwiuolvuycxtigfaqqmxzaikubdzd
dqssfgymbgnjrwncellkiybhnmxyopwtndnskjhbrjyectdjvhuxlkgxxxxewmv
lynamrtetbcgodongrzhdixmhlnhixqrbyjbxpcoiuxrfajnyharpvhperuqqis
apdjoloxzhkrafqpmpwxdaylitfxsheortojquxldptumdatidvbbcjvoainttr
ajikxpbrhtjqstiwxhzoxjpujjkhwgjnkyultynyncrsgdeyjywvwiphjehgayk
wcyqbvjyqdypjttnbwasxkvbrnifbcbifwsktaaggubuozxgwdhzquuwmnbphae
brxxwwwzybjucldnsfyigrljskmbsjfvyylbrizozrwgsisptgnzbwfmiayxqfs
khzlswogvtujbijiracnijwwzhhpjhfxqwlxlkscrkvfveojfxobttonyttwvko
qqracuvchipeuzktdqosfiedmdcfsriageswpqljbojrzgepvolyzxhggdqvlbt
eyqxbvkmcfycufkuuamulthxmylcbwzxzrodurbrvkvqfcflrqvhejerfrhrize
zngoscmqnoopyiumfoaxlbvkxkwxlxcyciiefdsomcivpcicdpeogchmtqaqduy
kqpkxbeqwhkgqnenzoxyvgcodybqlyvuiavctewvqklmcykxyytwtgklrlnwkgy
dcmcwgqzlqlqtvtwcfjqyovwqrubsbjnlsksrvwrwvrkmrplrkbsgizqtvzhjjp
qegfgkxheyqtybngtwwddbzijptfrznbigeydvqjhqpuskkyrjikllafwfpqrbz
sjkbbpycurniexymuogslhpoxbpvjpenwdrrqaccrwzkznwmpmnsiorimomhhxm
qybvnctebiftjjydnbpirvujolsyqwedpksnisfkhfnssbfahwawezcpkcangmo
lggubkmekhkkwqmnmszhutsgpvjcupqwntiedjyibvvmltccwsjhoevshjfiood
vgrogynhwktwlfzycmuwncsiaofrrfappzxusxbmtfscgnxekplkaxikyeumsjh
sukrhnnomxetzkcasnprifhmskdkgdtorljjbejeoyqggthqwrqbzvbwppojzaa
vhsjotiqgvjptuusdscvopvilufamvicsmrgdhontsgaopyxgijrdqxwuuzxllu
zhsqruhzofzbadvbjtlxaltlvcvneaeakowdlnlasgtojwvvajtsqpvuwaqhqhy
ambbikznfxxqnxksinncvqzqycfcaboprztlcebzzhwaeldivmghoroigrenhrf
gwdmoznjomrjswqdrrxzplbwmpxfhdkpmxjudmilwamalmwlbnqrwhvwrnhodmz
gzuysgesiymarxofwpzzhpzpcfovgvopxeiojppmrereyuecssxiraljeubbkzj
qfbaztqduiuneqznizfkmddpaodlfetarksoevjmulaxsbnwlyioricarcrwdtd
ywgwuwxuznxyxcaolpwxyaltlywiwhbrlzoycpdoxzqineksubrbozkcpxlmboa
wwsmjovtapzvnqwxiykgqsibahqjcqdvgddjesttipwhxjnrpygvzwltfqbjhka
bggauggyzkvgojdxwlyjytusidtqrjmpantssybaqbqncriyxwuesywrnzwoviq
rctszgwmrwquhupkjdfrsyindfkgljjgowyjsbpjetrsbrvffulzlqojwyojdjf
tnxqdtulqwoqnubluyhgfzwkdpuorrrixrpmsaxumzewphohgrtnshcdjvabtka
mfkgjvlylwvfnsinmvcmuqewqnyvnaeygamdxaoenwnsusrxqjfcvfyaudstsux
ynmmbfvzryyqlwwjawltbdghpghfeolkebxxmglvojzwevlgqcwbalkyrhrahcc
wicsbggvcymuffdcviyygmbticciikdydlbmgijqsrnrswjjdpgkyktbjjzixwr
prgxtlhiisjxcmzaukxakdkyxfzmueufxrywnqzvzjhjillmgwcomdyxqbiwkch
xzwvkpzwwvpvgwymxnhvjuftgavgjwtulsmxkrcfdtzzfkdmagkplymbttggsof
kgskmzbftqkqllksqypekbuupzgnnosoglyipfbyuvmqvhpqnpvacbvgrzqcrzi
vkjiohsvkjtifjhkqtfpgozncrmbflbjvawyzwbrskyynmazoznsyzlosfrnwrx
difknmzpgenjktyacknrhxhphtjnnzphdpydifpsjazbeakzwbjuhhglpmhbxkm
jtdfulskwihhyekxmyixrcfvoikqdonjfnioayjoihhvymgjqafjfbyfitmeyzb
tbxiyvmannpfrfpyiztqttreosgvomfbllzmlwadybausedorkbieooluglsphr
zyahuszlregpitgmyijawkdcmuczvfwqfnraicoeoxxvtsojgxyxajmaxxgfpoa
twsweihpgccvcibynkoyjuszimbcqksfmxszuqliegwgswfaofpyorwrkzsotqk
rjurxigzjuxzswttbxramkyzzqodfpwrtnttuajypnrlkcjplffwwybezcntzzt
vcbhbretekfyajxrhzmbswhuhdyfmhlbdervqxirtmatxpoxezqzkqpomoliyxa
vsdrncsmvocvxvsedhdzuamoqnenzktatgqutrkhjpbjoqfkjdvujrrrkmqpvbp
hdrklwcyphstkhhxjrbnwhrrfyhtmqhhunenyfaqvdrvigkuulsdxklwotfnseo
zkxrdlulonbojyrlexmzgqesliasyxixmnvcvjtoahqbhxfywifqyzncvehmvkc
vqicrycjtczobnfzlxmsbakglovqghvuywfeaufigabadxkhaddthptknbnqtky
oycyzhwdbepbznlvhauuhptafdkoctazaoeakbqopedsxzevabxmobknskhfmrc
ioqwugggueftkymyczkdppkvnctdvcdzpnnylnhviimgiwkhftfujtaketqzmcz
tvvqytujaryiqpsqewxyifervkxvzqwbqonphkpwbhlqnnrzqhchayamaesflqu
vtxeyfwyaawlucmlhjvrgdiyepzdcrxonwpiqbwwpizepaszsmluxhnhlyvtzjj
xacejkhjeaqphdtwmlaryjsphtanwvpacmgmeehfhaeqrabfctjldqjrivbujya
nhdjqxupwftyqijpfjmpuvrbmdyeqmkgpoemkwmbzyinaalfdzqsfbcateeshhy
dqgsqcvgtpgwqpeojexszjulwullrjwmeewfmqqkwyahwxthbasfdtgtmfuovdz
qwcwoyebiyhfhwmvsrzarmmdfrxtyussgfvhvmspnyifyfropbpecfjmqdsazbu
ykxbxwrneoktvnaildafnpsieaeheblkbatcefgjfrkmvbtivhumrwduhdzlupe
awnajfsznveynvzfewlaaundxwtfiaotazlepbnaiqgumkhqogdvmqcxlrtuqgc
boojqgqnywqswibnwouwtlwtmhmkketrwiewswiejtywxjruyynbwpdiaoogipr
ysqeyscyoqdwqpdhcxirpzqsunkkahbhsinxvvnjyqxehwnqereouvsdeblihnm
gdwhbgspznbeqkdsnwwutwossyvegruhsewqogaeqpdfcnhsaijhgtixocowwar
yhzydglnbxnvwoqkymahwqgdnxpezselvssahunbrjnmlnihgrqshceyzsloheg
oikewazecoqpixzcxktmkgqdschxqfjfkbporjjtfaudzmhyajdlcwwreikokwl
zyenklrhplayvsnmieoqrzkzzuvzeqyevtmhsjmodypxhqjujplcjpmeiehqfus
vcpitngaelojvurujkksuqqkasfhpcekxikalcgvvhiiwefqclqxyqftmgtivyf
gmxxgxlbqzartxhlhfqtiurhyhctwablrezvxrijmnctbnmsmkmkrijadiusqbp
eachwjfynnootumsqevqszwhlwvnapanvnliqfkcicgrlqyjptuevmwwowocptj
cjufwukzmzdsdhasysmdybkdwjxqdikuygtuincikiukcmnjjlmpdssdmbawgyi
jvzexyzxdptlevrnjuejscfdaldasxroysmhnqsehqhcqwrewxhlnjlzrhjdquh
xkvjmyetfidcjcpqplqiptgurzehrljmpzwuifwhlroppgcgbflnnuwnjwnirar
dpcvvkowwdfluwjfdmkpjpuevrdunwrsfowwecrjoqkgrovaewqytzmmyskfyew
mlohlezjvodwlusyakwsmxveyipnubxqmhrpntrfdtruwrnjlbpvinvipzzrbwa
