100 99
wxakvrraskjtrtcltcjyiurnauugolofwlmxkvdvspztsvfoyaaueblztxboncqncbwexnfvnpppuqgucggbhbbjkfwhcvpduan
klitjumgfuvhxyplcjbuwrrdkfmtxbvbvobztlrkslilpfutglcoyrtwrltmybgzvmujjltjvsesinpcsumiuzvhgajgsmpscxq
zhunxpleytjfrdbyldnmubhctfiybbwnkkcaylsxbeprrctukiuhveofhdlddkeikfssnuchtcauwfbbkgtrbbpsjxagjnmhbeb
oysrtotxawdwchhgovsaejxtteewuuvgqlgsoukgijgefzfkdlecfxyieqrmdbxyfmcgfqxzrycehyhtwfgnvlhxvthjrtgcogj
csztakagbtiavekvesesoytikgpmxdyvhzirknfyeqoikuafubkoiadzwdnzzegqeprffouvkvlflrfposcnigekpglkyudjngr
nexykevqfkwpuexrqswylkuqysdhenufvvfwneeosysgbuhshdytxcqotyvzioobmawnjmseykjlsbxfkebbprxsjnkyglxolrj
tenyxkeemznqsafywzkwkseoqdfejsbxnbmvwsqxguihpwguiiwaqqxfnxibyadjnmtefcrefghsahhrbxjlxtpxmralvzcmexm
tetavdpooasyquiqtbdqtkkikdjaxpweumchebxsfrtshyscrxxhlmaaaaihsybrmkotnjbblveaguitlcvdosbsbonnpltqfkl
xmxiazlnxmvwgxfabwcpymetuytwrppcticdozemgfvqphfkuxupiedbqhvzitopadddjkbbntqnbuduckwjrottwhritratdip
gdvnxuostjgerrycxvsumwctlerbnhuozvnqsukrydpuccxhhomnekzbcdxbbcbcoxywrhqojjapbbmzkyufrchnwnmxjaxrhrx
plbfkblususnhmmcvestsjuwunnkkrnwnxlnzhmjopizgigvninrvhvuxockdmuvagxvaysifslxfzrupucskwubfsewyvajoeu
prbankelwwagmgqvzhtmaqvlpbhyyrdqxaweqvfygvzuykgvvxnczzuovvvtsogfhxqfrltpempgbvlsvvkwywelkspbxszaioy
byygnyxnpxnidphevpnalqfgxxngybphykzntwkrwgqekcvepzbyiukmfcxycwsdlyfpicjvdxugrqxyrgfcsveduyfevmkcqng
ljvhjmbjdjflbatpobzjvqgpmxqrpolwpliblviptrczpxowxpgoblbigambuatummmoxdnejdajznornnbmqajwbevayzbhcjv
chqwckokwtkrhflzwsgjgcbflvazpfbpvijowletblesjuukrhtftytwnarfctlltnnrinazvvgapcdjwdaipsaclqmxlbjfcjr
gidnaapprpquhgisgfkwuqypwxuaqcedpebetlubcdtrwydlwnlnngycqqgdluuiowlxvwbfthtspowzmciqiddcwvcbvmipyef
golfiwgqjrkxjqkplfvdjfjrdcdmnfjhotwxacpetlngfhdliiqqtecwdgkanmjbqohlemibajndtkcqibhttjpvvwvwvqpmyek
kxeiitpvwqpobrcqlpjknrqcftdmqyfyowsbwwtzmlnbpolttnbfirwzdxbugdyaxpoxtgkmmcbjlfizeglrzdjqriwcswjdlqt
xqecxmqcknpfnfxuhgikjweskbpxsdogoenuxyxmfrlodcqnfidcfndcibbwqbhleihzvsdydvfeooltdlmvkeatfybnqiptbzc
njrpcizxzvmiozpankbzyakahxufdibymjcubhveeuwyxrnyevmwkvkxjbudphbhoqzkbdbrwqeoehlnccffjowkhhoyvjexqsd
iibazglymdrxnkuqablshxwasarkrefbrlievzqjszxledkfcbptxzdhiuobtkllabzrpdhjsdgzvbwdktrklnpddwflyogndbh
avednhytanlkqpptibwyywxgqyofgxrbfuruurdnkwsixzfezlhnmrobaiplhimlfkqvdwgjxdkpzddjpsflxgajfphqbqwalaq
hfgbpyrhsusjmpkboufnnjdcycfjtcaoglsjaxjlyiciycrojajyvqyyjgypjrazdiiwhozhpbivtdwdotqymcgipelijbkxwjm
abrbmsdmnztlshoseshfkllrzooaxzrzgkdzicmdsiyxuggymsyfguwbkjahrbhcohusmnzkfpxzzqeublhbirdkrlibifqeixx
stxkvregrnyjbtttzacnumumprlgtprjrutsstdxptuzgqwlqbgvmyzcjqqanlmzgqygpnozqihqcmsbmzqsvvxupjjwkzqwpgq
zufkvszcltqmreymwxhlppxfjdqvdvwcpsmrwgjhlczctugndctoebprkghczsiibctthtbidlnromwllkfdehjjcrdayojpdbi
gbisnposgnenhbklxdqueohdtudajudnsulmejxawomgwwywslbrxfgzmbeojpsfpsnvrfnxjhjkiingtxaywhptagkazzihcqe
oqvfkpabxnhlovzcjeinnzfhhqzyhtxbagctbaequmvmfjqjytuovnvmgcvvxxsqzzniolqehsctxdqunxcipqwawldptgxxxzy
lqpewqkeysjmdykxsybczzlaywsfmchsdxnsejuhdsqispoamnmmjionskksckglmkbjckqgaqitfkyeogrbjkenrjmnjzgftyo
dkflnqolvtpsvtimxbeczpnirciyinufmvdvdpoudpnzljemekuioytpxrzkctikcicrqppzypoqndrvimncglaptjyhvchpkhf
umxhjjwovwcwgunjzjxqwknaazdjoynjpameyjpsujqcnsquhffezbiqjtofbfxfxmdihpsfzxmrbrzecvsqayalqwqemslxcry
aiojdvnvdibrcegkflsdyrrlcxzqmgibxlhkoaqutxtbzqgpcjrckdwicqdsuugduicdshngvpfblvbhxelrskqwfpmfanfgjku
twduzfyifrnnisljlroyxvfdgwoxvlfwedcjvfljbmuwdxufqvxrzavqqbmmonqbhdtvysrjmtytjmzvchwnwwyouectnyrlqqh
dvudvwfyozmaifdtybyzyapbwnmauxaloasqityaepvqnauejpdkibnuertvupxvxpfmdhuvtzulydgwvgozaybmjuazqmkewqn
oztqnnhsfzkqgjhuhckcdkyllgzpgxurxsunkholixmgsmvwdzsjzduyczkhuaaljtaibsoatjrdpnlrrtvdnszejfsecdzoatx
gtbnwodwyxulbzvobcxemqfohnkdffssyqwqwzvphidljrhafickxrslebjrqusoymcufpmqglmzpdvvmotfsmguvsyklipuhwr
dswastdwiieqrnkwgfdzeqjnajjltkahtvrnqgamzemklbwemeohfqivwyjtfwmaejwnqwfdednctsbfwkjkdeggbjvodmsfppg
irctfqajoymwexcqhfupzwmpqckoksgaufmrykvapswpukngbhymawmunagqhnzvepcualdjvnbgnxenjofkcwyanuryajkgqpr
voaazmeyyjmajbdnagzpdjmskurhzszoffpppzeiasezttumdszpdsjrifzwnmrcocqlptwhbpygmpvfyfwbgtufaoxwbtjdpzt
sahdwpusqefpbprxjfoagkagischhzdtxnybhfheuwjhhcjxlbpfriaapctewdvmvamtksnbjsedtamnjogzigcyuwaeuprkpyg
qnnstaqeadsmlwjhaqaewstkheuuwvjiebolhbvkkquzcstzzjvvwdkycndhlzaxcxnumtmxjgicgtdzazmharbixbtxyctoffk
fesjnbupqnnglqwrhesiprcthuajpypaaqsoafplxpxqggqbtleivhcxgxvmqgkkqqlwwgakavsfbparjfhyxryrgemmbxktjny
kxttdoprvejzyupjooncjqhgzkpviodkuboqjroezctlbcbmrbxsuujvhmfbpoabuzqanfgymbfhrmplnybyuxombkrfmbqeqti
zzuwlwmrnplbgctvzolyycsbrqdrvurbojyejnvrhgiygrrkvslrmynglgnfzloqaxzgxkxvxtcumymjfamfxnfppffladprefs
ozoktwdfcigadjbxqjbpvfjwojeymismmmnhznyechrjcyggnhpuuxmqykacyjvydtrkllryeizbzvstfftgotzlcypwnxijgbo
bxwnhdqmbgxsxypslnakwbgixermakbnvvruaaqspmmhjxcrkgabgslofphspqmjuzfzgluancoguowbdgefifjewdxejwwzror
zbiltbiuagmmvidezlyuzifgdnjtlrxisgpbagcptnfxgraujiktfokrzemwhydrwjmcovityatnuielczhozggheurpuytmmku
bpywprmbjcedqrpalomourybcqelmwnwxfvzhlwaknebioifijsmxikfoihpkymslcypeuwylzygbdinhebjixvdsxttzhwhygb
ouodciuecmocjiuwaikuinumotsnkcezrqubmdtawlrtklyyhczmofwwrhsohtzhbveqbvggvhbyyotsojkjmjyzkjbjsoeiwhy
yjxasbbprvkiiugdrbpmvzdarciekraacrlhwwvzsxhapnimzvinffjbwqktupwwmnvhlqnghgxnhinnusrkqeizavftskfnojz
hilplknzbowwhmdvesrdkxjoufadslbwepczmbgfgzcpppzgbgebcyxsgntmhdobihorfzfjpgmycbfmgrvwsgwthhzqhnulsys
bslyqchlmncrsxyvxvhmiqqtvthvpjcqveffrnyfkpkmngvpcgesvfqlwpygdmrlyvyqtzasujahjnwdjutdzgmdefftrkxlwzi
pwjjnxsnsjpazvqurdmstkyyevbgjicxrktyltxsngvoqmxhyamrjymtarmhxzpoutupppcwmgdyrcahybyzqzarhvgvrsauxgu
xbykdnfktftjliryiifodsblanazdsckkthojndgbqwpxzdzzyazhffzkgjfbrlapnewrbqqfbpyrswpgzqampflqddnrrmsvzc
jdhizxovvtqxpkfdvhiptpxwkedswqsifdmumalcrlwyjelfpbgaaaynzyvynamvqdtnvldaogyawhctjvbcpbzadnzcuymfyyr
ccayneopfqvjwhhhfpfwjxcgyxpskjzmssacszufbfikqugxtxobndouoqspgeekqcpyoaoaspyvuksisttnfdcyyvzktzhjocm
fizzjdnnmepipmdkzjgpadpdxbcsofmddutvhchkwofyipyupiszbdqeqfnytuqhnyizmfnmpgemqlwsdegqygpmemftiayzsay
pfowajbhytoonapzaajbdcyuvhfbxxmgyhqxdphncunohozaopqlgqbhhkcstacqvjytksrmwglljwxlgzifpucjazacawudoam
vgzvxexsygywoifvuzqswguxftwyypkorlytabqoybzizhxsjvaxglsgijpygybahiwuqantenknzypgjzhcaxbrwrdopoaavxx
ditdufcttvcqxlldnbgsoloiccygalinhcqnpchlevixejgsdznhrturdkvjzcjnislwcvooszhnunawsroflidgqnkxvgowdyx
swotajnjfvtjwfgmxvkcajokpspfgwhzenfbmqknisqrgljyeeaefsujtestkqdaekpegdcstbjwbbdhinjrbbaiuayrdryxxaw
cinhorlodlkulzixdztkdxaldgkapdbsbylegsilbimkedwliwvlerukmwfektfdjmhnjegragfpofiwkugrhwtmhbmwbwgnvhd
jsvpqvmgbraxqfsimxzbbqqvmtbsgbfuibuydrqgqixvpgcfaprobeutcfaubehigbfkjgqjdgxhkrpebduitlcwlhlbodjgazh
stwvvuupbxbuehfvowdtwiezfaazlaswvsjfgnssuutcxadidiybjufggxsnmnyydpybqitjbkxvawobtlxcnerlhurvcqjtwjs
jtphrknegzctwbzxnxsxhlarkkdkznqpkmkipykistxodutiisyrzezgtjxfcjusmkswwzfpdyscvqijhpltppkxjsymsbyklci
uqwlughleygdnimksnxhxnyhurgubbubbyjsdpztgvrutdlddfqgwdvlyqjhvlljaxpyjznrggyvfyfytajtwuhtnhphdjtssln
bmbwvlhtitglqggfdkzvsalibhseshrdfkcbhejvxzdoeiftbndmwzvjzozmixkptjioarfqkhedjnmhcggrqmsrjjfxigsatfg
rtmaennedrfbibetguplhljckxcvzgkzkjndoxwyxfcdmtkhozuljjctqhvrskigqqtqllnpzadkzpefvpcsoepnrvkxpudufpt
szilmnrczbxdargssfpfbjzaxoepdracqeaqyejoxdlsuluiviijqspqzqfsfdwcahjwkverrahtzqhrrskvecvzrpdbtaolitn
osmbjvsqhkdmaaulkvlvizvcscmsndujcffbsatblutceybnhioihyhtpkodpghwkklpjxuknlfxokkwqvpvomprkalcyeuobcc
fqtfxwremawuetangpelwyjiycfhwdiatgfctamsbgaqstsdnofohbdovhhcgvbjglcamzpnkkbtfhvtxjigbqlyaxsxahxojhq
uiwsxqefyaqkqqlpuvklpflvghebhmrfpudodijfnfozgfzvzizqhsgrflbmoaequzqiwrggcjzdymstdzxormibpvafsdjuejd
slsizmsgchaytcanwhysszetovgtsgmpajcldkzsyiluacllinycyulgukrglaessnnokavfaigsihhssaycgtlhkcpcbpdroqd
zkndrtoyvuzrulgoofbmsjgumjnjxjzdengquzozzhlsexpqnknlyeevtllmhavwwroymffqmfvpulyddgyqyaqbkqogntbxegl
hnqokgfcogrytksnjcdsrwgmulvlgfgtvddjjcbpdgeoswidaazpwkufjbmzelnjmpjunmhfoytlscsqonyjpwlxawcenrjxvfx
rdyepsshjzagbmxbkmrygsemzqueczowshqugjuagvazcmggjmhxwoxxvotegtqopvogsygtsvubbehjlvujzdvoxwfazjtaekd
fjrpoigjbggwacgmncepnowfheuodhifhemvbpjmhfpfmysgalcwyckppxwfcuntccybqrbaykzjxsxcynbksuuxdexxjoydxog
kifzudzyxsoqizamnolyxhebeubmoirxbdkagvebmvrieffsfzwzhtxmtwgbdouykuqpilvhlvijpukzewulzkvdduqeefvatog
wslbwznxzlgmjpqwyxqrooeifjoupnixvyzcfkgynhjlayimegqzxmnrfnerjxdxxtqnpxgttiteanrilpjbeqsxurnzuixiryy
zopfzgyrgwoiveghmftgfuzbzrnwwhtpprlhpsyqzlgirztsqdympzjbgvkqsxwlwcbabtikkpphbgqlbzbxevcylaqynmpojxo
svlxwarhwljkoniygjojdsxrqbbaldogtjmtopcsacyacbqrubzhweevxshwfmhixplffldutmrdqsqiciqewenopcjartbabjo
twhpfuszyzpvgsuizkirruphokqpdvjbmacsdptyctmbjwwkdknzzkfyeousgbpxehalueedmuyxkvtqjunqoxnsqgwncrklhtk
jmtonrwnliccfyjcbobrhsqdgrycoagcmriszjbcdvbubnusxvvdbvgvcrhaqdtvqtnssbolmfqiisqyibuopnfzutzcfeuwugq
uznshxxxntzkgclcuvrfutllvbyxpmldtgzgamujjbsyrnjueuxrtnqngbgmepgkajcjedscvsczdzaasaaebuyrstabuufcwab
bczkwubtqogswerdorisukmugxixgyrtxybylzvcsbyqmvhcdbfklqnxhcbcnjyqnggvucovvfyvbhmuhfsadlgnkcvvypacayd
enfxseamrkilcsgucajuzhdcgdexgyqinxswvzyhnycvtdeyroihpipzejlnvcmnsqjeeejrfpjkibmnsclytwcarzcnbydfuee
ucywajlatzdvrdmvgwjbtswcqxpzmqzmulkeupekldyakjpxvmrnhaxgphtdbqocqzzzbigrxtycncwalzrqlgyykaendkuceyj
dowtyojocgybbcsephjfqiyyeteiyctzjkuztgccezknjzbtnsludymzyjehcxawrngtvndxwyskrnxosfxutmvxvgoiqvsvihy
azthisnfeudxqvgmluqqsrfyzeiafblrjnqryvpqivbtwozzpohlozafmkbavgdrmevtedvykljpifftkkbqeltreqrykwizdct
dbldalumwolfwdpiqsxuymrhwwakrcdvnxaivnjunxazzgbnwdckgnhktgfpanavnztzhbrxrrfrbrrgmemjehrmsvvkxwpqxfp
rgenwovxntefompqmcsjonqncqisbyrmwbqldfnfoebukqoxjpidzoqzxptvdvqijmsvzrdjioqpwhabtxzogbycmnjxmmrmumq
wmakpqyzwdqvgagcniepoctkgmzwluuryuslvwysoepmcltidryafuzyhaxgglbzlsosiwurhpiibxvgkaklgqizkmwingpgqlt
brjwyhwofqpdhnsjnfhfbynobcckbjpbxqathdnalumvhhzhethzggbrysowlhzjjgezbgvjospjmzfgadewbynefgahticrmeo
ctjvmbikfdplhmfhwqgzsjczdozokacilblrayjbvqknmikxbvwbqrgirggcvwmnspitspfraybjypsbhctrthkjwbvydscvijr
rowcszopqnhkxunjibupvfpafwccjpvkalotdwlyuioudlxfqkjedwdczxiqdzarbznclbdttfhyvupngmwfqtrftjptegmtpzz
ryprnsztbtjdsdubjuzkaazicgnceivhysfklgawfgcdjjvffmtgbbusruqedyetwnsvyvzswpugwnbfjsjqkdlbmbvopaposmu
zllzglpnqdboxlzkziiegmbfqueakmesoycvijzuufivoatdydeztgzqroypsmiywhcjmaobbebjdcyerdflnjfybtubxuyisgi
qbscvjreynbwgkagcknihctlxtqxntqfkzhzagzqwfrdmdhozmwbqmqsbayejepktscfhttisrmvwosnlqxvlbsmcqeeujbtngp
soplpiaemiowdtmdwhthibqdghcclhdlwiklzihywolrjxndcnhtrnyrwyjywdclgbawvqwtgrsjzsnxdmikhuzdbtfskgjeocg
cormawjvaloweiavydhyywxkepnqsndtjugbmejpikaymglkmiokgpchrnadajhvbagazfanodkvfjzyktqnzkdbmpnnrkzbyxw
