100 100
uspxqyrlxhsvmuldgxfefsgmhgiohxspuqpxsmzoyudgapzzapfeyfrvivzgmljnwqyuipghzpakhbhlgdvkytoxtwufzsvswmgo
geanmibnctoxlmmujhetjifoqevclyobdghvlhebyhmubqewsltxorguqzttpkvzgogxifhuugevtbgxozozrzubpqdstxdjiazz
rytgidrtkttdtiypgwatvdxrchzdsisfmavgqnqmzsszbtuoumctsdmihqyvvbenwmhseyesexzcqlnyasiescaquljqezbqayjc
pjtdwsprchknfbfuntiursielpztsbteuykkenxihuuvkoyoytqwchafjuwirnjityoeyrpvlmsqtyyihfvfmzewfuwkhvqgoklv
muxnxbpwiqeusakndtdovyvhhhyguqflizyosgpxiyuykprgyykvyentwxoapjbchwlvrqozgnorubvazdxyofcaopeexbcywbam
xvvluoyrmqkopespcpqqgdjjlwigxauzfacldurgqsqzjoddhrncfrsiezmfzhcvcaxnsdxkkxwrxjpwgwkeulkkqatdlodgwmrn
zbiccieofezsbbgyvoltxhpcsfvvwgvabmpxpzygritojtgucrgcuzhnapzzynsmwdomflvryhvmdxufvyjfogqzyflflfmlbwlj
ahxxgtejqthwrpdjoeidcllwuelttrtnvhkvbajskrrdtaozfdtktjfjgtpyqxklshvnlafhusydkkjjedwavkboaqdegetupblq
tmgbjbyrdurtdztvnovldfzdymyjsjyrmemvhvnuxhnekgyudnntdpkdgnsahmzjmyufvwfucxoflbrmytxtqhquzvlbaznuqemj
akluexlxjwnyphuvvxjbtpzqayntnrdkfhsqvrkokdzjbskcygwuutvgzgvinajjbvdowhwaglcublnzqayiljyhtbvzhndouepi
uavaubtembawacssowrnjypkcuvhtnvbvmjegvnkccnlprrdrotirqehbvmoeygwpbaiaplovwjsicvhbcxodocruzurbaksahcg
ailsewmkdbzxiyewckylwqhjzhsdncmzfyzbahdyfgbddgxyxmktsjrzpmhgvahpwigdntbxvrzatxmgacfmhhcyvhxvgxlxjqpd
phvvqlwkvissgoebyfqptphesfveuokyngsyxshapqbiwmeqeynqkeommorckugwkbnlqfybwvbjisoeftgvfdtrzcngwrifmxmi
xlnuodzcbgcbutpyfdmffnkordpqjelmgvhyejivprgtmapxmtwbkhpcbxrdldjhgyqrxlxdojzmilzrokdvblmzaovoxejjfdvv
piaycqcadtvozlomaopkequitxigegcappyhdtdhpvbujpkezlazrjvtvzvywshvfczmyyugygxqbxuwxnfccwykgrlwikzfqwet
fevmcitrujiewtaqzhgzmapuwdyxjxkkoocwjtfekqahaepaopvbewumscavlfsjxazcpnxuzjftjedynfmhxrstirgsdwtdbfqr
rowpmdrcevaatkxjojynhrjtimypzjvjwooqbbjyzanjofejzwrpvpzfivynokcucoeuznpphtldfelqzunldvftbhponhvdhnfi
ezqczzevetkwitvqmaspilenrxwvmhdbqsmkytbhjibncuzbxxwwxprfojdwpenwofniixorectomrncjnfqvkwxlsxujoxrsblx
ourfotzrtzjqzbaenrtrhkgrgjtuoxewqtzjondtnisbbkzzhaamvoixbxdhfrdrjdrpulzetuwtassymqqwjowdjschgwmswmuh
ndiupwqhyekuctqccuvljwqwhwxptridnjbyorifetmbguiqpgnxiixwephexemzmqraoxjioycmkihfaqetqtbfconrjgusvgmg
jwkkmuqgjjewovogftugkninzumhuoxwarvcrhfrkouwiniaxlhdlmnkrlirgwrawzzhuaccsrrbknacketicnexwdfqqipwixsy
rbcloetoxmmipimbrdzsqtkvvgtjxbtxrqlxdscaiwtcyzrsbmxawchzeeyubqdmjttmxargjyctkephxpivfsijxxpwyhbhhgda
ozxrcsgzzqxdbdokyjcqyrriytxymvchchedodxuohbtznsiwewyriwzjregokkzkryuxaidhhawghyslcjxsilbyaobicnfgabw
xojixpzlewnlumobcnuizggojytcbcwabboucxqlybxaypexfdromejqoxebzncuuzcyhxfmpfndgpnqjwrenigbmbuinhszyrrx
emcelgkcjkrruztsgpiirlifhgehxhqkthigvqpqjfzfrvyrdaafxrkpdsstelyxugxleklofzmolauqqkprtzenlebemmdkxukj
rhaejyypzxsmswloqkognnqusbmrhhftzqmspyhvspnstsnfkjsaqdtwdtzzkqpolnijjbnvzpafhryeuwsjqhdbylqomlftnajs
zlczqcoxaqigfkywrdsphmdjvpszkxzdmgxuwselyfisevxvucfhoywdvvvllwianrccdzufmpwpcfkiwrymqiajnjtxpwbbdksp
fmvdanafmqoyyeqqlfwasahyccvpeyyhfvlphrledrwbathntfqvniuaffzkajekepqzutkclrdaompkemnhaarttxhneawhooto
sadarturzkyyonhhtylqabdnkmtebvlfsezhdfnworppwkjfzqlwqzwyznyllzhdwmfhuysbvekvdszrxscrpytxcsdnsomlgmnx
mxrliccowlqkjkxlwxlzsqzjscjhrhwhizpjhytwllzaibcahrrwuastdikmkhmoymbujxkzyfqiqxuxtobrpxkpzwbkyarrgntp
lqexdmxxglcpjevtwjvajqatybledueciqqjxtpzhqirmlvpwtsvnkjbjxmrqahuikixwjgueixotxjlyrcfxbuomafcsxbxmcuc
kztminwqqzaqbhfhdqagualisqgngdaqkjiyovjwmfwtnqvoogewogyzannogkeveusbxxaqpqvllvrdwdbetgvtftzarrcoqnpt
ikzoildubnnzptzxdcesmiqvkmvgpczxrjmdohmkvbvcnwyjsdfttjsjwslgvveuokbqdsyuqjbmgijepukwifhusexfxfadtngd
oschlzkhkvelqahymhqrgyujliodnmjjklgozmlmbedtcgkcaekiahuvekzhzspptgincpzgzywbbrmxapfjgilwemynwcmsxfuc
kfmvcnocdajvkgjfjkhglgpvlbumrhmnvkopliqjjupfawfyidnqxszntdqduqhkifnujixdbcbjukyszyupqfpccflbceuwemmf
gwwziikiojcpjrhvulwtasktihfxlfwyqveeagisxwthkixjiezeoglvnhvmhgywfjjepcjgaevaitjqiufqhdcnukuqkeoxnsnx
mjjltvmhnlqjvwfsqwnssymyzdykmfloehryrvxcsdbijmjmocpuvajsmqxrhbtbkrpcjirexsudodggzqlgnwvrmlokiuupobfu
urgchtheoyhmkthalzhvpdwtzrcmcuxroywvnufacqyibxbybcdybkyjuulqzmqerdompoyxbklwkpuphxefhywwhmgggolenwqd
xokptohitmmbzytyhzjckoobrpxoufytcginfuglzlvgepohvuvgsvvsmihdyithwkypniqmuqxnsfqrwsrosxjsxluerilkoomu
fsniosrhnoxbvttpajnpsxgnrggopxemjvxajlavckaahkjyyygmhzfvaithniqfxwvjuhvqvtlwubixmdmplcwhdwvhxkuebbrj
azlbxcitzmfcaoihxrdytpwrcndqrbejuhgkmpjnbqhmnwwdasidmxjeldrqvlrxvwljttyczliebiicjdpgtktklvfilobwqzdc
rgxhgkliltrxvtwjfldxivdirqpxmjyukpdkohubzyeigrfnycysmirtyhbfnnpgignsqkotsuwszruoccguidnlirspanjqfial
dxzexlscnkmywwbgnrpwbzosvyoabfrbsoizskxibypqayvhmkvjyolkxmqadfwzsnsgtdifcpxgxwpdoqmkdgchqscqjfienvxn
pbumnpmlavnqhmaddiuajuvhunclvqaqjwubsidenzatblqghhezqrdpxnjbhshudzmwachksdrxmloodgpckxsxyhiwwjnvdukx
hcfqxygprkhbjhoxfnpsnlcmgwcbgpzkabjsfayhdpsisglhlvbyrurlkfrclocdgzketayqgrknxntaoodyfullvphpatkebrec
wnzvnchwlvsuosxbjclwhwdftqjlsbkrhpggtflbftqnjgwletfhntdkvlbbxodrusebnexquolliejubdwqnybbhqqtyuozemwm
lxmdjkfypuuzixvfazxnftdfnuodmltocbitdqyammsyzucpnsvrlwhexmcmpeqvaujnjwqcyvhvaffmzchylgzuopnjevkslwbj
mupavvhcgeeiutxlzvbkcyarkthksbeshlzrpwnwbqhyeejwpczffdecdvusajazpgvojrqgipcorikrfrharddacfdkdgzefnrh
dgkvkxvmqwrcmkpdafhprrfotpaxxgozzouwpotvxsxisqrvkebyamivzssihszgchjpmjuenhegzupbwgsrzzfaaagkfkfachwu
tmfukubabyofvyvjfbsbkruihjsuwlltiiyohhfrpyplmoirkfvqckinhvgjqrcthzyhfoxmpjljanjttlnxglsmoyvpvhdjurbf
sxatefyqmazqphfoniacjsfhbsetiqpiowastavzpucldcxgnqttmzmkjvcpyqvouordytocltipqodvflznfmntambkeululqfh
jdrxgcmlbshbfonuxyqnifzydhqbvithdlfigllpucexepnxmkgwccnpbbrrwsmozutjwptrskjndlagqlkhqsspqhmbttnaajps
wizeojwxggmiuvbrcoyfkbjiymmzekvrqnogocgxuydvoakhnpoenztymvxsqukizigmeomiwoludkbyslxibxnqizbsplzfqshv
kfpnpaevlbuvhysldifmqmgyxkvnfptoxvmqwjtynbkxiorvqtqsvdidpzxmberuspgsqajlpkvqwmfzhlehbkiknwpckcoejzfn
swcozohujtuembxwkemcfceextepjqcbdvhaiftejtmdiwcnbzdwvgwizwbjdypmmqbtypjkzftprqfmcvzpmgsycytkcxevhwur
bcovhpwcmoiksilcawczteukalxqyswpsuuixykzbgzqpqceuzwyjxtgvlikfkftwlftrlebdlexyujllwydbibvtviaegrxzenr
hcnolrfcdqlyugspspqrhgxbxrwugtmgzczrqyetringvhopqvdjlxuwrtxbihucnxpbwvhsmbgfxpablxruogthyuebxiswbnmk
nbxsiwhfvhxqdrscrxeoqhdhxiaocomgsxqkpyxaugxxnraosfwuetcwjrfpuiiyjtcrdtlzefzqsmdgvfzkpiohbkhloepccnpt
nqifvsdicukvsonmvenopynqssgsykxbxawhzlylrznffwvsxwsnhlkqlrfbbmhfxmmeicxpksysvrxgpkoriddrasqdvwlddvxc
vzmheolymrlsobbwxeeburwkolsxqrxsfgawsjplmpcgbxnemqgeimwjmgzythmkimpfgqsmriamsvcgjdwzsfescctcknjbknvu
wuwowwlwpctbxswryzgzerxvkdahkdcbnrjpdiexdergjcayxlluilzpizgjckxicbzhdrqxpmocedxdocxwnduraskkrrshxiwa
tvwcdlvqtahqeatiutcvkcsnmidpvjijepdqtlbxhjrpsskzlhxjexbowxdbawdhnpassezgwqpbojxrkfqljxnjoapiqchiedfb
bdcaayohwcplfftjguwrnvcqwgiohhrzeiixxlchoipvmexefjffzdlwiqhlkwfazhxhzrimyavpevwruogeuydgvuprmscrcikq
txmvlknmiebtjztzyaunjhlitvrnraqutfrhlphaiohguqwdointgsbmepulbolqeyzcrcflcpakiyhmzankuvlvksxqckemhmgt
ydqkpkdebxqqazxmjercgvqavdzgdediehgleyadfsxfnjvmrwpgowhdasnjufsscbczydemifzmukzltinctyxrxvsxsjmmclfr
qxcdfjsxiljjeieqkpnbbyrlqotfvhiynavpyzbgrupeybfxobuhcyphqqlyrjxknggbnqtupwlpkhphhdfpywucdhrlparrqwhv
cvzfrzrsvpnaoynsgdtileafqsoixlrxajphreizuqkidhnxchbiqrhurfbjaoyjfnzgjawsixvtrapjyvrqcptthssuyskgbxbk
gxvdadgsmytawsnjzuxatylylfrjexcixbgjpgitcztazfmxgkmrzdnvxtiuzfhgzppkpnqyctplevjpyeabwwtceacyhnyysyxc
mhkghrqloyepxywqqrrsczxjfkwedzyxkgttyzfuaoabpdbwpkajjblpdgoqvpnlpzitzitgtrwfmlvfqxxdycqalqucxwdqqbbk
szqllkfbbtbbxunvrekbqincuvvwxilgaopjuaamjcduvhfcfkbzdiukmydnznazfkqvpnxoshhpniztqnsbkmidkxtgfoyzokrr
rnffqortfvuwaeyyphvfqwnxbxtslybtugkizbtogrycocnirmciaxvnlpekjpjvgvnjtiyuodcajinrwbppxugewhqmvfmwzkei
szjvylizitfzwexdzkxangethofkyhfhfnwjruxgeelxfczwumclkwawlzadwtapaxdrjixxecvavfqubkanyhpmzbkgnzxxtmpo
dhrzpxlmqoxwyppbanbposfjevhtegjdwrbzlyaptbkbdsqrklfhampfvuyqthlsmypbfucfurbkhpiortfpqpoqbuxffekiianv
hlisklgxhpjhxqatpwrlohhileebkfuochlgfdfxqsvqzfmvzbvbtfshptmckmirwtvxcfufkvtbzkbkujuxijjzktqleruwxuof
jtbencflfdcfbqvjomsfzzyxujtvnmirrybilcfdhymcivpyiysbrfrlbqwcylhsmixalwposxnlxtsgfzorfdxwjhnvfxwyqigc
rzgrppqcdbjgwwgaywkbysfsziioczfimjvfalypncbpbijybsbpfwqpbpyhybuctbycauiclbrmbbqbqgsfdfyxlqcwlriegfkc
tkycqtyypaelwuowppqfcisnjkpienjamzhbjgsbwmmxgenifybmfzoyjleoydrcunkgmnvkkucumwzjgquzgmbrujqamhlivslh
eahncylpxngncfxffgrlrzlsonswjnpwaimxhgmmqldsqgnypbrpxpkikbmlxavbhfujlidqyopxkdtpfvkjedvyhgxxxrfghfpu
dkdhxkzyjticjiumypaygrwhkwcmiygzdvgskzuthacaxyjyegovyetdidnwcqiiotqlimndeckelojujepvvzqqhpfluoaagitr
sdsjjnoqpcfbzotvzmypmwzoqpwfchxrlpvwpaytpjnmzvrokfrzwmsoaowmpwwdateccqsreevvjeyarbmxlfihkzodxycgzjvs
htukavimcqfbfsfyfcygqpnbpnzpwguccvdgztsosubytharzsxlezjffagnarpiisbonnwszroguixjstvzahjohmlefwatjwui
wuohxmmzrexluvoatcswzkdvlqqwsszaermdfivjlwgdpqqxkxfgxyelfbexydjxmmpcqaubecimnjegyfdygghlgbnyzwvugavg
cvunhmtnqkjvttcdkryukydfiseaoopebixppyhpiyzwecjurambvypkrjwbtlgbkwpzrktdafqpbpqttctnfolkdhbmokluwvpo
pddyfgiicabvfortrzhlglcmzxwnnfwvnbukgwvdetpectzjstwdbrmlrnwupbclqkfcbbrjlldhszucnzfjglznlssexargvswg
yfknipvdlvddcpjlohahnryxwbinblgwobievgeqisyhtxbnbpdcaaxwnyovxrewswhlmnlrrccorzpjjqjsjnapdabzhfqgrwzp
hpchxxcesigzykqxjudycoyqfjhsjwzspyyxgcfilcqqrtewvdandaxggzclijqbfsuqdkaagglunsyzlforrvcwxejnatoshxbg
uflyimxkhosdbszailaheovklwtmxpfiopdwvigxyhgbosxqopxyemczifcxjtnsvdevlvfglszvymbwkbbzrhfanantktfzxeat
xivyghljuivfomyvimrsrxnjwrxzjvuhuqsejfcvwdtmoveskiqjkdcjxqxevwxomdjeirhezrvumgquvkvjtkmcrklgfhzeznyo
cdnejbdhilccqrrpdxxqttaewjyhwszifqxqbaixlfunqjqaieokslmogsqxywspevafiuubfnrpnopbvbbhgngecuwmztlmbezh
alhsnybrgnmgazzievvffyugyvbdakwiyczjkhfhjtnsodvcaikhqaewdbiqqisosfhfudgteheqbyyngvssuxveytkexdexecam
vysjmjstbbstawadodbcpyyspjfluucpgxmidouqhdwqjldohitnzgyuxputjzrabupczwuemjqmhmqvebobwklajteafoqfszwl
yroittvqcpojmvfenhkbmkfsqcvugwpgoemokbsganidqufdzxkzhkyibuifqlnbjmbqvmjdrkyqejbiaelhkujqehuqmgsujxet
lryyzpdgpmbxsrwkinovfadbzhpgewcnztssukibwrcetcekusezdjcqmgyqscgbrzkvevfqrunidiqcioshcvltvjbphrapfxjp
zmxlpntrgmsnfrwsdxxlnpkhfiazwtxzfrxarptxduljwdsxnapquyffeqfgdvgslqhtpgukwykpqeywdhnbyakrxcmgfmgugvvf
tededumdyrqelxyaakwwidfinivtubahxsumitfmnehlsveiafehijfzifgyzixllakmarllmxwrxsghunoxvaccnkvmjirpzwkl
znnclaqrlmtjqkyocdityuazlachypokcmlzgmvprydgcbohiklrxcxjwdlmcoexockhlmqhwxqqocuwioxwumynzdvsfvumkdor
pkupdqiqvqihhmusdzwmhnwnbtomhlvzyvvxisioqcafbkrwsytospgtpbrlggncdamcnlhqycqnpbrzgwcnwevxbjlzwaynhupp
qdwotxyyilrbeuggpbxvxunlhqefyhxikwejdjcpifqvthmzdcfeltrayrbjpndlwdmiysfxfjnbwdddblvrtewkhzufqiephyer
yjndywubzcvivqrqkvzlucdcnvihjftbheipxhihmcnxdghrcnwvdcabxjmrkdcwnmtmofurokrlbxwenujkctornxijouiroxwt
muclcwvkevcmuiihfqqcrjzyxgoqhfpdjvwyckusbfhpergqdiypdguammbetyfalxjmtwbkugytfyybrtkjqgnqrunrtpzbbkhz
