100 100
cofnvxtnkmziywaydvycezxvcmqljyorrkqqziuzdaxrhchvuxwndmhwwgkpechqlqqoxbglvojfliwhplxlhpacdhrrajnsyppr
mmyeeihljxrzayunquhrwnjgybfudzmvivasrqhdoznkxjgulfznuytbokdzzzqdkpupdvrzewhpcbgddpxwhzapuzafcxgpzpui
wuhtciccsyjxxmnpwrclfgmdfyfjqwtxunpabugmwgtlsqgtjqtzkfbqrejswidbxkmbvuawwmzhopzemmxjgbjbwxvovvbkcitj
tofmqbufyyeeitdwizwbdqjlhddpryltvtacvhsnlqpquqgabhrzrzgpuuitlmbmtoumwuggtituwlpftlnzafurpsfwonbdouuh
dosurffomewjjreqpdlyofcidimyafbnihfqwesyyabrmbnhrehgdmmqxbdwtujbiwigwstwgbzkpixpgucikyraeiexgrvcexkt
pqkiffgkwqyzsoccgtcyavjypxlayneauozhxyvzhpnqvunyfnbjwmvkxixrhmjuiiyybrstnqcsajhugjttxqigaarbmbshplzu
ygeexmoibqjmjgwpytjarrstfoqdgyvghpvlsptgqosrylwdcaatrtjewbibglelqjusqzngptfxiyjbxripqxuehvorluofnepl
zaihxmwhwikpnrhnubibostnwyuvoourokvjjhtqvltxddfictquwkscsipcphplsciosrlzhznayqkjbyvtecbrdwsdsabnnumc
tvkkmywtqkikyidgxfafpjvyztqmkifbeduktkqnkjhwlcokrbghvrvkpoqhswxenvmdvibencpvqielrzujotlvhsvomuwjlevn
sbmzoxavwwacysuzhfxtndxdupzwjanixxvryautztnsspvnsislvjhowboiufbeeohnhfxwqjwmgaiidbhvhtxzrpzhyiaspiue
rsizzvrtoimefkuworylvmymdtzbfaehdnnlsxizovsspbyfybppxgshgornnvtuosdbjlhjjroaqbmjiuuvmujaespkletpsakq
vxxluextqhkgejprmxqathhrxhxgbfsdwebcwsocgvhvgmkhksxtdxrxbkjlcwzxapcfjybotfarszltlzjbjpgkvqmbmubvazrw
qpanuojlaeljlumijpjjqhciojtfkoxgocoaaydagthiduxzfxeesrdcpfvsgvjxzelzfdujtbncuykshjqyxnholhotikczhsmq
zgnqertndirsnwfbbajrvgjajxjvaoxpmwiwynmbxoitpleovqyjweuxbrwypensxauhbibpkgmwhjftxqvwpjwzrjwpjwjsbuew
kswawdpkjemfcmwwldjtapfaafirvinqaomqtiewphhaqmwyuwftlqzqdzzggwprjzgdszdslqcfzkqprwgbmsmfdqnemvxwctab
xzfwtjaygemvilezzpjfinpktdcqnbekzgbwizcecuatqdvhrnmrvsroybpgyppcmockfuwetwjxgdjslbwbdndfdrejouaxexfp
qjorqcptqunmofdfbdbdwlmypowldldrlgjmejeineryiebassadcgdsuynfcfygmgnbphnqmzokwyccyumzuwhabzcgybrnpknu
uavelhhnigpayjegpmjemgxboresrtvhaateigtsawuttmgrtilvpbfbtsdbffmxryqcbftwngwqpzrdbuovmndfjkmprcpsrfce
gynykowmhqeefwgyxaxmntwzlizndfrjzvvmymwagwrffdxqgnnvwyyggsyiimaeoxveskluewpwzyzesyxniroxuwnxwdnsnsek
mxergtgumxpblythajeqoqchxskzkombclpvdaoamsvfmusuerrhnlyajgtienabnxrtnndrtgcsajizsieqhvyleqynkydcznif
kijgrgcdclsuenkrlczfblmmteqkpzucdpcxxydxrxsblckvnuwwmhrirbdhwewmdrsrhgjdxbfwwragfobvgswlarxpbgxtcghp
psrgsqkwucwmzxniqbnklfwwquiiqmhzxmeiddzuqdmwgszohunqdusbbymyefaxhfowvfefczwwyjlxpjfavtbacivjjazapmwx
agchsawrnlxbsacvpulkxshauxrsgpmzqqeiiwqawiujzuokixioymazgyfuojdlqetkmoaiopuhvzzkvouzcpgbtcoxcvwbyaol
lnrcffxfypfozisvfaktodtdbkeejzgqsesjyryolostmdykapxyqygzfgffbapcdfaoshngfzxlfwhmmwuqbtenldzzwgidsbes
toetegphvhwueoonxfhlueintvuvnautgalkyvcnydvxtiwxonvutyewvpleccmqwvetyafelrwkrugwnieqncjzwflcxjkxyfjj
dribagahhwkuziufsbpjlypgthqlazkzyketngiqgmwesvdilcewfsvhdzmgjmtlifkzkfehyltnzvfhouklkzdvcgxzooqmdpej
sltnvfrpehpokhniqbsuywopbarumqwmlfpfcmvfltbmdlhqxghecpfjzajreerxympqkthpcrityvirxuhlkauyvqwsrfnxfckh
uwtngcqboebrpbsacdbngkwhzcevjkhhntrogouvnodmtcwisgnfiuzvfiqjhqujzqdaidqblxxyxbxzmyllltceyockcmugqrxh
qrcfdvusqgvumwklvqsekjhnzqalocgvlulwocixzsskcarahbqctstwyzvpgvtcivgqslfggfosqtxkqhbxuicxposnfigwbluj
jekilfqzyzzxcbwskaigjjpcmozacetzyeekveuidsjacjxpmcpdjmffwxmzkkfpmgesgnhknxovvbkzqvadmbtpbqbcqvibhvxg
gsfsldndsidkymgokaicfkuekrxcqvnbwhtrlqohgzttrijugocdhljvktuhukcsdidqdoqudyebmbijywcjofsoahphopabdhjq
giallhgonewuwygybpvvlleczghswsikbkgjfmblxbzgmkytgzmplwbynrrrsedbwynzkpdsrywrtboutsbadqicwraecdjbzrjl
hkjsiycqljuyicizxtfdfitazyikuapcpbtgknwtnuumiovpfxpfdqaiwdwektvayhamonbyprcvzmifvnnyoeixsufqwhinsyvs
lqucsotaocfhvaignazgmskggfdztycohqpamhbelzmvdqqvrxbviuhuhocdasstzxbizfpygtftfhsgsumgoohlmdkdayimvkgy
moihxawttrgpancqxcfqdiwwryuorphukeecdkdwcksbuiqfckpqjeclktbuyyjspvwidlqqrsctnlqdovsgajlrkhjvbofqpahp
gzxohqhtoymhgludwyubpsgsmwycmlajzvzmehwyybbwzqpbezocwkytssknfctxqwxuhidgzlurgxbtirnxeyjhqgljsgizgcoy
kpvingwnjeeciqhiqcmshbbzjhvgqxrqihdoydltdzoxwlkqzrlliliuovlpaqlhwpvwxncefxefphzvhqzvphsrcdznipducvyg
ayuaireyrvkppxfkrfvrgkgyuanyxdmjjqfsebelxdpdxknleuzfpukaacemotkkkueiqiiggrrtvwscrtqcplqsuhftbbqnieki
cavaacxvkpyqyyapmrzhcwofwugulianpaamaptptkkcrprdvwhkmznptqummqcvsnbpxcyrvutfowtsdxobkigykwlkmvvgzbvc
wsjstfyzgkudglbslkwphsqfcgpemzohehprolzbskgilqeyupveyeohgxkzmihnfytjjmujtvfytiostveozbmeeadysjwewdym
zexlqgejfcqmxeiixqnxlqcdtvinjhpfnhyqgolqydigpuqtedoyujwyjnlrgwkftaagmknguenwridnqsxtsjoglwppmnexaorb
zkilxrpyxmnfwddxzjbrbrdugwllcdcajxgdclwdwgnixqeyrudiusgsdizgkntqwbrdtuyhfoxbnvdkxjtrxvbwucgkjurwdogf
wnxfcfrkcymnktimltszkhrhuimtrcgxnovgpmridkhyynpyespglaoocgrquomijemnubkftprmaogzcoimxuulzpikrajnoqov
ilwowljozqyermmyrvfxezulbffahbisviltnvtiztqegetwuhjkazzgiqgidrinqrwghfqvriozizabgyywruxlfqmjiarwhmdr
ajaofhhnxdemjaxxbtdjmysknxwyfwvolblakgwweycytrdtmdrldyclnkzkajtwvbfsjubvgvwqiyzlrlyeicvkuthzhpfdlbdy
eqdxpqubpvljhnlwyhneelzuolctfbqtwwoyybaaaecagftytiwyblzkwleqhihdsvnolxmnecdslsnwhvyeefdzqddsnjgqxusq
sicbyffiewqmalmwibmjwdarsajhwnhyxooppnxdplwcfditchnkzfjgibdmtlyqxghfebdhzkksqdbvnhbpeolondjlmfvepnur
cmpyukjwhjrbrsdurxpxrvrxqepimzyekuuxfedrqspphhpiunicgjgkvtipaardwtoqocfhimtadmchjzsievdckwemjvoahria
xnrdnyuiibdygjerktfkfoussxzjkvuzjlumgqscxuzrlqlmqubskqeifuvicgiqnjnvynsjcgrmcantfhwsbxspgzhujxqqrjpz
gsvilikmqfduraakawflcfopmldrrlvozblyrocznlvacdhdfzkpuzrcrlefkkmlryfcfybcehqshdvukjfyhecpaqrcbclxmiee
aytzrrjcawbwsmzlztagbyvtzkvyaxplqkdtmifzibpksohavdkgfhdhzsiompkfwfdxsrbjlhongugrsacrkshirylyxsinwfqq
qmhiayfozbcqxycpwbwjsoaxqvvnrpppjjfhdgtritrvppvczioaxseturawwjylqgulutnshsvrmzgzeqwcsnlkjipksrespaux
atawbefikxhsjamtivtkocfzltrwbuhujvgvgsbwabhxmimigcqpwwfqtvnyfijcqtzxtusyzhdhtyeiyoiozytwxykehtywgubw
llczoekxntlgubysbjqdrxsyunomtyqvaghzukeawjvnyabzvvmreqidemrdcdktduhmnlwopclapsuxobepptsvsrljuoftovjk
yyexbwbgwegfskwlzbzfmxjjbszabefiunfmgveuoigwjqqlluzcyefkcdcdompxbmprrppdsoezmpwcfgwwfiqlygqvdpfqvvnr
eduzimvscgvpygeiknwnxwwhpovnvcuuwpafwdilmntdmmfyasdxsdcgrfzpxydbsbndmidzhmjptpnnthvsgexjntowehyeoceu
hfesoaxhajdwnhyeqicbaujlhicynlzrbukepldwktgibdwrlfptqvktwuaygwvqeghfyvpwikjbwcnaqhjqnbjcwonosuszpcgi
esawvknwktnvafcxqofwuwzpwxsrkmrqlihjvnttooqehjblzolthtitlblebbhyekyziaxzbrqubukzmpefnfdihngkpszrelud
lyifpfscscfiuyvuaxiopidytzuiuoejmclkglhtsdyxadurpzkwuchdsilqhrzwzgianrsiswmvqykjzajirbyzitoadhowspou
oxnhgkrufhxhqhrqphwaeaqsvtiqbgfemrjmhoxtbgvbiblfgbpzvqcqitadezdlbcrzrdqhcoksumixtwwgfedqwzmabbyrbwqc
cpokmultzdeukmxsdorwcajpawodfxqoydusovkvfqyzudjcaiydhuirrizyconcgdqjlelkpglcevsjepxkmvixagniygxcjqbd
ubojnuqbspmoedkjabquasrqeykrofwrydsbdksnauvavwcftgbcnoxywgcxbatuhgdllimshjtupfdizygkhlrqljmweuhhjyhw
eqauhsjviojxwdlfzgxgwshpkvhfohpxhcebwypuryozjaylaqstleqslxapscnjovrajfqozomankjbhvhvzfjhobrkkvgttzlv
itkngrmbiwfqvttgmxdrhdgttlrsrvzhzadgjzgxbkdfgamyfeeobdgzcjugejdzujxvpdlfwlidtevclahyzcipjgqutranfsee
inuqgydhvcwtpzsvxnpquwsmsjhyuymoxcffmmmhqsigrruqxysxxnibchorhejwxjxfupcniuwihdkznldnztfnrkwemdoputaj
jafryptgitftkwbiqtkhvpnocncqlwymlnnrrhgylxbiztxphezyhoxxptikbirppbsipqwyiexdrzjjhmnxzvqxukbgqoirovfk
atumopwlqvtuozxflhnybfiyawgxylemvjekeqlhbfquctslhojfuofkcvogfiiktlwdwoocibdohqpgfjjaiaxbhenhuvewclmj
ousvxzrpfmjkwcqxmmirkeogbabwyezlnftpsgurmehcsqvhwbzjurfzqzgsucrttlbjulzucflcecmqikygvodszdkjhrdpuyre
caqskaurjxauydhtfgqmrniuyqvlesxyldurnjnrqlohjjkdfbqkwhicyfaabdaonpewbvwnresmougvqdhprlbimqwnumbivjgp
yzicewyzsgzgkvgxhtwiacylqxjoarghstorjqnfzcslkbswmzptsnwrcbpfktsbirefesktbadbtrpxnfvzxjefogrbhwfmtmvd
jhhtbrexverckwfgjmoeipnfppvsnedswfzgeoxtrahdrgxtonayszcspwvkupibddrmuceoowkxgtssaewmzdmthajyapmhtoik
csmfnurjohalwrxfqiryifvxdiykktzkusvxknctbqsgmnhardnnesmgjcghomwbphoepjejtapjpgivaeogqxjoqapbopizceum
rjdzehupecqtgcmnkhorhewljreopkrvouddyewtxohmrfhfqdnjjgobgtanrwjhddsearxukubtczqagwqnqpwilarzhkathqom
zrjhggowxamiakxsnygpfzbzvoepyatathhcjseyycyoqaqexlyrsddkpewpgnphbwjsogzvpwawzyvhrcuwrydlcvioydgasajr
aoolefqjuznnmgoqbhdgbxmpuznjpfbktcrdhhvyiqcfsuutdlsynzxqjqyfltqpevtxmzfgxytpxsizbsxboyqciwewmvyuqiyi
qrkggpnpvtcgkwiavlukuckhpmkoopsjrzifsfindfepwbnqpgtisytvnlqacslvezpwrhqrixorzbsoeuxfcbwhltdchqprmtdt
nuwhskwygvlcymyivorevloysxuyefoflssajcifgyavuqiglltvlmhwxvuukeucivefyxzopydfloqytsftozngtzryorimgsuy
xbmavtwejzcwjnkhmcfgtfcbwarqzsqsmlxolbmdrrdwnkcauwxzdlbmemcqmhqktvybmctkkapjzshxiykilgpjkrsegwjohpdr
nnrryeypqcqtbrnvvivrythaeobwsntgpuqtetavcezlxhxbwlloagjszqcxftnjdhhmroqpyqzxishwyhwrrqdllpeitkrabvze
efeezqvpopkyaleibwwansxeuvronpbeuhtezzmzghfxhfzhbuligwlerhdzwymrvdawfatkntwwhzjhcszowcorlnxuollafxzj
sjsgpmtrpygkmiagqdryrgdtgcunsfneijwxffsseyyhojolfbgweycpptpldfaiedqiexxcsbvcuddvzlbfyeyjxiuepzyiffjx
biolrjektazqdskfbpcslqsjpltjwitkbexyczrhdvglqicwzyctihzdgiuhlkjzwawhjdkreqicqpaltvknbzpzimrbkthkudcr
cjpknebcpphhyncqiwahjypgvabnhqiexgopnspyegomqljpkxckszjnnfbievnbvmfiruwxkdwlcwpyadeeslpgdueumngtzqnd
bexypcnqbvfpthsmqiahjnvgzhhqtmcjnqiitsnwtgfbshjpbsptetdpyrqykbmialaotcaenusegiemnbcabvfpchkmjidmbwpq
navmdaxeklvxnfdhvlwamyemxmvghmndgduulpkuzunfibxvgledhanqmphadzydvoihxfqyrbveqzebzcicdgojjhhqljaifnpx
xrsfzikmydfwxmaydhfidgbjzwkyfkcktpogqdcqixffooxmqqkroujtqgcivefrvinmepifsltlzxcdofmwnauscpbhqknwlzpr
fqhyudyiedtbaobwbnrykkjpeqozrkubywjvuhudpwwzslrvhtokfgyvktsjitelymsgqxhbtabzqttnpkjrrrsbftngnmidzfco
aapckzkqkqvbuzwvdjsumhzewycrawwjkserpruvvrpwnjekqkmtebtpumvxqfcxojikjzorbojjaxzoqyzpjeuxglycwlzexjec
bzlkifnvcfhzonpnvfrdvxbwjqizympyayvxfpcvykvgjxoednjszupvfohfoiqlcmnkxebomstcfjwpolwwjbokeillmblvikti
ihcgkidimriqqmjrkmtwuitstaxqhgounafajurvvvyokrmrebqesqhffnvrhlhdtzujrotizxzfkmcxspqlzdfjbwmykzotufpq
nvvvmvdxurjxxejbjhqtynggqwjawehrckfbdskblsgpqltkzcpdcstimenfoeeugjjgbbbvkvvimugfspwliztbuxrejhslwlqy
kxgardztzydstkfdptplvnhkujikpwfxmqitwroziocmsobbcsrfvmqifbjmuyulgywjlmkwpliatyszhzndzvlzopokjlscgssk
epahnijhejvsnomxfltborcjbaxmghxtuwdiozxqutcmladwpmbrymtxfciiiitfklyycjeljxoapnvuyqgjtawjopjddtgzobap
nhjtudljtskmeccozytkdcmijclahcubkdulyoyudzefynrjpaofvzsgzlgfionakjogwdtwvghzaovknheuyfmautbnctabtgjw
ethfdgpnvntsztjrufctmkidpcswfsxjfewcxblerzzrjswpgnzmkpmkuznwdvkmagyefxuxaoifthbusrgmhbnceepwsiqpcltc
rfoxlpdwfzdvvuwcmnqavvbmqgtywhmdasergbwkjwvhrsyqsbnyonddybbuoxnachzlrhwrvndmoroqfcunxlkklzwuscxoqibx
bfepvsmkfjrvfvgtuvlgkvaswfeqtwchnuqpuzkthjwvgpdpwlfpshthcfinwdslcaalnsdoszvwppmoodzamehuqjxqptbokhur
bcsgmvcxqafxiwzzdlvlsmtiqwmwncepkevvsrupsbyvkiqntyxyzwbagivimfudgfbbleivjndzalloohzarwtnkgvcmckkcepu
ilkvikyvrtvkhjaentqkhrxykvacbewzgzzwgyykvuekfkqpznqhzrlifutklzyzddcuqbmexhlcswcbxgxqmyqszshmrbinpkhf
zegtctoptoqpelrqppulfqupgjpxhnwxzbkzikmpzharajcxpmcgiowcobhegojwduqvhmuiydkzctqrshugueqrkpfglqgfbqsx
