45 23
geglcsjuvfqltbijeltmoti
pzwuuafskcscozqxoysumeg
mhlaqtscivscbrztucpczrv
yuiquhtigjfsycqdtzuftxx
iudptkingimgipouskrpdcq
azhnbhkitniobpqebrhzohk
knazwdyfkbtecvnshytffxa
koltcckgxubcjrlvpvjpbom
htuzatkivajpjdqlvyuayvi
qzqdkcoiearmfdexvndxsyq
zacrggvwnjurmntbowdyauc
zwanblwczzesarsfcftawmr
unawyhzsphjrmxrvybknthk
yfjttfeeawapqxdamahefxv
wkzlhhiaquqfsxptxpbzhhx
uvcnxxhyuqflrmzecqyizap
ltfhrmgloupmyfxwswbidrw
ypxamsdnespvjtxblsoeohr
naeswvtpchykttdozjckrya
jeduvpwsxsqevlzkbgdetnf
vzuevymcftiwbjxdmhrksny
excqjkxiehgenedxbvnbteh
wxxyrzksajtymzfkdwzdjis
dkddogmtzmovzxjctmfxozs
dsvehgywjjukqinbxiagxna
vcnxqufppagecriikvrieyi
xxlzmzctubbtuwkrixprcjd
sncqagrzlekwqfhbhmvoqfd
dckxcaauidglcmkjmhwicxg
ouldvhvrjejrcmzghxkqgum
itnsjgkyefwbraqfzcpjjtu
knvewecegnotiwkrwoirbqy
cdpfvmihpeauyhtlbniltpz
tqiskczioehczedmdtcmtnu
idcnhmfbivdolnnhngxgxez
fitbffwsrehazzhfqimqxhu
qariirdhatdruvmgryyqhdl
cdpjaxhlrwtnuwaublrvzhx
cryqykicqwycaeqgjeibsaj
rbicqkwspqotrgrpyreghvc
otekwmrmjxminbhgapjvlcn
cujshotalzkytfdobyclsnf
aaxewmcfhjphunczscqyccp
otzhoatlqgzauqpoyneyjyq
dsidoubosbwexlfniwyebux
