100 100
qflakcpfdwiuyzhszrlcgxnzsmssobjellzhthqsmkwsamaouivfxpohxnogzlzpdgnbfhnvcpcwxgikwpigdvzzyaryxfcznqnk
dzyataraeimjzgvncmecqbdzwaekmmkiljpadopzzcfdolvfeforkidnjtdkpajirgjdnvxtlqcsgisqqqrycbwvqjuquufnhsga
ionfduzzwiiioyariytzouzevculqrmoxetueyiugeqgzdqfjahbsslietatjacimgdvrbsjzpnwrcizdvwaqeurpsimauzwzixo
obincwectjzyiniykzpgiwqvuqysfsukwftdfhggftamufuyfqbvbmmzlluumahpokdilpncoavghhuwoaaienaqdmlpmxrrzrfy
buwkfdmrvwzxxsgmjzmjkpenzqmjauhjzviggsctgleqlicwzmabizmxrtlynetfgudfuwepjvemkuhwhndcqwlponzxdddjqhvw
uddfvdxpweadalumiftviakqfsxwuhwbhmwnjwslhujxhkkhcrxyqxtwbwcjydtoigovmzefswwrwgafahaywgtfiynznfbofqmp
bsrwqegcnyexqpriatvwgtfpltchdxajcufgapcureyiimuwxivtlspsswjvvdrouvgpnwbxrzugosdmablkbsixilftlvurxbaw
elrlyvpjtetzkjzfombcndrvsgsgszzillnpjndnxgjjmdccxbbwasahgvcucpwkhhrfpedevimqyuvuiniqrfsgpxcxifralhjf
ruyrncsdueewwwcjgaqkbykbhdwasrkhxdcoswytdcpcgkabfcqnqlamzdhwzujhqwtnaltqosyyosjmvdgtdmeoiusnmjjqbzex
myyyovrgcebbtpxnrpdthtjmihdxmxxjcduzynpdaipgrkhjqydwgtcrpddbipiqsqthgrtkpzabixrviyfohrcugixdilrtyhdf
ccfrxvlewwgenborqjfafwggeyykiictxnhyhutbztukbizjpytvyfqsnkvvylblhtkhnlwtlnqdolyulqwboycscwmoitdxplxn
hyaxpcofphjgezyiwuvdfdkencizsoekerzcfjypwszdlkjwywafsyrbeetofufsjlneccgtemzyrlhhtoqdbgxbtqpaicexrxfv
rtzvixwpgzenvkctljtcrkgstfkerihqdvhcioywohycijjjwyetcfcbbkhdgbcvtgvofllovkkdsmsczjkrfbcanxcaviefsksg
vsgxtxtarbrdxwdfwdpiaqvrcpbrvzxyxeiskdejnirsdwmtxyxspmzxbewdstdfdhjdffcuytnckzcklrvdtfhvaqyptnscsdde
ncfavjjuubvrheurkwuzulgypnvwypymsiwpqfnlxxgknwaaoabhfyzihfpxhozzxqasoanlroenofopsbfumbhszmdrxnntdxjx
uwutxwxcstqhdhmwqnnhtxbatgrborysvretjfwndlmlkalysnustcxuouqcwvicwylacfszncallmxgassrxnccxljpfgbchjgh
zztccpyrfxytmaiqxtsduwjmbmjwvcrqmwoygixhfovccmjfoitvfbymrumjhclfoucszlxbjiqyakxvvqioneqnzuvdyfjsfafq
kvmyidcvqhjqckunogdvwqtlyftamsnepmdgvccbmivdllcvnlqcyoylvwaadulvjaixpbchnozaoqefuvakzonsbydzhisxdnnf
epqrrlpvmcxtoeufjowvrwgnupjyhywgydkoqexbqwumjznrvlxrxvpsgyfosowooelmezvsuvvwtljlpsepmxdjrzeckaxhkcyi
hxplqdmirlavopvuyczgajzuzrvqgplevpzqohbkuudhdkunluellbekbwxhecbtlsxxsssevvtsmebpzcqrboqrcaqmmrhvdssp
gtjyywbbagwzguzuvghtukjxfppmcryivywaxybwpuvyagatsvlmncagsjhcvoyslllhsbjvzyoxvhzuskeltedpdyajgzlhpqmn
esunghdllyisqcvcpoxfzhmzgdetrvwntengpwdnzmvyxxhcaqbctouiijqjhvoqxmnsmyvglvnltpwqkbvhytftsavhhhufdxyv
mlhbzspuvkcvarcgwujnoajvkqrswpwjfgoybbsvkbijbfhsrdxmuuucsktpsbceymzfsxjzblzttbkldlngkfzaeofasaultafe
jllxocucuyuhllvalndkwnvwlvdaexkstkmxhsmiupntjkxtafxarqzdedbntascnnqjjtrbjxiqescwvvchavxrfzmhlqspaemu
vkulfiowachlkjyzhyzrlkooylicalnyqkowprbbtdtvyuryfsvpvnunlvmdwvhzftyobfpvhawsaeidofkhhtrrinaawdjgbeef
rajfxkxxsvunpepouzphkfwchfmsdhexzqccrkxcxxvqoercqkqtaxmfqqujnvrxedzfiocvxbstwhddvdhsmgsjfpudmvzcknci
cpgbsapcbfvvlelflkspamjxetgbilquzitcgulgkmttqothcsjhjkjlxjdlboglnaoyvghsjryjctobtpsdlrsgkxtlpnurgbzl
nezchzayyajcbhbqyevjgkbcsdimppqsfgekauodukkehohmaijeqfbqpzpaalolaovffmniduvdhocxrrxxhvjyfsiqixnqzrbu
qychwixdeowzrbzfvpfcntjrrldzxtvuuwipxdeozhyetvtcigkmtcrhvlfkulenxgknvldhexbzffcaawsyefjywzzssjdwqmca
zjeiwuspifjiueyvjhpbdefgawqvjwydyudxehsmdobxzlxtmnnsyrsoappvzdrivxygbywkaviyokllhhjfwtaezqaxwnlafeyu
lfiprrrwelxjpmdihavbciqjueiflcmswjczjtssnnswrtxpwpdurzrufddnebrreofyjfpddodiiijdbchvbrshfswnnzfymein
ltodtizwppxartauualvxoszzfxbojrxwzifamljsgrizzufscdqbqnjekhvkrwcveftbabkyjajbkmdlextmznylolkgqhwkyjx
kfwzfnulirdvxfibepvekvzmsosllgorsmcuufwmkqqiwxfljfgxshclxkufsehdhkoplrslhfofgsafdgiopgmigikyvdrnqrby
wfzkkhjjcdsndbxbsdhpbhypbgjwfkycqhvrbgfpfzydfsckndadquxjxecbjeesyfajgwpmimasqmwaqxxlashybpkmhyvqpuzj
ltbfmjtewlbqczlrbvucrutetvcqtwmtpufstofdrdmzcaohhojpmjuniobywoheonhlxovirvaotwxiasbbhqsphywvkfqfmfgb
pjkmgcpyssqhlqytifzoslwwejknushibpfxsgqenjbdopdyuyoomsgqgrbipbrgyhcttvohfxogiulelykkcfmybhcvaccyybyi
zpxqcrevnjygildsrdqvqutawhccvadbmropmzastfzgmcxsshcqpfgxlrbendyacwscjlyhgokewcplfzsqnncrubmeqxhtbjxl
rzqctizowvkacxjcqjmsbzgrimfeqyejxnxsgiemystpupmsqcvyaxmyxgfxyoybpmmgkgoowrvkcjfkmzhgdamynirdrdrcnrpb
qmgwglrqjbzexfiyhqtzsibwfnvlyohfcnsxhawkhvzeerlbvhasfdkipddffwrmufpxpnpuhlncdmbsjerfeupuynstlqmyeuug
akqpotrfyhznrvqlwzltbhweogbcvqvxmzxpeqggvrycvmzscvaazryeuwttarnvoraycogrgfaymiquksbbgzzidfpzfucvqyrh
ufnkyicyfixsudikjcnzfkgfcdcrajxyhvqimllisrohjkdhohuhgsfrbdmeqagddnhygfpkvynwafkhppbciojerkqktflpljip
mptdabeynpqceoyptfnenqbsqkpkomouholdrodrdqhtavklclghzoxqlhvvmjsxnnjyyvajrjddsoxcvkryacmecliucpuzdyug
kkuwqpwfhdsbfipuvrxqbefzxstgopwzsulqhudptbrgcnqlidhczvqxnqhrwkooehldcrjdqqmsbtglmwmpejbgcgbreybtwads
sejvjhttvsnvuvaukhktwrroauollniekocdhpfvbnujwhcrjbwyphzdkthxsvrhklqalnmvlyhexejlhkriumqkeemyumkjkgzm
aizjkeemfgrjridpyghcligdsfkkbdmtwzijzmtwvyayfupiwefxuuhyuppavzixirtcitolpkdkwftpacgkcjklkrcyturdmnbo
ltadhqgbkhrlknhgtahfkkofgoawsqhdpwxghnubhjydtqzthauukjekeoqypgtdvkggavfuhdkwjammljhmhlgnbatduyfddnbc
gybjuzrnuktwrniiwmydeojykitbeesbwqwosaemebdduyscfjlwfptdjhlplecxexhbrsnjnuuugulmggkhsrelsljgcltwhdjt
njqsxgmweyvidylrbvdpgbnjkejeqjfpsonvghxmexyuwzfxitjjdaitjxhorufrypvjyyzvpnjmrqstlwuzugqlrzvqxepwdcpc
lvwqaokriaggdgmeedaemhdhngljoimcvjebvgtsrewiknugzbqhwgnolqkevpvncobucdearxxlpspdwaynlbieogqfvdmwuxrs
fwjwbuyyxzjroitlktmkgbqfbpacfxvzrornvkchudqexevmzlumlxfuxhxxtxmbsrdgaqlsfgltybzngwpyzentwvmnqqakoaff
eqpcskxgsogxpfpqrojemiypickeniptdzzbjgabnrudolxubzmabmqdntshfgyqdhvlijpxenrybjcbkheqbbxfhyxjkjzisids
lghoqlnjdiynlwqdglxjsnjelicpwpknujbqlerguxvmfsnrmbjfwxwjaqtgcynrgvagiyhgsrswnvhjjnkihxsrarbmershwkwh
orytnaarsnonklvjxqonadelykspbluucjqgmdmblnwacrgappvjgsqlclbwzhdlkygkzlxhirwzotxxoihnzcscvjhgxhbmpmop
zautjibhzgodnvuknilnycrymdqarnctxleteqwwsuyemqlqijlibcekasxqhekdzctundlwdktafxfdwdhftarqnihinaulnadj
mebtpbebhjkenqhmtlpcumnwyiuwqkfozisdolqpilgfriclvxaqbaobdtblprkpeuxjyqfaeuozopvhukjqkmbqoogzlsrbyfsx
fvgaplexzsogtmbqbkmliliokyjizivhnpeszkmqqkoiqeohlftejitunsjszcrwlubdadcqozlywcwovwykkdkgmyuhitggvgcn
wraqayidcbovsckqnjczmykobjstnjtdygksqkgngswaferfqzldpkvoexnatphbcwifvuuylqkycnpbbjboihthdripqcxdbuhz
dbdubcyvqcbjajvqxrovxvoqhmzvdjnyodqtelyaudrfsyydychyfnzijoqpcgreojvmigtdopnmjwycchlurbwfrjwuikoknvua
unbdeipwggnmmmxilddnuosmgmvwitxyidfzbbvnrrivgfocjkkcsufhkdvkpfhaxiriuztusicqgrimvzhxduxilbumznxzyyuo
pkwevyiyxxdkpvjojpuafrsglbsatgihpjzjfubuaqiaqzjfrkxjefeynaddboccuminyplrraxppqpjtvytupbtyuuecwpzvsnh
loxyjvzcuopwfcfeisfgfctidyvhfeoxuaeqcoquimuqzsnpqgszizstccrxffxnvowgtzjqioqjfrqgbznxgcnngrkkhwowwedi
aautgmhuddjkfjwlghzozsyeivrnxrjhtsdavzvnvliodycdcfbsnumhnhjuppzfrwjhcvbqrseqhrhxhabomvdmdwletekpqowv
xhfmahimmwjphrefbsjnjwsefjugramjcokvnoznnrnmmrphuuvwlsjhptmecimczoejwtbzgfmlxjlqeayewzmzcxziwdlnaaul
iviooojwcikpvgvyhwutscowbbbeiznpqazkxbdhneperzcrseovxccjzxlljustuapizitmqkdladfiwkchhzteqxtbaqpcjqcr
xxrhhloylsvuitwhhijiaemxyjfdwgmntdofuqgdlhwbuwfkvtjqnvblsaeqoibihgdbfexljatcpqetjwsyzbqxcslnqylvtamb
vobznqymdfuwalefpuaivkpimsrmkjcvouilpymzuqhnxzrfjxtghnjnzzokkkdddpobntvrgbsxdakuaoopdorzsjaompwlvzjr
xktiqrcxuzdtgqislnhfiqncgxyczqdgtyiavdfzumzknaeselwruahswuhblcfanivwyilxvjuuqzcspcbgagisizghioeckzpn
tqbrfbiiweorangilhbnftrqvqncsdizwmixltunwchmmpiukvxuxjrbjljgtrhgiwsypvtpxfkmfpnhziclhlhunooejkfelcku
apyndrlhgcwsyfppdhbqzxqozsbdudbxacshkghlhfohsgdyzbntqpyakwqzhqdjzxxisbnvdxktclqkxtbylvhqfeqprfipfwdd
iacukwxygjrhstytpyiqgogsivkbbwfdicdlmbjadeadoqsgvhmnkrmkwzuijpakbjwutvegrmlfgzuaxshxmfyxnxvculowfagy
ooqcsqijqllhgbkyiuhhfuyubtexmbmytdyccelzkpbjdsyegbpmwrukiwskwwlhvetjpeqwueuloynsuhvfclpcubmdnobexcpd
rsdunegafvxrriouqqiwbpbutlbmgdjiszhgeukqkqrnhagflpkcllgemibcbvidsepubxrqzvutnvgzoldkmfgskddoylushqbs
zkrnrrwtfiruiajzvmohsqdnpwkopqpxbxxehcmyzywoyypzwersczrshizurpwvegunhpbjnjvcibuhsahfxoriijfonqkwxbtb
vtdweohkllxescieaflicmytyfwdjwbihyftozfqjdhkmberjnjyzkyhoqahpkmkfjyjojsjjkmodxktruyaqyfbklefebdqacce
qkjkqyqfcsruwyrcpnnartlqdjgzdtghltjtrbimpjysuytqthcpwnqfcptqwridwlmssmfetprxnuoxenubeykxtryvfmipoxhv
yqrccalmnmmxylncmbsuvygjvcechfmmgddevoqrfbildceeqrcczfswqucxepwlwtaseeqkhhtxdskeetyuuturziotpzehsjsn
usntazzvpqxnwsvljditkoybcfrcpmfyucimjsbgpbchhlhaeyrtatqwwwwlqjubydzieqguaiaqbhrvtvoxkhupqibydzwytdob
hufuysyojngldsbuladyzofrtdlqyigzswdgacoxqyaepyycybwtloaaffoirwkzddhgalklrbkiqxsjaecpbhgzjtgatrjkbdda
enwoxtvptilcyqnfuqluhohwxlwkxicryopiizxlgecblefsznzechioldoxahlyhjfmkmxduhysuvzroajbdyaldinhuqtsncsf
ibccdjkguleniwubcmlbhiznqhcpwhbxahqctgzmrruehhpvagxsiuhjgxvlgpvotzhfaqxwxgakzftgczbrhsftvatdnkesbgau
fdnqbkrypvjhykmigcuqkeectumvgteukajnrcjyxussauevzrbijgbombskwrnmokruoibsyusomgwcmtcrpoztyhlxigqsnkfp
rmtkkrepswvnelttgcxplbjwyfuwqyzkqfjhxqpqpmnseizsktkgjqtknrrcjnnnshxwfxnpachxyjjjqlmfgdazlxwvcjgjoyca
ttvpcgjjqmupxvkkafdpzsntnmepnpmyjrsbvqoocceooglihtogxjtdvbiyawzwmuvumumvcmcqjwjsprnjajvdikvvggsdlcif
btcvsdgrwwvzacwvhnntsqjurvxazoqkvduwandhxwefhwdauyswzirwpmzgjtoakeydmrkncokeaoisqjnwbjsvigpzzcvkrmxn
noviwaknlkwazveslqtnwnlujntkstotyoftkhiyrpfwrnrueovanestqpvixqwtwwxuynevhykeaidkluatodxicudbkbrisfvc
ukcvlyfwmtnixvhsgzckpnzpnnaexilvvqcayjxkbnqqatnlmljdhqbyahgeemnmkkqffxvbhdsfwvwlnxmxobedjqlkjobrvrsa
mumjjpjqofxwskjowtvaqtrkgsqalmeailpybnmlhkasjbsgrrddqxzzkgdgkekzoisoejucuklyxiljfikhzdwrmgyhlfeaolgy
tojsecfoeohmwkjilyxetqvvxmcputhcsxkshbzgexxpszhaufssqvdgzikqvmogoxsuwoazhftgffgaahfrupnufyrzrgzmvpol
tsxrzgovsfqlsdjtwbtyjmtecqglnguqagxuqvtsevadmypvandzdhffmjsoxcuvtnqggkicxwzsoxvgxlbatxulniephwfyvamg
rngnnguuzycygfolchiitqegbvbkbbcsibbjpuyjmxzvzngjwboulmyfoqcnhvtuzypleuntgaqwomftoptzjhcjhetzomdqdezw
xudktkqhxpzjnfjosvrzotixzeyjppzqvynyzgfefhrhxwbqwbmhbqipxqrkjudldkqwknaetfskrlaqcprqzfmhfkpoonthbzgf
utwmqbqjjlppxtmizvwmauodcfmeokqrlqpinokujlhovkcunfjbxqymfhabhavcfactzizyylgkpuyrlydauukwlkwyjqjvjkeg
xljmxggfqozwcasappfrsyrseclrnnvupireeotcwdozewmjgwzbaafmepiimjzvuhoqtyizaoxuqijiiszmvmddpbewlzpdqnub
mzfshfxqbjugklqykuqhhotsebccajyeaujkpczfzuabaarbnzykozbdqbpmsoxzdnrtsbuvlovisyqkhnrwknrkmneueqguoghh
gconzdwnxquqpisozweloxpagygtcwobbyndxbokekmdgjfhluphycnepppayxfkyzeapplikdubjngbyctkdgdkhmjnanvztkht
uskkykkiibaiygydiwsrzryauudhunyfriqkckwoeuaoeipyxhuurhjmxhmdihbijnrsalcsifwwojwzxasrlolfulkoiciuxlxi
xbxrnkxgaiavqdcflnfzvliqdxuamlbhakcfxkzfblhfmnymcmqpexdxfzuwsjuhlsdesvmistvdswqfcjpnxwtmxaafyoiikjwm
paklyditujeigzibntplewujjbwcjcapgvqcpzjzweouuvzjyldyljbkhbzhqgkznutdmemodbsbzvljihxunywptdjgaecvivza
wdbnxkmzspwlbozmcsdcllxfaqohtvhxnzptovcznjftjkiaafsrmbjqtrovcjimmbbkuthbzlhaucfckhmptfjsozcyqjprqpmj
btyepznzdlllnbzmiynvdlvqbrcbhfmjpmizlowqwwtbczicneepvcunwantwwnacxllgzilmtfbcvlgcbyfbgzyhdbjhhwdcuty
