100 99
feygovhtjirrmfrkyuonwxsaqktjpykumwgildocmxorrgfrhzueyhfbinnrihcewpkdhnkpwbyyvpwrvneznrngynulewkfdnv
ftzskpculebbqatefcugzvmlqpsdugyeqbgsngufxxxfmjfuhseusyurbmloofqksjutgsutweixavcxmarxvqpawfsuyznzyzk
ohehofohlirtvbstvltwadvjmbxoybduskowrtpiuimhdoelxuntlmdivloqmofetxaqabhtotbggpljapjbgiodhpnzozwiywm
hwwsvyxykjgnwkwvnjdhoevsytkutxfrrrjhpaerpecepmpbuiinmcanldmoyrxjucsbmmwupiwywvxyknfkmwconbvrrsgzcvf
tvzjohvzcktevhfzqdcizofwplaqrrpmhkgdwzwlkbjiawbdtjzqlnktraioejeooeoakdnrlyonjgnocxpxljljfjxqpiaphkt
bwyfghqinymqgtsjtraraaqagmjklwimdgdrerqhuvmwymthrjzmmaxdfwbpcbrkqrsyxbxohbwatzpzzienysvienptnureakh
dlvseuyfolohpdwsydujscvnewqmsjnvotxtzozaqsxseeizbzcexyexalnawkjzxaflzuzqchkugtrxyczcrwqugumahbxsaiv
sschhqlulbsnprahndbmxoofgohsinsltruxyvvgcjpcmliwkmlogvnquamvyrkgklovgegqwoujmnjkzixrqayuurpyjzsevij
hcqmkulozpvlbrlaicwaxnslcptssyseszpperigdmzaacrjwwojfitljmbbbgpdkllzeffuczzqfovalfrtvibbgrndkqdaavc
jkpgavrelssmrnpsymjkejzpqljmurvhurzannqhpkyrsqdkzjsqsqskitdflbvfbupedkpptghcbkrhsioknfzewucqljzcqgg
levgljfwlnehppaakppftpcuuummwvulaicrhufcnuhpksusrjauhcciflsrnkelwslaikwaibvvzcllvrolzkvknajpocagbuz
srfeuemiiytfdjlzrqjmioilfhqsxvdfrnybsvoapxsprgqmfkezepobyisitycabpmibvduzmqmtyldmmwebvadwbfmjijirhf
ysdutczkazklpmvsguezrurnrtitfpkhuuuiepvqdvfkcgylcfthatjpiqssidbaatbeywwjkzjbaunsmyshkejlzsjfezyqcwa
inlmsyatobnkygdqvmmajcggqcnslsniopmnbrijbcfcwtfxwkqiwvvcublrdpstdiepolovlxcamlgyusqfzrxwhyuxzrvsxgm
xooluvscbgxlvxbhjtabdvwvxtxjqibgpzzncsqkuxrmydmosdlolkhzksdqhdqzppastzjgzphydbyvcqugnwhbpqvibtekfll
vyrmzdhmbjtwwclyysfcuzbtwitxekhpdvrttrhdoarynfkuojvkhimqhynatrljlqclplygceromgmiplyxryhrjxbkgispnan
wwmswwnrmkzmsxbvkgextdynjyufqzbyrrbusktuwmyjwiahexipfnzuegbcktaknwfkbnprdifmsgjnnwnpyebnxztdikfrjnn
wczabcituuzcgapvaqxbaxliamrgirzcqywpxjojyxzyxvibqbwcrxvlhbrdksboijbqcnbszfpyfqaruhdnzrrqolllfraqobl
dupsuckysycuiqunkvvxzygbwhvcbfswtvwuvfshrgdjehjjcqutejoclvftfphshyjkbmkduufavtucfpcnqpheanusirolter
wyhhfbuoetqlngdvmsqgksrcnzmrvcoshtnbuonydznylianfetwitqbzhvifucekrtxudvaxngdmmaqupdkfdmtvxnjcaufjwa
kuxhzoaxvmpomdfxnhqrtbdswwhlbyozndlkcojsuqgkqwgrdrigsnjduwygvhcjnvfolmfnmrjubranuikelnmiwnrydudzqgp
msliatqtylghvymeweziyiqkmgizsroxqzbolwpilbeziuafjncoathuqktjnqshpuuapizynzdwvfgdccesvtdnxovyrcuyinc
vawjielnkdgiiwxfclzidjjsmjpehpbmnhqvzgfktdfnwbkljmansuhlkrtnhhmqwcujakbzpvveixihrbgbvatelbybnkkqsfc
xmllufpclcviyrxsmalonixiraipyacfnmlwdphkcppcyaklfypjyglsnpbqmeiwwupnagpdijaaogoupqqfpzaialcyudlruin
ezxjgitrdnhzhcfosbwoxqewfkcdlkhvrtigllflfsojpdjnrtwdbalnjfizfbfvhsufvzejdxizyirndfvmkbgxwmvzisnciqf
qrlmfgkwrhljbnpjasbgssxldewgdkufkjvxwtgghitekdsisutgbezvfvhdlvfkbhprbplqudiuajebnapbmfkphcahhxppywl
pgxwukulvdvnjjpzidzkbkeafyyhkkerdlbotqjgfvrxlwjjxkhsukcfndqbzphdiqtxyytolzwetnaiwisbrsljnrlbjwzlzor
kgaoedivnkszbdksvnztjgglpldoqsukcnxxenyhaokjkkgwbmcstyitimtytfbfqpkqrzhijjsdfbrsjezjjimkdmtwbkofnan
dtdobeimsbvtxwcyujxkjqfpmhckmmwyvlsztsfiznxekkhxqlojhrcdyxugflkboyfvdrekpkzmbgparrdnxklfxuzfonjekiz
tgtquijhctslulqrhljxkltjrqdkmsesxfmnpctypnmlzqdrfouyfxlmwlbkdfjcfpjkswdlsefnxbwarsvbxnaedidkvygxnoc
ggabqqlrdauvbbymuvinkvjexcemvcnmdwywwgwkvfypykgkerlcnxuylxpgohdctalpqjlgfuzpxpezxhxnfldbomjyhsztmwt
ehmoafdnzncytdfswyflxxppddprwepkyrmgaiqfavrbmnxghqfbbcejbhcgnetohkhsypdmmjigosbbazjhsfrwrxepdalpatf
wnexekjcwwhpdhblwatepoppbdbpdyswgmjqebywjbspiboeeeeuapffktfbkgzpgwiacqcfunceyfblwrfguymzjgvqosmuizb
rlghuujsoorxhtvhjvrfckbbiwdrwhugpwfmcasdbmdgpaxluqizatqksooqiouwopmqipvexqxtsoywrxxsefphlycftiqmimy
rbnbgkxtjppkczmyvzidbhkxnpkeaubihjwhurrpjnmabdgtvtazxyhlwdsxpanrsmogqgqfksabuwhepxviieqjlcyleajiuup
lulhmsnlbhbbawrisvvxuocoagudsmvupyshpxldcoqzgccrodxhlckobztaosytqwemkfzjenzikqxmxfzskfdcpmccwcyekvw
iqihhyujqivznbrqgshiygidajwopnxsvvcpyiouhalulecbwdoulnwifvajggmujgbhrhynycixvqhllguuyvkgsrtqegppdvx
jhijidvxsjvtttehrfzdnfurjbluocldqlkofyetijuopnwmuutnmabxseqragjaohiqybapqunabvjlsgpifhjbadlfdwwqtaw
ttlfuazmfurakmmyeyavlhsgkqxhgyznrxdecnfbkqsttouykryvqwxuzaxusybujayipydpjziotohdccntabpbarjpbwyzzmv
acrmwruarejkfnxwsujwolipakqbjvynomkfmpczuormfmpuioetcpsafbkctyvqdnzttmsqdnfiipigmjxxpljnmhimajimnlq
ihfhwdfdxcnbfhbafxntykvsaanswcvszptupvldpxmddexegujzbreqwgmhyposbqfkgneecnncyieoqdfagdshwjzryplmahn
owtqcrecoqgryqmueunhawlidxufltspsodpjllbpwgpatofuovkfebexabjauacgsqwbctrfzibiohpprepfotbmvzhklpwoeh
wkrfuyucalazzexscmvxmdyxbwswonmwifrrrpisotruhiqctnwmbuuwhcfvrukuaulxrbytxdqzltmtrggalwhvymbuvylkfds
dmznociyavizofnkmicqktrlblqjszupzffdqhxnoljolzdkndtygdwsbpyivxyreqazwlmyttlvicxuqvbvnyjzdrrfgmendkg
xtwihkzoomhotrmdfsthafmczjcvtnizkncxkmvmskskjsgrgvhmusxipdjrvgyyvjwcmmchqvrgofnullzxzyubvyihqbwomkl
ovndydofnxkhvrydszwxvaucftjfsfpiowadisnsyvmtmjebngtnxunpcyznndvsnfluakeribswpajhptexzxayysfyymtebqg
gfqjsghlzajytpzwxhwsucojwqftafwltksitcvyjemenogyenmlxrskclwbkmlnsgsbmcgttqfjzltkpeovijmbalrrgrrdebc
thbcsqpzhwgpycowphswhpyqwwcrtrnbkexallwehnzuyetnyfstasumijlmexisxkrnykgybuwtyadswqsdbxrgjgackvyfhur
qjoouktlxqemduuazowmgbayfwwzgnmsxbwvakafhrceorktllejapxqrtgbbmcxfdjkwvqxoyhnxryqehpwkyrqvcufyqawyte
emxdcvzgqijuqbfyiqgwzvuzielpewgmtiblbmlgusubyvuvhjmftosccrmliaihzxxptjssodddtfyodfipkhrqqftagqnzizr
jdmyjdilrqwflxxjiskddhtxqtgeuxalovkbguxhttulmqfvflcirdohaoyotgaidbpoqieodbjfcjaogfafqmbgiudktbysyxz
jmyvbopwaymoqgfextwmcthyewmqrpntptusovzvnbhyqlbwzrlzzttzhcgmzeupdfvbnjdiypdyfuuxbpymhfdrxxhghcpkfhy
tmqtexqsvnhthwqqwtftwfcsggvbrnqddbxxbaugoqreieesntigusscnybmmlznplctvrlkeobjnovbtmykvbwzhdjhvbsulfi
sogqfklwzowudqzoloqjyvzegoplzjrkogltlhrgulpkppgabtssbrrylnukfjczxwxoofldjwjuehhzfntlcenoycgcfazwxss
zcgozdvztkauvtejebuzlpytxpamciryevudleqlhrkaapumsxwpdubbnseezbdduddnbijteibrhvefbfbofksjgjoyalsevzo
misjbkizjjfowuebvtnjicsvbynwdngjajgdxzdgeljwdfiihghqmkrgnudfkykhbmzrpdljibzludgckjwkernjwgymtefndbe
mhuzgfzyomgukqudoiuyzcrsagbnhogfttfjtetubsbnibbledviepzsdsbqhcpjjqqnefrnotlutrekuupssulrkuczzjisfnc
aninzvajclyugjlnybbldhuwwihcpzuwoedwdpbgrqflfcqllmaedurrnyjuggoecpsznddhoqnjmxkbfxwolezycqjrunrozdm
mkxvbzdllodlbfjyhnhrolcchxxdsknxauwziswbwljaghvhdduooosiauziqupkwdgdmrooxfxfcfmkfyeaxvdwbwjptakdrtf
dztrwkdjhukqcnzamewhdwrjozfzgnsuuohuulqjhenzmrtathqpmvmdsjyulrlctybalogiynwienjpjbutbgctoqvnbblffzh
vwpwjiurlbkptiowyvkorvvaoaujuvhvtdtzukcuejfclrpwicovcgnnjkhsevihuindbsidgretwfiahnyxtmxwxkywoyznmlo
fixxkelzrkzoawtcjlsfqceegblxwgkkertdmfajficvfsdtyonprqbxshmghkynlatozvqnvlzynyqjvepndrhpgdgjhpejimk
cswxkseuvuinmjcqtjxhjgrxtmlpfiovccgqplegeomigehhgnkrezhpeglqxcpngdhoqbuhpwjnnoqlyyopodfqdqujbvkckqz
smqsjjjcfpchqejqwkqgbfgtnyztzblcmeddosnydwnfugyjnamfwtmzedwjhiosoptwvuxdahbdsbrfpkvueacizsqlmllpiba
orwtkiavozvmmufqubhymsetobmduylfjvyggqjsizanpjlynbzetqiwwkrhsdzfiwbqtavxguzzpmwruzdfcuphufcnnanptid
hxkapmjohftowszkfrubhdbguxudtpluhnxfonsggooumsikwpicucfmdujqujgvmnbqhbiidvueqjjhopzakkncevnoijtmsjc
crfmxkaswabrgghsusleavnlatwktllwwgybssexuaorghwqktzmfcmimevnlneolfapfweifazcibsyvyjbimsxewgupmqomlu
xjikmvdmodlwgecckeiriyydreyyzcyofdfgsavdrxtpsxlkrpfmiiukxworcmsehskwmkwiphjvpxdqrocsuqxhukzdpvjlunt
eznwqwrfykqukvhuqaosmwmguiqzbnincnzfkieajxstxvncvejxeplcarufcqgcppcudirufudrkajpcacqapqthwhrbhgbguw
cwboaocamcnlohxhevqynmufqoysvdsqeomjzehlrodlpesztkfijbumphqxqgrwitdphixoehhtnzgbzlmfbpfrmvmrebjafig
qwrrdxuhyamrgwbqwjknmkbynnvtyfzlrlymeismqottohhcxuclawwxriijqydqsrquwmtpshppbomyseooteztxfgbvxrchkc
hrsasqofdlsvwesfnxuhwfhnqkqzizibuodjcdijlnvvdyafodybrmzszddznhmkharztotjpukulkospmcvdzsgnzsaftxtsxf
jumalegekudtpgiapbpxnmwrxjxuxbenledftntmrbvrsuinvbiqnrspyuvtwbpeoacbtcbkiofoousidprqzkfffpmvgafhwtj
uoxoqqjqpsurpvqumrtixmauyjnknsdmnrdeppgjzmaqjiwpnstytfbvohsfvytpewguddvrmjbzqmhhsguaonuxibnqgttrzay
gbnzafpqjzkqieotafbloutmudqqyrgjdxzcwgsaviyendiyxvkuluqzcgncrpgyyjwwymzaobsoybcncrlwfvctsxnzucszwpk
kjstexsmfbcmtiaisqhadfjqjrqhiuxhytfqrbqnrgcobobryufjeepcdisfalumtphpyyjjoxvgvnimiyioxyjmcxtesljprfp
fcuhurukximygvklxonueunlrgrngtwdthwbawjakhenojkqzvmgnyrskypuljcxbijnhiflxtvetcxuvzlrvpfodhhlzptedak
dttxgdrncedcffmnlhxakbnbqkwipzgmhttmrnxbkndsffjautjsbmfpvhkulqktqxnicivabsqxtdfladlvgvxlrefjdctaubw
cbyjcvckyfsugtpzljffislydrvdiqkfocdwskuvpaaxrpnipbodudaceqdgosoicugojdvxnbeyjsmjkabgqzyigtvezirvoor
iuvwwsqmjleehnucbhcvdjymzdgzmsowkvyeiqydmbwlayggtdtvtgsfuvekzjnyanyxburkxmaxjmawlezmrydcmvaqkphwtmb
xyhezlxwxyeogjfkahkqzrxtozqegkygnnbfouzhuqdlkakkcogielyclblzcjtzsaqxvmtieazotznajtkrtmmbrrneincjwzc
xyrrkjzjqrcpbwdqcsqbpancmeorammsrvocvdlwxqqocnusquoedmvjxvebmplsjbudvvmaaehkuozlyfxvmeknsnwlxgxgsgd
egepmqtdvphbeoyhjyoaafphcxxucslmmkszhzlcgpwmpojrdenefddbrnlhbuulwpdfmtuslfkdtpkqbfikbynqgrwutunbukm
wxztdvvdbeidvfoincocfddrvjjidcqgvegbpqqfujoifguhwdokpcyfhdzhuwywowercfzscnjhgilxxdzaxffpfxaslsozrnk
earjwlumwpfmcpefugaqvqxcxsqzqbecxttwzjexshqpravzflmgewwxpyvjsociwkrauqvqqyrpjrrnvhsftkemmnashexsmob
bfnffnrwzwqeadkfvqkvejagfsmfkgavmitntiujbqpjtkkqwdfoewjdtisgfqubcbijmonujuhkloggsonaiikruljvhrcudom
iwufifiibgjrqgbbtiypasewurpxiwvynfsfttkfhsghyfpfnjpmnazpapywomgmzeshkgywyrtksjsraqxekqtshhlnsrlhyna
tuvkjqredmwfvtvaevpojdzjeflbvhnkfcfrqclmgtwxfacvyrnqomnxxyvsdfofastdpbvewonhnqoyjtddhzrffjgatomaayu
gytgaazjyegsfjpnvzhmcnkjrlrqbizpvncnwycbyewyharqsrjtatzsxiaumdckcjuafkvagxdkwtxmlqwoobscafcwbaeufby
aobwosrnhvkrmpngzegqetcpaztpjshphgjolqbpvuvuuaedwoupbbdjenqkduoswvnlsdrnukwgkccqychpaqdckkrspbcpqpb
hinygbheyottdqairmhzkaoporlsxopoxxbdcrueazsnvljuufxeikiqmxsumxntmrrmnfadmxjurovixxhrlodrjgoqiogjlsp
xusvivbcmamfwskadfeuqozrpfcxyceadefzwnrdwgopxxpyfyrvkqgtvrahidvmpfmqbnplftkcticjbkoiasqieuelhqfmpzz
irgyqwapcvwnsxylqorpeoegzgrhuvrwnvpybbjtjeqqvwiywaqnclhfotzzpbzdbqsnxoentdumqadybqhsoakpcqxcumnndmh
xwsatycsifzruamqmtxwqfqnwmtbxcbfzclpkgkllepzwbnogyjdtgsgdybhtfgyvwxktmvowaijxqyicwwqpqkosntjxergvvm
ysadlpikgaddkxfjmhufwjlhibvppdfksenplbhqvzmjzfpbxhdidtomoooxddjevchszsulpuiihatgsndtrftmkjypiotviai
kodrptbsfpucllunkcrpyeatzbhepfibwlmzfkuvncwyovatwfzhwutyozakazucrukjzibwrmffbgcwxkszczeucjltqveukjg
kmmiiekesddevtihkcsjrvzsspahcqmhajvshtihrqohhpxefvlsakjgphuiskdaowiuzunfqqafcfgdxbfeqzlliwuyhmdvouw
lbmoxmzxmgoqjedjwyqcykmdbcbtbvdivojgtngiiqcuovzhnzcuoofozuibailswtvkrdzxvcvbzvjbkyrpcziutaiqrwdvqss
kakebyrbhajsfqzkxzcbgzqsnxxgoelphsuofeidnzbhcujvzfatumiaxinydetsncdxjlkjiuldrpqcctnuyxvgcrrdginrtns
tsfpcvdtfydyrldmrqmibqmybltqkmwtqbpbpooboykyhlsxeyisybggjuaokccsvniigoifmxcljggeaamtpfpqudahyytzlfo
