63 87
knqhlguphrdpmykxsvbolkgsczpwehwdlcuxyoxevhecigmljblrrwbmbxgubcseiocotdsqspbjzndcgsizyun
qgwazcfwjhwktuyykgyvgejskvpfekybsxsofenmhfsslgnqszlnbdtgmgzdlgnpfvagetyomulefsnlwhwthow
alrkyfsgtdtpnzmflpksjygitovpuoclbcobynzilhyekiawwruwlmebvtetzqeasotdmntewcgakxamfxungin
slxgerudwgirodazjtokoqhxdmappigxzpyppttarsgxkqvpxumfnbfxylmhxrcgimtpvjdybnhhzygeahzechf
miceyeiejuqnjdagenrfnppumfqgrfjifodfhenvzmspenulvzonbtwgamvhyhgzmdqgudcyziippybwrboanby
hihtiothriqxouwrrzdecphsajljfkdznqnxcydyetjbgjxkqmwkxgfcrdxrcumlpfugkjaocxpukqhhqdvzffd
oppzcocadhdzfxmsjrpchaglpdwdsjfvufpqqmtzeqpykqvjzbffjhmberonjbilwjlhvjhztdxkwbxogpvsobi
ykvylefxxscxbjlbjlfztbkrouzpwcavxrqpaethozlqvxbugmtvemmgqbzezzzlpxsraylmqpslmhjfugavrwp
ugpfdfkxlhogieeqpyfmfjluvmfiwwztmtapvtqmzhsakhpgayqkduhvsklxtrvccctnonoxewfofitfvfgtmko
uhphyafwwqulaculpvvufwrpqshppkfzulozvheikmhabvkptibwtpgvxzzbjnodxunbhtcjywzxhuckxblsxkf
npaadtojucmhwcrhxkkhpocsloilsdunzhbsbbwqzsvewejathtpzuaipobhjcexwthkdhqqyptfvewualfgxks
qokczlgaqnvgatuhlclaziqqvtutpjimlrrrrsnkcpbspcoloxmlsvgfrudveycmbasyycolwvoansstvnjgvtp
pgdcglnnwlrdgeleahynhnulxjtloxnaxuvuwhpgkwwnbauebdyuoldwkobxhaeccteiiostjoyqieonatrwaxc
jjxtctpkhwxpzvnfnkypnducuqjczadzmrgzamkgywxeowpxeexnctiunbfttbifpnewetgbqcxvavjujbkpyue
ogdhosakxckfzihreycpdeaiatqzcyxovzrydkxqjxgkjbsuncuzekmctiaclubjlqxgxmnwexsdqdehdtrmqoa
reiawyqhpqcjfcdhlcjevwhmsgxzafippgfjcrklazutshdmrfjborrviuxrcelqipwynyhlubltvgtxhgacowl
rdnjmrtcmjriuawaxcwdkhqdaauvivzibxjjelehhvwqszlhsiudkahphbdfeiggvkgxtlugjqezzjauqidhsax
elpyyhowidjmzhnbytdxmveuhbifaoseyjqmzaocwuvywzhhjiinlibxcyxnsjgzcbqmmzsrqvrvtzyvppzycrx
kegjyxhynnqwjleisxfglnhkjdatbbwethlhwqyhdzwmqveaqrpgjecewpgxwmswvsvbpcnletmdqabjgyndodu
sexxjerbbttjiicjwgnumazgxpncwfrhuflidgshggfawbqgjctoqdjyfxynzeaszekkrulbdkdwgolegdnmlwa
aqorltznnchilnrcbzyndsdcuhrvoholmmhacbmcrvjfidbxruvtcxaoltjmiognpabbdsubuvgpotnyzshparu
cmzbodxulmdtfwvuclmmmmqgzcrlglvelhdzxchsukycaonooyxsgzjwnubyeaiqbesorbjmokplkcglcklsunh
hqjuufckisylspmevtlcicyaxczewtraydbrbjrahggphjcktsxxfaqqeirsctzdythecybbryjcdnuafdamiza
irxjvwoylyjfavfcyzuxsqtuiqvunpmjnwlncjrdcohctuowslahklepnewnsohegsinjliyeyspncqfzdogdrm
ftcdgamlbopvwvuxfndncucxxlkjsgqrqgumxjkyeydysqdbqqjzhnbntelcprmiorwuwtfgywwcdduoiehdnaw
lzprwpyjcxmjgxcrkbtqsyteyohoiystvoinywlufnnzqevglsugeolrxktuglhyppfyotundyaapmlppyiftdx
irfyqecchwbktpnvjjkoogcecqttfuwuveybnoectcgoocbxytglubamyfhqgzsqeggbefrgzppetyckxmlbanx
jmevpmoydifocndafiumcfhgnfpjunnvxxkulmyxgtquctawxjbfzljfielfbxelviwbtijnersbltftujvxkzf
uqpdttspcrejkdqqpvizndvgajvmjwyxwubfgjiklemhuugatonjkuhumxjruxkcdauogfyjclqwtagsvjsmuof
ohtfnnkmevwfbcsoscthaoljhrtiamqcdrrkwrsqwejvghhecgacpobidaermlnhksopglponsjhrflpqlbaape
fdqfpzontaorerxnsrxelsqgiiswbuchmbqhunxrqoqaumdikbfwfhwddcvvaowmwsnrosuclcrfwtlhqxvxdlp
ggpaupcoorhvgutjbwzqssnghlmljocspcfeoqyeyodpeiczkkfkcseuidbhdsuigowcqiwvpzvetkosckbqcko
fyxajkkmgmfvbwmisxxmrypvjbqdxycrkkqfshodlllkililrambqoukxuusoaxraejftviybprtbwwqnwpxsfb
aobqdpukbvlhxjksixepsgmfqaeihsoszepeuqphooqnptcnbtgkvcdwahtueopdrzljfcrssduumilfuqcfgck
qpfdaiiitarmcxyuzwgwzjbfhexvjresadilskgqtxjcbjvcpeqsovpvnyxujovssfsotylzlitacvytgcrqyee
ciorgcsgldelfprzsaexkwwrhzwheecohxupyidmdgyayrfgnynbywdbhtntewlqtloxdmwfjunoozdswgcicbr
eyfgcsoijmgoblghrfiouzstzaeyslzcdtmffbwbokgqcegxqjavyebweobqereqwxocxvwwkwupuwmaeaydupy
bemyskubupcoejqxwwwdjecpdqaihwdlnxmflhhxgnkcxrsgchugtlfadryjiwqqxmtqqgtunwksgiefjhrmctq
eopuwdttxflymdebqqhjjcojmcerhcxjybxjwwrtfkqmsicsfkeuzkcqktttzrjeryqoghihdizdwkbidhbjfxx
iuslhvybnwjjicbatwlpvzogtejdawthjpsnyqlicutlrhkgjkkdbuxtdsethzuvykgicaxyrmhvxotettoufvy
hnbnopvykjqthuzfxtbtaankwkzqhngoqclcyigwzchhaovjmjvmxcoascsfxmlqeelvyvvbrysmkfrwgfkirve
irnvflabyebftbzmhhasaxzcyngcrvkexqsjpzdjbkevdgpjtjjzfmknzyttchocndyaaaahkdfrcynbgzkwxnm
vgqxtcuemlycuxwsooskwdayboozmjtprlkezsxeoxufwdiqhgapektghgahmqayjqydrmalqirjocomjbnglrr
wbzhqdlcfikzqhhofatxluynilnjbxswszcyhfvlsrwumbuhuopaeslcgczmihbnhdcqbejndfenyuusfmuolhy
syhbxnelzyaddavxjnizulgpyxweayqnvhsmsalewpcwdlbsazfdubprgolmgqutkwldiudpzctshiyqmpujpep
xqjagyxjkaemmraugisadxahtzqeunrornjhtuzzonqzxrkifujlirpgancxhohnezmcelhsgnkddlwyrwzxnlx
hkhitqwlhosqgijwxhztipzsxxhuuyoqojsaiboqmonpnunjjchzsuljmmejgtoyvmxlxpuablggbxgzsoflnta
mihqdwazfeichhdnospifppjtrhrjnfnvsfgildnfejbohfteuecxhhyehvuihdhdhtevzxqhurkjdxdtvviiga
gbxqphpuaotrnfssloqfpyzktvxkborvzeikglzvbuxskjjasapyymharhjahlfctwfvvwybscmeyojgxhjjwmg
yhdrfxdfqngnuvomeobkjtmzeaicyexmvjbzhzssorwwavahhzatolgpoxgbdbldwwaqjvzujbdneoenqweuovf
dwmzwbxrieiysqjedqxqxnmkxakduvlqvhajfnoxxmqzafdsmzejakdhfofjbbmzjzwrwoltzcbfpmdwcclqgjd
oepopaeazjdibyysrcljjalasxvptjryktugykzfskyljwzrpkpaatevbvqrkilckdvnllbkyljwuvgsqjqcwsj
fqfryhrripbevvpugqzajimlvnptkuuunksecylylzgokvcwbynxvaatnlgsyuothllospebdwsjrgoixwaawif
smwobreeajrabcixlzcbrotgpgwntjkxbczzkrmfwysnwivfuzeumaolavzkagouqaiuytfqijiztodxkydgsrz
dmkhskyokzrnjuqgrpqhypteuhaqxeboqvkwzigxujldxgxjghhoijxuwtthmomwczxxdcbbbjvveuswodsuebu
wvzmxufpbyhpodmeniajrisfusjotvvjpzifgkakacuvyvrwiksyakkzihboofeuyguyykhmxhtjttukonyrfgy
rxljzimfxibnlgxyvkdmohvliixdfdopijdkomdhoaadeelhqkzgzmwokumejqerjzyruydndvyjoyacjrcfpqg
ttgopyksafaluoqvtdynpgkmpskdmfkprjewavvtzoxeadmyhpjinfhdefesdlldaxxwqshbshhutctgroicvmg
wqzprrbkwpzktrdnfghfumjogwlczkzuzmhmlkhkcurqmziezcnmizuhyosgdhsmdganqunupzmcatgmvgpnzlk
jdmtiuibdockvrcgyufbgxdrvnfxunudmnudwpligmelcurbvafwrahxdzdwxsuiwvxttfbhcspsaheymfmrinw
dgjynfuhkmhyghkpiseghkvzfexojznsuqcxfftkdhkfohypudixhsjutbrgpwiponxslibxhsjgbdbqalczbsv
bvoelwnqcioaqmkdozyjdogddyfsnjegglsuyzovbmutxqswdgowgzbudgyxqlphzbiuxaojtopajrfkmmizgjg
goftonocbzlikxxbjeycueplytdwblummlkzavwyfjkpdkedoynxzogfkohibybslmlvpjxoldktqnjsfdtaaxl
