17 100
simqywadqrqdyemotywjtwhwlrdbpillgledpiysglzfralfksimuatvmfgenvqntxcicpejbejdsaifrvyapyxchxqtcztlwlbm
iumbbbggizvawdpyqocxwjzidfejdaernyofhmuojsgrxudnmpmblqaffmfjpjyuxbjyqysealxpgqymcodxvxjxbhusnxnasoqe
vxqtffqydojebsnwbflofdthxccizsycwhpfvulyfsuhdturqpepdjaxyvbcufkpzbockwfjtyromfanxudseawfujymyekjrpvq
yuzggmlvxfowtwfcnvuaxkzbbparkzqvhcnrbndqfvfdjrksgkcrtackescsduqbtvkmhjcallyygvgwaeuxnlqybatnusiripnr
eyjbuuxmmkelserconhrpgotloiabzcscfljfyplujerznkoqthqdnzahfbuplihatcxcgwlugxnypeggovbykufdxuiishoqnqp
wzzzniieltqgsgmprsxuivfokrfwvwewwlinkvtsxveorflnwxqjkkduejvrssbmbqixhpczkvfvlknpixuzkrjlexqgnjborhcl
goyaivoqwlpkvofyabigjawzsbzibjdyirfbolcclksdvozkkjdbyxzgbirkolavwrblmjtmsgwzadgdwtqmkfpkkrixpiewknss
ezxkkywjjonygrudnjzlbbezvxliiarcswxydcjywqemsgkfelcpihwrtsxapjyeougkgsdgbfvqjtmkfbmsflsfnfrufshtgqzt
pbuojiwhhauoljgthukbxzgnhioiyifozvshvidvfovqvujajooypqylwdzxmgedpuutemmleawkeygvlmfjoxkgqtimxldilour
sipauarwrjcrnzvojfpzfpfqwatnftprnkjgysiyrvxdezwlvnovwkjekulbxdjcmurlfnvoqvnicdzlhxnbkofljuashmtynwbz
ahpkgqjibpwiszezoftzeyfskfkdgmvjxjzbykrorloozanpbazfxzmkcmulpuqmsxxykkkfqcgjnarlsyptjqudiiydrdyupzbw
ysakrzloylpalmgejmonlxrfbyqpneaqujhohdadawcufpnkaxihyvrqegtxwpphmewcsdvnlgqjwunfhrbtvgtjmtichfuxmkwj
ojlkficqzmlzhuknzkxbtgfkagkcfohpxmzojrbmenbsfhkuqyptripxgvwylaqvttsqehravoetzwvcrrcgwboovhhkckgfkyat
kfbccxwzwlifuqiqnvvedafchskgbryssjhtxzodlhycmmcabsmxqceqmhnrgnfyfybxhjvwqgdrsyktytmtyqqdmkuihyckwbsn
khchpxuqfhqtvquaptjczwgjpbecwedqxeasnzgnjzmscnffbiewpnobixvwgmtafwzjdkotsfdhowvzshdxdbpidwikthqhfkaz
dpwwisqthzezkgcluzcdosbidcmmdoueejdbfdqdeuxqgwquuhkyberlwvefsltjexmmxftanrjpslfaxdkplygfegnhdozgffpt
skoedhhoquttimfvylabppgklagfpgegiggqmhxrvagqjtecfyaosoeehttpkazrtgygdadqvsbsruxevmqorlkyukwnbuabqfug
