100 17
zoplzjoehzdximarh
xplshcierzdqkymcd
vfkjzqxikisjidxyb
zfsltngecanguzxvb
mcckozttteseybget
butpeemilplpvbgik
vxdgdpwbyqunnrmoa
xmtnbyjjakurqbmed
vscqoopfvzdqwiwuj
tyinilfmkuqojcjbn
jhnagosfcxgvejwvj
rmmzgzoeohhtjmbfv
cayibvdyzzweaadte
bqhqasgewscavpiqt
vwiohsgvdytonmzii
eugphaarapjgfojno
tquowsawsnavublai
yntirsvgubqfdvaxr
plrzxdgrlmhwckylc
qntveilbdvgjssehc
lgnymrguklprauddb
ueamboazxvcvbfvcz
skhuwxpdeblirzjxo
cxlfqakqmdsqhasvm
ofzslcmecdtfqjxcr
mxwphpndbtjasmppd
xybhlgsorlhxczzvn
ztzvfrdsdjhvlfela
nwvoutwirhyhriara
rugazprfnsuoxyghy
zywexsrlygkyepxxj
ydufdtjqbnapjytdx
okrdjqnoxrbbnxznj
rpmwkqfnbgcjibvxp
kpusdowtfzdpfinff
rxsglomecqqzcszko
fitufixfrsedfgglr
kduwawljzilapnzxv
jeiizzrgajzfbmaxf
yjgxxszsanwvoaymi
ooomigsubqvqbqafk
rdasuqjndlklwyxsh
xyojewcjcaknygbtr
hlauaridusedxwyix
nfkcenukosjzdggge
dctjyokgkwdscymwj
hxhxzatpmdurbbixv
srrravckszvjctkdb
zkmofneposnlmwuzp
wwcoydmkdfntuxqrd
dfkwanagifpmeutar
awnwdokivutcxptvb
vtoiakveopwskhxoi
vhgiewnfzouxusqbc
zopmutbyzizmqzoak
sprpuxvkewpahwffc
ulyagulkrxtcsraod
mttnjhlvudczvmroj
gfrxdynjsueldinhw
lzvyjnfdqqoyvipur
xnwoezkwaeseaaggh
pfbgngfhsfbyqbekt
qeehkzehnjdxheonp
dadlccglyyeduloos
dlkbxncreslcngvwt
rvdfohsvauazvyacf
bdtnxoxsxiqchvbsz
cggcypoavbrnfghjs
nsjgjdypizcninfer
ytisbbtdbhgvivobw
dcasgdtjdfwrtkvtu
aieobhsjjfpwadzju
hjisszwtmmivtuwbw
jzqnsdkauqqrbbrun
xddxiieorzonvfduw
oaddkyaqjmucnofjn
qsyzspntitpjrctem
qtgexyeebayzuiglk
ufqebdiunjzsypznb
zvvwztjmnxslvdwdh
zlxsvpddslggncvpe
yypgcrafcupllxxnr
sjatzftqbwdxlgahy
synehgondofnateft
crwlrdhpgpzpmnqhq
lbsjeinzwbslubcgq
uucizijcnxtmdtugi
uaplylavtjwvrpzst
qrvezwirasxvnkfuq
uxpattjaplowwwfjb
nzdntcsrqxubwrssu
azermactaerwroegv
xszxxhivcdbtibqzm
eaqpwkupquijiwzaf
keqwnjtawejghsdwv
gzjsfgjldpppnuufq
beytazkqtsedzgbiz
loaejligvgleiuzhx
fopyzcmgztjnuwnys
eiipyykuvsgmpkehv
