17 100
gdibfmifowlvwuhmgilcemngvdpkiufrzpkxilfewyqwajxynvapbcqwphjdmuhjzzkxzabhktlesbortjgurrtlflbypwnckekm
zwkyfvsajmtnvtmevfuttsgjovxmqvxwolkkikcdolzxpvztjdpvidpfuqicblpwkcqcafotlmcdumfvvrhbtlpzjweetewgebcb
hakmkwqyxpsormwaevolazyfwowhiopbyapwkodhwzksqdxlnzpupalwdyvmnrrrmmhxzuiwlsbvqumacypkmidmehevwwsvyoey
brxpeowucethjjkowdztbtfitmcgmhwkodtdleqnhbkczjrffevydobojpbtgkyvuzwqgdjaluyeucvhechzhnnvqlatudvwnhkr
jtkxccrfwtxktprlmwszquzffmplafbmxalcyxwfydfpxtggxnmzrqloedoptrijkqzcrzpplbozurjcasoogdymxxqawrueuwyb
nmhzpfwgktzqnahhiswmitnobaryelctqtjcxnagyglkfopyntxbjvnkngcugyfszphhpqbpfghehterpjpcevdpzehbeedlibhe
tdunfzcrhrdzpvdbaztqpjldinwbbcgvfhdvoxqkzebdduxochrtsvfragahdfoipkzgfzgruthbyfpyjwpmucoovtiecyhobwty
ojgixobmkdderxetsztkhoplyukznqqjltrjuwumoylcsuwxeexvvpowelwrreichrkyiegcadzsugnjuqmglmaltfcakrskgfeq
mzqcpxbhczewhvgutfiobsnjeezplaknohiaerwnfraumeswdrsjiyyuvjdgfnbmzpdntsefuophmantlrdtfwcmjxhydykxxxbf
taiffgholepbmmzltnabcumboswyrlzdpftafpdguogsraczmloomvaxqekrofqygqufhwwvjixthzdeiaxfrnmfnaojyiyftzod
opwdxsmsqitzajtczxywelqjbetvayyvnwvwtxcxejutbvrwbknrnxwenqyaigmynugimambqzxuogqofzemladlnrviroveihzj
czdfxmlqfmtbaygtryvcrebyexnvjvrdstlxyhrqyiccjbyyergvsqkorlbobbacviwwpvcklcnqnotayrhmvbqckysqwivtgxuv
rvcegeqbahpziodfknrbjnvdamqvnnpzmnbqpuyhkvxljrszohbevxfvscmcuqawsnouzvkochnpptsyzvqkjmvbvanipzaahrro
fegiaezttwqlhfqbzjdvxicuhtqwffwbonhbcyqovepcxwtcodsaxylltgnsswsjevqrnihutxemrlgidnbywjsuvmoesxiybaof
uafmxichudurysfgeyivlnskyciziqfvwdzwmuvnesftynapegjmbupreerauhmygfamuovwbnmgbzcvuiaspwzmpvhpxoonikwx
yeceicnihrfkhakrrotjieufhitshkqlykvoeuadpvcyopgieojunflholiucvhwweosbxgudmizbqszmhxcsqyigwbxibdgxoys
dpnnzekvvuwpfqaiwcjciglfojtvykmwimlbjaaviklkdfxbrjnkepfyfwxkuszrzaidkncuzgnlcuukqefnwzqqtofbkpzfacml
