100 17
oprimlupvnlzsmvyk
olvwkwjnqynqipjiv
mjqmypjtketcxjtme
hovcaobfilbimjife
odlsfrmjjeukhpfyg
vpnqwdtojylsnsopn
dlejjldsfxuywcmjq
uivhioeuheukhwsir
xicbucsunlstqzzna
fqmqcrdybjjiydqik
jcfucylkndubcjcwx
anshllqhfisinqmly
thtzehcgpstzoktbt
tvnlvtcdywrsmpgau
xzfkahfjadbzqbdtp
pxddrjwwcslmtwtxo
uxvohahfhfygunarq
foqeixlhfdbfhzhlb
rahcnyhphpgoixurs
vqaxgqivoxwbonkay
iowbigmenesjaoquj
xwhatrvgbpstlwjml
ktpqdbjvedpsgkqda
qhahrqkdgucfxcoqq
btcyhxbsmrdmojcvt
odrpxsnszaemyvuqa
yuecffrlcnpnejrhl
xnlbprjdfidcqvnwy
ytiysntkcojzoqhsu
qdnykzvpwyahlvagg
lmbzgserarwvwscgu
ynibjlvptxnhgchiy
qxahqtyhegpjtzzgr
nzmiuwrhayvebrbfx
mcvfsfeuyvilptmed
glajajsjfuyvxpceu
rsqlltkqxkodtqifg
hrehkkxrtjxwbitzc
qtwhhutkqtgzdixve
hiyjgltaiwbqgynpn
cfyknympsckhnshmp
rmdgzjzbwcrvhecnh
hshufqkfedixqcuub
zhuqaqessdqhafuym
hmuyanurzsvlzxynp
iinjbhiwrcwlvxmcq
srjszbcwwockhjgtw
ezblljeklufhcqxiq
grzmiojknzxwoibpv
kxjjxbublbtgxcxwk
lxwcwmnocyflcndrv
bhzjmgdeylkqnlheg
dtcdheepzqslnddhg
hwkdcvrdcmygdpugt
rtfcqytgotwtaucpe
zrfzgtbthnickqvmu
rqkprubzjgahgvdro
azkmtbclteuczvgig
mhhlunalqlytcicfh
horenhdyzytljsnbn
fogfeecnygngwjtok
hidjsyijtzdnhihoh
vwdxquhqsmosuurkn
bdogxxfldaxlwqllc
pehkbimelmaxsnchb
sjvibqxitkzaminpq
rhphwyfegsmunwunu
njcomevolusjhaqll
xsyaoixwbejhqtjun
jmaqtykxhdaggqzry
jxgntnbmtalatfqzr
bwznuowwqdkgmjkqr
kszjckftbewbuwbeo
ootsbqdqcavhdxolx
cnssqmeparlchsqzr
ctsejfoskqnsxgjql
gdvsiskymmwjluesn
pmhprqlwakfnhgdwn
ubbodtarbswbybnnp
lrpukxcgzstqppecr
arfxqgwvqjltmoeky
dfdlwpkvtjzlyotot
dnfkjsyyocaudrkar
vycqcpfgssslizyju
gjbmvhgjnzentbufw
cbtcprmjvduiwridl
ulthsxdunkbbhwxpk
oqcfjibllgykmefoz
qecjujpoxvwjtdlhg
dxeilbibvvtdtpvga
yihqxiqzallxjbguu
ablroewfqiltlyigs
dxwfgbsoqpdmbvqgw
pxjteahylhsvfxqfz
yifoqrwwyjosrrrad
fmnslirunamtmsscv
hsjryyutryhkwofgd
oybiujtufooinhsqp
bicpeyuuzfxlvutgm
nprqxpwzmmfxlzsvr
