100 17
vjmrauaeqmjmmzmyf
nhrquvmhfbkwptqyu
jfhgctppqdtuupzcn
tqsxbsgphbusahtti
wtrdnmsnbldfumxsb
lgtxacqycdonhybci
rnsemgenwbjypaalh
allmpiasuqyrtxfst
bfnnpvxkoyhecavog
iaovhahslzqeyutqp
fnnmmnrjjkhesgqoz
nicceocewskuxvvgm
wocdwghgiojiejjye
hprxrkofwfxglbquj
poxtccjvgljckcdwb
armmcvmgvhuvwgpud
kkcuukpojtytxcswa
ldopuxwexurrzmdqw
oirljukaoskywylof
cecauunjbzejepwyx
qmtcfizrhyelpemyc
yoxnpebreneuquhhm
dxngiexitmqxfmtat
wtmnzjgpmiqgijhzs
ywtfsrdszqnfswqcv
vzvvwsmreqnoiwfao
eahdxiqlmgpnzbgqd
geysihoqtadpgiuyn
hztojcgpskmiajubr
lryrizikwakskldqq
xbraqmbljmqzcsguo
sbujrbfbidyueyitp
lavyahyldqlhpyksv
ptcdoqeerodczhybn
zdvyzvjjpvvdbnlwz
fjltwxlzckypxjdke
rslwkphfbzjdtvzzj
lwxkkhfkgcpuwlyte
szeqenjgdlbixrbyp
euftywheyjmvlvtrl
auqrxvfuqyjggrxfy
dnvibrcvgibnrlsvv
joonyugwhhbbzczgk
gijiolzcfmgafhqcf
jodjeiihxyxweavid
devodwbqbwsvacwwh
wwrqqxkasnqanlfcx
ldxjashgrnulnhuth
vlgpojeyoptmfrwme
otdvuauzcufbdugig
mudchyifuznlffuyo
ppqcjvqrjzddtprao
qcydsvxsvnwrntrlc
iogxxgfbzygmwmtex
ebhbqvbojalxvmxna
mlzivfalfnoycnuhb
sdnkjpatxlotnpkbc
zmygqltmcggfmrkbi
brborsamamkqdvkon
bbjlkbudzrpdgmhoj
yjpdqyqxynzngcoia
pxnaateubihsbpeer
atbwlhczfkotorrtl
pknjzghouijztunqz
qvtcwsewqugljoyox
kxgarxmieabszkzev
kzouywojwjrsnyobp
cglslgduqozvljghf
mojnqcljlyszastio
fwzjsywialugshiyn
xfcnpxryzilslzslv
vkkkrimjlhwgkotzy
laaeucvghchnefzsf
pbkikijedwkdxeonh
xlnzcclwgsscvyalc
cfjkjepkbqzuaobtk
zkraziqmduehadsjd
lfgohrnbnarjamdnm
rwnzoojgycsqwyncv
papdkaethblbjwvov
hyijkocnekruytfyw
bobedvpsjqrtvohhn
ihpdenyvktodegqnr
mfganhqpjaaqzlcso
fqwlnarxhkmbyxlhu
jnldsrfpppwkowrcm
ztdmakzmodszykmva
fgsnqndvgoaupfeqt
lbmzhuqzbquljpzli
nzrnocfgytagvnpus
zlqgqmjkusjxynjxn
sfzhzjaznrnmpwvqq
ujbuecfevjhouylnp
ujvbjjqklyhxaulms
glzmbfkmosmolrsvi
oivhfzkkfwgttbgcc
fisgelyjrglhvdotf
jvwgiwsielchojumw
dkrslmcxirgjsqegx
bgxazdrzuazrtcwtv
