17 100
nwpdqgvzrnfvdzeloawtyxgmzjkppvdvlyhwcolmpcvzobjinypnkkznnxlsqqmkffombdwnuwrkslgxghhsafkoiryaisybcqcr
qcsiabnshixvakglbcqyghbdzodrduplrzmxcbimiiqaovkdcuuogekzobhvnklkmoltdyltvsextytnffvnvbdxquhlcufqykax
gbxxtgaiatgopolwlnhjlbdoqfmwqvelggjjpktdaqfupxmncsuvvgjmxsbqjhphatosmtgdilwlowkdmvuehbiqwrgquyarjlfb
atytzfijgwjhyhdtknwgzuaehowwmirvagfmirprkhpdguckqoizhrfbaclpcehyiowilhiznuovaqlxamfevaeiqdvsebwqumko
zeaftkpouatecviuzwzqmqpkxaqrmlbqdqfcopcdsfjvpraxzuosgnifdvndndhhegbrledezqdxdlzknemlwafciblplolvwkml
qbdxwqkqdtakamtvdtvywvwplygqpelhyljefshgedhzigdyemdmambwgopgejczgrrwnyodvitgvvpsvbivuzwxuwfyytcmtrjk
acsdtjebrxzzotuqvupvkmkfynrlxcybanzlokxuvenuhiamqrxjegmmeqzaowwnzwqjbcmksmpcdaxdnyiyqeqendkakqzudruu
haqlgbkitawmnkpfqbbsanssznwdxnqozgnxigrwuefpuonkxfuroqyxnvanjuymhpcocpreojyumjhkzryzlvsmewjhmjsrgagk
rmmsjwsbxliymqielioymgvpmtugvodyjkwjnwnqsemuocyiecfqkznqculfcihasxqoyyqeflxfgnfcqhgjdvbaguvxrmfynueo
onmfywtpiovitharrvualipctlnesxthdbdofaljouewwjibkfrjrzebzmxgdjaqvylzdfcxaeujcnobperupjthldhgdzorefeq
gdectorjvzgejerfifvrsdzrtbyninnaittotbxfyzrcpvybwbdanetkbfyufxuyyjyvxfygiticvxwtzkxtzgipcxrwgbkgumdw
ckvwaakjcnquhuzvkeuwmyoohxryzmfqqlzbfwgxvtmkytmgnyovteggadaxrvptaovgqrwominlaaiulufqcbwidvezvzptidaw
nsdruaumxefkbwddvzsrqemrqpgkgflrernpxuwarbomaqwdpvjvsirfiaukjbevhjqfyecgziwweionsjeuembzorvrmnzvbmas
joeknciknwjodobrykbzcgepdukhmxntbocnxhjwdxumpbhdwjvbcxjmxuqxfnptznmxodenzwkfwwjtilqgvfledqxbpdcynzgq
ctbhnrgqpzngecciapdjwnxksetzklpfznphnfrjtvxngjcpwfddpzjdmwcwfpknsryidcmcalxoeyoxmicznsuonzjmmmhiwwsa
olducdpfooufxxcvfzgbrwkejcwuebphcjregkniuqagejrwfeaobpriypexafilebypepuuzwagwrbpqqrmcyhabycjbtbpnkky
pznpwdejeimumwukeliztnyhmmsvttscegozadatxwazovwkstgsatygjwkuywhdtwyiyqreltxbcvjnguryxwgfspaikaeyglzi
