17 100
fpgtfxzvxdvpsxdynfuidwjvmrwrfzvhwkpdctnifsmjgtwjgfjaofezawqyiymkpruqltudzkvjspmjnxwzxsmmcigegngdswze
mxrztvfeibwgvhyzcrfdxbbuyiwqlixerwpcmyrjphvzizjgpmskfoyemythvtphrtpftpexdopwjzcmwctqlwymjidihdblxvpe
fdgyjqmaohistzfvjlmqvmoasonzgdiwjqvpgcfwyopncftfmhkncohqqlnvhmvlihdsglxlacvghnmfydhllnbtafgvoyfdkoka
bibnsyrgctgzqgialxphqwuwtcutberyvqpygjqhrgazodtqkziyhkuvdjmssfqwlivlbglfncnkizfrkjdomrwxsrmuxnsnmcmz
fzhmomwbrbhrkkhymjxbqgcenplldjwxmitldwgbsmzfsjnsmzpdbrxzdvjclxngadtevtfrghpirysjrilenhxqwdpfkxbadcfk
qahgpwsrrdrcfmbmkzdzyqtmuvbltrbwojlobyfwuvskqblavugdjikryndrlwcgvkmayvlsmuqclexorodldoyrijwhljtayjov
txkcovkpwgmhtmyzkijiqjecgyxslffgqklhcqzjzoyypjasnlkycmulflyolgrcoqmnwgprfvotxjbopgdxmkekxfaqjnavwqji
ednwinzckjagpoxolfetkuvkorxnjjsrxfbgefmebaxijsmjkrtzserecnahkngawjwndrciwiyyiqlwmpbkplaigbsjhzefqvlx
sxszolyguprgizuoctgopsyimhntaxprvrrzffwczuxeuaryjaukqfziowjssjfccjrnwcdznlvzuqxlymqulmbzelxwuaaelefl
ptdgarcyygfmzwpvzokoeqarnhbrfrvrjdvujybmakmyqqzoafdgutorqjdjahwrpxmiivepdwxmyqtgdfqyadieszuiypycomyu
imayqdqljmsmtiuuwrexlfvnfmudvqgsvhnswfrvhpwqvcsvpwhpboggezddfhclfjsfytmvcbkhuduscyntqxrppehuettqckci
iymdwnnlrbuetqbysnddkreocgglzjhpcdigrlugcjtjwcfuzkoqutrnwjibpmolxjdnpdkwxcsrwjdpfxwsrphlsqdwgevcrncn
cwsuvfnssnevwstioyntrtiatyqxreijiijqcsgintjdpoirmedvcplicrjqlyifzbcxplceppwenlacnikuipxvqjskqddzfwfv
lmdotbwmfvqwfbwxjyokbujezkuzgkfqbtmvitmiybljwuwnnnejvhenmeeqvmqsiqgsrigzakfksoryzdzybppjiopplxenmkyd
soytapjmnyavpbdaiuarxetwykvacqkjmylcvsnhpdbrekgzujqzaltyukhlfwkztwxnpgvzagnqowibrqnjrmldzyfzsndrsbuu
hgbbifxqkzvzizewbvqtuaiinwixlxfzhywhnsoeluydrsajfcsdfnguigbxbepqalbopfpkldcnhavqhrtkafqixxahgholrmnr
ghuukdhnmeinaqzcoaoziiyomliqcxggztfqzqsfcvfaqoacrjjyfcbjizaqgnfdudccclcqszujepgpmoqrikwppebsmljbpnfh
