17 100
boxmwtekyguxcqrfetzgedpeejilxzrozbfldzxbnwrlvaabqmmlfhhuhnqbmihcflyoixjcnidlygsmzjurowisbcfqftqpgxsl
cokhuhodmcudqhxkehrcksxuwkswxqamemzgincbtibgbpvsqzdifmigfkuqbyuwzzhldkrlhtypgtewvgihjrhordsfzfjxuhvu
ffuzyhjnsjncnfcxbviyjejcsikyorhsbnpcridlvdharzwghduygtnfrplhvdbonijyosxzovgczymkuqjqpfsebmjazwfcekkm
yxrfeyvbwwzgpaxpjimgitezkqdmokggbkdufisoebaasuensiprkxuwwdfuakdduezrbajlpdjabcazshkelhmfooxonekjynah
ztcgrtmachtcstolghigcmorvxeltbjqhsusazzzuogusadmezndqzjchimsfdjyvdzxcjsddizgmmsrvtjlasazonitfspkwnbc
ufwrmxrqxyocutyuoybemrgqubjazrqoymznmodkbapmfruujjhwdukwnlhuxryeqtzvfzmwisokjziwsiuozhaotvlerjthywmd
uigbrkbutqosghewkospptgbwuzhpjzcoizmbhfhsiyqmgswxnrmnfmvmjpkvlzbhsrscxmwckuqojskycxbigbukwrtpveegyxa
zpvalrbcybootwcyudadfzfteevdgcnylmdwfbfwvypjvqzecfxambcvxelhfcdmiuonjtnlhcqdrmyhcxddevflrbzharvdsnle
shoflplfhnfdbdnsdrfzwfaqaueabvitzkgqtiuliqsyarnbnpotahavljshbphfyktfvdygouexwlisodslybjhdgnlyqobmclv
mdvnddodgdhjluedkuyrqyrzgerlzsicwfwczgkyumqbptnszfjmhjuksdnpeidnlnfiffbqxiitkhbarjmeepluozilgxefnuny
pebannktigrnpxnqywsxkssmjrytdirffpcxjmtptmnazluyiurtqjvduiaytuiodgmqkdshyvjgoelwxqrxphnwyseifchxsjgp
ddrhjouiicapapmznjxegkdpnyeqcpqykcvypjslhdmxvqpxbkwrjjsktnojhpmwuodvlwhmjlirvtvwisxnuquvijnrmqekuuhv
tjiixxpwrhggxwbruprtrmodjonaajqeievdwsiuogmyijhivjuvallavkdidkggcpichkbfvlsbzuochndzrfudwtsnvrcrliop
eafostelpialvdgjsxvhucgfuvzypnqothruualunmzaaiokfiyutpuyxnqqdbgkhozvbfmkdgoxfqjjylbflsgkdbotvbshzxbm
vsosjxizpzzjfrmmybfqnqyxkcfgzvuvqyljdvtsqpyblgzldjphgfkferntppaybfkfgrsxcnttwogbuvovdljjybgyxmzbomdq
uprzcnwnumokxrsidunuzwaixslsdfukcddrpagapkvocccpcdqqfjpolqdcsmphjuvkklsgatiuovpywgitvyqcbjvsgnjyfjrj
ywwhqtwugeueopbcanfdkodzlfpmvffgipxaqmnaipqnpoucinjrdwlhecetstznhubgfjjotnayyvyxhvcaeyuxyiqflkifpbqe
