100 17
ctfkqqehpxywgxhrk
jgnrafefowkpoufvi
hxzbsnbfqrvgzskgc
pxrsrxbraxxofuflq
dmhuqzrmqexehaana
dhuwpligvjffjktuv
bzqrcvfvhvggyywwy
irjywnyxqsbzufgpa
zvaeeswjjzpulcbfr
iqtaorkxltunqelxj
fvkaubuyrihoguqwk
cpjkjivqhidkjlnff
elduahzlhhjwfdrpx
mwttosztqxxiwwoxp
oqgawxadpzkiboqih
prbxpqeatlwjdtnkj
wocerqyxlmvevhsam
rwaxhivodbfwoxymf
prgrzoajpydkjzhho
adlhurwscsedyducn
djczhbjacddyhafet
dvtrmzwcjbxmfgero
blqpgkuijzahgdjzl
sgdfpzikejyhoygie
mbdnepmxsgzejhurv
wqapwubmnvenqzrtg
iybgrolfkgwpixtdo
ezdoiwchfvbkatpzn
jnvdabwgvnnnqeiop
raeutixwfyvxpvcsb
xdslcuzdipwseqtdw
sctkuyzzqwfrtvizo
bjrpjouleckynhxbe
yzjrpzrqyrojtteuz
bpkczcpfqxfweqjld
yyrlavtjfqquegouz
pgzvtjcbdztawaxlw
ackowegmrkefbqvqf
jcueilkqgcqpcgdzu
hstjkmyclvearmrzb
vmjxuxfqcojbqogqj
xcgfflugstapaczak
zffuatpfigovhruob
mdclilxvnhllzfbpj
cdjvgszwrwbeblnna
okkfttvzyqxavbtcu
fcfercfrulcpplfxi
bitdairbbvsvxvvyf
arlmbikitqziahait
yfwcsnmmrhoijyfmm
rabashoybxsnbhdsi
vrrrfklnmkveqeljb
nntxbkzvwyqeizzgw
onsumfalfhvgguetp
nmbtvwyebgmojuuwb
daravbbhawdgddxlv
gplyyugjhsyrjpgvk
citoiifdceetagass
jgaresirmcdadkpbm
ktzxrydxcewmbkloj
wxfskndphqtbjmdyn
gzljfdfsdnitkzjyu
untdcysltnfzjeoxq
niskikybtpvgcewax
wommarscygsxrlhru
npuhgzelimlzurrgw
tginnaaaqoipmrmtn
dnjusvdvhmfznlfir
orsgrfohvprfakifc
zmjrmrsrjjbpwlhqx
dhuzlgirrtekeznhu
cmqvkkxntqksobvjf
tbtofwrydlyacsohp
wwewbhblhkyojfseg
hxuydeeemsnqiiuym
tsvffdbywblnhtgog
cehhjgrxieojvutju
pxsyzdnoyjvoqydxx
tsqdkijaouepolytz
kxmknmyisfcdqndbu
auekyowtxfmfdfumt
qcbawzuhugbrwfvaw
ixuvxhmjdjbewjqto
pjbasjvxugrujujvn
jovomirkbyipsuwvc
nrfxckfwpwbuvyjun
tfjwzzuebyhurnmab
vhuvzqulonopneqlq
rhyqeoztanfpkzvag
xkevuuoklspdxzrbs
yfnmerevubmkdlaff
friyqrzmdfuzawudv
wfrqbvhanxrxcqdlg
zxysmmrshvdwbuboo
yikehituukphcsmjl
ocxshvvfykrwthqat
ugszsnfylnrkqahlk
nykzuqycjdvlzyixt
fcnckeicgunrgeqaj
nbgobkfzeppdezavs
