100 17
qxbkrnbpxmdascmlq
tqfdpfdnjamtnkqkd
dnomezfiblfvzzgjk
wyggvsjznhziqmhab
bqpoerqumptryoaxs
jfrtetsruglsaaoav
wkcywekgukcvgmwow
nwwelrruwqgnbsxgx
lwgkgcceoewoskvsl
hyajpvulfefilhmtf
dwidmigroysnunrwi
nzelhytumquiedrfe
saspfbydtyouziwel
uqfgpniqquzeuqtfc
pxtfwemaqxqnflnot
xasdcdjhywlzwijkq
xvzywrkjjlqzusjap
qpkritdivxjfalzap
lgflvslpwwgpqwoik
fdopqensaetoiacju
xijbfychmidntzmqk
drhydpyuwrbddlhor
ybzyrmumuczjnconz
midskmemicsvrhthg
tmubqydkuaygzhhje
otoqgvlzxbafkjawa
jcqjuzqgunagrxawz
aivygejjrctawvael
qiniukpmmezynarxf
nqydjnxgzadcliqsz
gtrhxhhlusrtgeiau
xwlssiyanpgvstiya
zdpodwsgrvrljgiwt
zexdsrktasrnyfumf
sibicrhqbsocogxgw
mjgnplwiixaxaxauf
jfdpxlxgqvjfylkpv
qixzbfofuhspqhcjv
nhnixssxyfloopvwl
cnmndtamswlowprou
dpumuxlifxshxytce
tvnnnkfxzchfqomnm
sayvedkxokjyiqhrv
uthuysrfxhyaxwhfl
hxmpsjgsnqgjuywxf
blalyntainhykwkmc
pzwxjnxvcnfqrtykb
adqtwtivflymjyrkb
gnzvmtfutytyqiinn
simwghsonxekhyfya
ldgttdfdxpidmwxei
vvfggyswqrqdkoxzw
bhfudhwtnmmhhsluj
oiiluxacuzagupoig
vktolmpudvxooradd
sgrkwbhvaelndafbs
mfosclpitqgobiays
bgwmyidhjvidxgeyl
zfwdxktknlzwfuzxs
pwuajtxfqcttseytc
odbesfhsqogcjyqcy
nncttizdiuupfyirj
xxmhhfeetigsanggc
kctsweunkhghxxuen
tlkpmeyhzzucazewc
cantqtwadjkjzdmkl
qinxlfplgchcpdhmu
wclpipzosyjnripjf
nyvqijkcokhgwwejt
blxnjsngjgjbhunyl
udfutwdcbrvlkgpmx
uyiipnuywjhgehalx
ibdodtvqklapimbpq
fcslxxyrldwwkzyvi
atydxgruwhkqjkudu
hxqqyiafkzsinybvo
qkvledpiobjwxlqla
lansudpmsunblfpko
bwrvzuvqicvrqoefv
tfuwtjmjqsoaoraly
lmpybpscycqhknqpi
gawwkkcernmpjwjyi
xvpcpwzavltzhfwqb
xuawbjnwgkztjfgrf
hqmrrlcilfqlhqiqo
gymuahypvwufxjznb
mcmiloeonumagraai
oxwlibzjdgvnxwcjh
yymbbemdxmlucfqvy
urfmtjbuixlztbset
ucyorayznjvcjybmh
maavuynqqjkbyhtza
xpbrmjpqdrvjuodxa
bxtobcpolerbxipih
ehoyosdjfotybwhjf
deqiqwmesocacjush
wbeicgzxtknkdcuye
ygvpltivslcefcmwp
jwkgzsysxeccgyegu
aapcpnwjlanjdwuuy
