17 100
mpeniwixzhoenkxkztkzlwbdqctifwwyjajolulcgizsagtdgypahxcgdlrpzlwvkpcwpphkhmstemjyetkphhafxaajernzwykr
aordytdtevbgdmvhjwmyptjhbwqolpvkccgdrglgzpxvdbcywpjyrvuucllugmzbcsmiwaambtsqrsrhqjggjvtpapfzaxabgilo
ivzbukcsolemopapvllueepudravhsndafovqspmshyhhaooceiljvvhhairsjxxrzrsqlybnijdgwtahjmcbfjionvuyykejaui
wysxtepdacnzqraeybwipnjucsczcwloowhwzndlxjafagktqwwojiylitlqitbgnfacdvpcwfhlklbsmulikjencmtxxcklnipa
wrbiekeakxbyiwxqcjldbwlvtbpdoclkpsxfizjjswugezgqsgfipdgfxjyyikkbtkjrvrfmszxkflfkahdrgjbojwbhaotokfpf
ovrsyewufaaigxowclgeyabjpikpwyjmlnzyehvwvxxpgslbwwpqjcovvxazmisblxlubfnmxznoobopbeuqrfdynkuoopheeepw
deguinoruqqmhukhdsvijzgtqwmznrmaojscvyvyfprtwlmngeqvndmixcfrjzootbmtfyalssaactwcyfnlfjryviilnghqtvlu
cdzdkaganfamsjyfrcspvvfzxthfnerqugjdeqwdqcjkzthbosihglxgglkpqkqwkwmtdiibbebcocywomwzhsdgcjbraupeapap
hafzspdnnyfoazmtlcnhgwoznpjrygqlxjpucuzilaudlbjkfettnwtxgfmbbertqjhvckobyoebblrcgncqqiqnfowdhreddlxj
htrmmyiinasytluczjfwsqdgunqqgktbjeiyzhgexvlxjfvpjpmnzspfahqwkuaaysbimmgpghmhushvujaipqwkgejstmutjrxf
dxkpfoehpjyxksjacxpwsenqljivutcoeaujfvvyvgzvdzlsmdnciiqaxqbpxvanyhlzatygnpladgzbickkjznwzzsbyzhnphrm
ycteusqwugotblowxtjxqtvkepaeuedxgtrxjgyjeikedvlhzhdxjfkcyxanyyricjtksgxlesvcdclyteljnehaqabuakrqhvjf
rghajkzejwttimzxexvdggqxcbxvsflmwwjwqgdcwubgpekqrdiuiwbyfwprwhvmresvwmvhzwrpbwhffukfsnbotwawpaqtbsqx
nsytepekuucuvwqngvedelfcgaijytgswmzyowyobwaukcavyfzqpawyvotawgthhonwgezuyqvxbcgdvcyrkkrmrrsyqmcvekqx
qnwoqyxmcbqsabdvinplivuutyarpbxcmwxlyeinclqgmldxhsajnntqpqseebbfyrydvmwnjqeveeylwfshwmdhiygayxscvabt
eiuuznsxxqnywqseutdtywikeazawduwurunizhcrxgjsuuxxnhyouhdozkuymejhouwjoousuzmlyebqfywfgejcwzvfcfdfale
ralsdjdkwwledgsbjamawtfgpnsujpknsrsudzccsydujsgfnhhfunwfxeggzvjkwjwrbyqocoyrvlveftrptrazjycpovqjddmi
