17 100
cccpdsihawvztmzcpspygcixwcgxtcmksvdtcmcofjxfxitfzvsnhoaxnyukbrqomfhbxaanfvtutuhobygyupxrdbomkgiokqnd
jbnwgkvqgbodffyxolikphlnynhkxufrrfmudjssqupabjjvgajaaxwxznjdxoojosudwynmkdcuuieshyhcfmnanridcfprhxkz
ojfxqiznoricnrxksijtatfwgisavhunrpjcseezkluocdyguzftplapzsqidazarruvpvgnrlsxezvtfusxgebpklbtcqccrpsm
xvsduorjwxfviouxcylvrfvlmurpuktuetkzcrarcuxgynrefllgwnowgglngxpqrgaofgabmzdrsbigalrndhnniqxtylwrkkgz
mmwihwhhxlxinnvlrrjcaavevdqbxlpdxizfdwikdlvkijufixurygomnapiiwgvukbzjztqrzyjrbsmfcloifqorbugljrunuud
kzrrtlwdioomkyjsalqdiqhnygqafogklfrsjeojbaeanxdvakmeqivzluarelczglrjvxybififclbisddiayrpiskormmjggsi
crbqresxpwdbebnbaxchxmtrbcbviysrfgclutmdiagegtidwogmznesybjeapgufarukltxrqfynjgcdtecscazykydtkepgwaz
zxvetqgwvyijpvorflmhupmprreecvgvsbjvlggmdcekdekwqiijidkifuzupastwpsbcjboaddbmeaweodcwlvvwoskudpavdrz
iolxogalfnbejlftvelqavbsrshqyrlhqhxhjxkdfffjfdhgizmtistckkjymcrsojiqnvmqgzwcjtxgyiuetwngbpsggrxguviq
iewzppngtsducedlberqrqsqrgpsoigpgydigmapxcwyizkzklknimlapnwhsvfwmoaftjigflnoebkvmucbfkcuxfqnlcaglekh
npewdsgsactdvufduqfvuecnjiuoeklqwvievbrpmglveuntdetjqaivgrudoluvviwrbqjxuldggoyaebpqzfsjwzsyneijnewo
iryrdvaeacnajqnlnkozwsdotgkmkwgaqnxfhdnqduphgjamezdyafybieeichfoyvxuuyzwvxuacvkqcohgdndgmuhcdvahrevo
vuqlutpsocfujokbgswjmzpjiulxklvzffimoietpohpifvfhkcxttrzuvptxqscycckcstabamdbbkhqxpwtrorrggvexhmnwne
apgundvivgdgggehnywpaslbslydmscczywgcwofkqnifhdnjbcvgiglbrkebxtcfaaromsurhxswyzaxsyhayinenkwizfnedek
lieaejezfhcmmeuyqgxsbxpdmagntmfelhgyhmbmorpqwouxcimugdwzjnwuddcunclzqxcmtzwmhpbiqrndtfyighjhlcsesukd
vqoxxbcmrbejtvqsanwwrytlzgnsuxxocibqamoqtrucwmuprvnuwatmcdoigrbafihilhiybcnlefwubpudiuxviliupydspyyu
tzdzfmnpjlqxubuywpokqhvyabstunpiigajfdfhzfbqjniogvjucwqofenrporpebucyseiypytlzarhucffcmuidvdnrlyypvu
