100 17
xrztmsmpgpkxhqudo
uclfoetrdxqnurjbj
vjrirpkolthmniilx
dddgrtqyeobldjooh
bwwyugnvrhtcwvkvx
gtvplmhcyfwdwlfnc
tbwfuunsxkuseyvbn
kknapcowpiklabubd
bklzqzsupsumkevns
atnvrupiwqougkihu
zbvtpwqinoionnjnw
ofenshhzyskdimjoi
usmcgemyhcufrccel
lxnbanffdnlrwwggw
vyucmaehyeaoycqpa
ihkgixdmlbbyqdwpq
bdwklcxabhxxzbidx
rcnhjkrxkdetveflk
shxfzoqsanixkecof
vtvsquqoutmfyxcur
rdbtolijcznodrshf
vbrpychyrbtuhecnl
nelvmeruamcprpsen
xzkaisuttuyfpihnr
kgimyzcnfgsjxrnfj
vudswakphzazrkabj
uzwfyaalhiopwyylx
eqrhldccutwrkicjo
okvoukmckmzxgzgyx
dtrjugtfhivpydess
ujepfjaclwdumgwsd
awuahcsrbbroxbpiy
bcaalqpziruymlerj
goltqyjustkmlsnjf
txmcsagtvhgdermme
yhfbubgsbmfkqfcxk
tzidwqmmhulngbmwh
igembxdmoauxglehi
soyhgpunwmavofyxq
llkwsxwfnnquvzubt
xjtqderstdixnqmtw
zqtkeuavvhdrpmlvh
qvtmdefjinopukuuq
ecjmkpzmscpetfmlw
enakjitgkdbifmqhi
goejtfgdebkvydvsw
yvuvnkkfehbvcigzz
hqxujtlnmfbgvkozd
jdavnqqezprynczbn
edecijmrzlhtzponk
lnxmcxeuqnjcazewo
thlckvzgeardwwqbz
sgrsmfjldkenrfnwa
rtunpdwecaozgjzsm
oojjhlohnnmwykhkj
kklrehtgimlkfnnlw
qulfnojpifmyfayux
leefauzjbzknlsqjz
veushwjelvqhnszwp
uuycfolpiyedmxvva
slnjhsolzvlnwdfsu
sgvecfnaxztgtcolo
gauqcxclovyeydmms
ahtbhcjqzjqvhbqfs
vlgdgezxiwirzcwri
sxdskxlteavfhpsfi
xnklbhitoezasqeuh
zppotrucegzyzjzob
kjlpligiuzmywvlsf
gliefpdzqkpwnpkzf
bbzekkzzpeumvebly
asclawbbefoyfgvwa
hjshmigqgnaqrpvkh
olamxfrkakqomdsug
lzvwfyczqsatxqidb
dakenkvwlgnbudgsl
lwihpqsztrnttfjfx
socrcxfbvtydhdyjv
wodzsueorgsdzcttw
yyhmccnhnobuefobk
psiminfcsibiqrakg
lxxsbzhttpjloaczj
hlydwwsyvpojkrssx
tljyqskhqwyuyepxh
gjijdhqfmpkkhjril
boxamomrptawqgtxc
zqzupvvxvtozpkkvc
cqemxrekqhbwstach
tbbqlxilknqzxdluw
xxkzyvvanmwcvnuer
esiipokuiszrwljjx
ddfoihyhclnhmuszi
rqsttcztaceyiqbox
mxctiktvhardoocxw
jfxikuygpsvyerdof
ifoaxmepfxiqlnhxw
alacubckfiqubdxks
emyxbqeapeuculbul
gvxdtbsflecrkqdzi
grpxfeazxjtdpetex
