17 100
lugmhaobzltzqzbbvheczrwaerhcmhgnpwyhcatudfqkgouqvqvleoimiyjxfnvhwqrojfgbluhgzgylqutcuzuzprkkcuxkznhe
zrfhtwuytrghcozxgmstfolwztyxvbokbwamtpaowvpcghsgnvuapwhlobxlhmjpzcbseuskutgdjdijvcnblxqyynhizbhitugh
tkmtugjtxkqgtberfycjibmijiuizzowunoenzgscmelaufbdlvagctyyzmnzvdghjdjzimghwififatbmeqeoyteooivxmzdxmm
dpfjvrwkdzkzdxkezhfbapeamzvrymtcrrwwyzwospwguatfdqxmwydnybezvekjjmmocdacxbseyhypberxmuwvjbbwfzbcpprp
gttdbxispzcoczchuofbmruyuyaylhfizrbtjardsabwodhsycopifrccuzftirsfwyoynijizdgzrdmsizzpezgkfkfcsnbkxtb
bafwlffdsebqhbqldmemvfknwsvfvxdnbngjacvbaytrvpfjjatedzigrijpvmksyzczdivnhimlnzonmwymuyaqcapniifwtzde
mxphdwyeduckiuniikpxsqfnflnqttaasoltpexbtoccpkebgqnmbqohqssbkjegqefxajevjnoaigxhlueooszzboczuwnqnrox
sioahigfieyaewhzmvklbhlxetvmlasbnifwpelltvslvxvhlxxibwcviudikoaemcwiepjyofrtssavxhvazvmdnjioknzskhnh
alhrdzuowdygscwuhghugvikcxdppckhspsoqnbsdoasdmliimqjqbvrbjkwvtusgqufgzqiawhxnxxibynaknsjprgezbqjnmry
wklreansqikwkdgbhfenxdubqymnmpajwrmdneszzxsytbgtdqxqlxpemaaawcesmfldlaxhqeicnmizpzpephgergosifxyyibd
tltjvhclpoxxeinbmvhtofagzabfasgraysvwkuttijfgveijyanctgvxflqyjpbqlkphpsnxlkphhceviqmjyxzjeakzuyrpkch
ujkjkpmpgkvfpythhfrkyzidfkhxoolzqcahvdefbfktwwcjdzcpunrfyzimlgdxzxvdqlvpxholpzhqrqllztmkhexexmznmlzx
nfxqdclvomspqzhypftjvskljgzyhkjvhkpfqcdtialyjuywdltlsfimsslvkkwwxltcnahrbecbrhgccinbwtrmfiqibkumnnvu
hfovbtdodrodkeahaaalfodbmjtwjeztsjuffrlfwprziyffhtvujgsprfaikajvdwjkgpumvgnmnrpujvolbrvhnuyelvzhjfaj
cihiitfvzfneyavalidncgdwwyocqboawafvtjdpgkhkxhyeglnlumdizqiqckvvkhahlfpiepjqxixwqjzamlkornfheyxrenyb
rpocetaxelpcoefsrcvdfagwugleifbmtelmhcdstqoofacilfldxpkobpiligempifbriiscthchipdjcxjrmvdgnonkekogzkf
bizktumaqnzlmslbuuglkqdmtkmxlasewgzllyfanlneujfdnyrdcbgwdtscwqdhwvcfznzvdkudjumpsfgkvhyqqjkavxqzjwjh
