100 17
zvypipaiyfufwuojl
kiefmceiycbwyabzh
gcibiqihcxbtzahfv
dvpxupdichuzzlcaf
mqnvarsufgwacusar
tlrkiukdjgueonvdf
jaqngoyrotyboqqdp
ffieaaiwmidzpmpls
pwtgqftfovcswkasd
ydlgwivyfqakyjimf
fpzwklcewhxieennz
auwojbdlwrjwfzabh
xcvbbsohbsyqinsfa
bnkybyokxmlsspvmv
kkqtonumsrjczksml
eskukrjlubljfsoyj
omkdpteenpywxeupi
ajototiupmcvxkwck
lodkgudclhblnoecl
cjcfcncrwsoogkifg
esmoyzgcarvfdtwlv
wexxgynndmxirrkyn
xtlepejxmumfdiglh
edqvymjggsmfoljvw
ogkpsubuvsgtsdpzg
xobizpolixuksrchd
uyupunhuymxzutszy
xwomwplmagtopwapm
pwxolgocaeqlztgqm
etqufkxghxglsjbwk
btkyewnorbsizkmnz
czuwjzcipvdmxncet
qbibmrziqhnxqgcnt
xyypyckxbpymbmbot
fsnfhnmtjghhovvlt
ynncvrcohjwsqytmt
zahfhrrwzfyutaviu
fnkmijydngsajaaco
qwptswyohramzybqi
xfrffrwwsmoxzrdxf
otvzgiqotvzsxrxji
tpukoshtrnhpehyvu
mgzkpoqalmlwxswjy
cpyzsvlecarswposo
yzmpvlybtckuqpqzq
xlhvbbyjhucrzkdlv
mwjfpzazrllrcmgwv
hpkjoaqezmldaxdxj
wwoqusqdtkobwdvsl
vnzrqplhvrrlscmxs
lrkbcfytzructkllz
bdlgqvvajcyphchdq
zzmtdybjoqrofmrxv
bnokrvwqvocmmcuxa
etypyunpufvmfpntj
kvqridjjtltbacntv
pumnmqfwxlubqrdji
uuzazuoojjjqabyom
iktcuzepgockjzmen
vzquxjxvurlbuziqn
fqycayndwptiuudhh
bfrrqwtgthfsdbjhi
pinqyziibyvunrpbj
puucxxkrmmtgynznr
xtngfsiodxddlwvpy
yolbgplcqbusdghwo
vxzezoclpcdrfsnfc
xxbgjjwxxsuxmqqme
tarpvvrsokvctafuz
yaxzfsfyruvtqtcof
spjqrplyrlxdjmdau
lnrdneykuctywebku
yqaunivvsyqvhzijp
qnxugbpqipqnitdym
dtbmkdazjtogwlcsg
wcvddosqqzdeknenv
ysyokxkanbslaaeay
ypejyksdsorfqtdhl
pevksgbnoutsvekre
cqfbozyhgfdwyfkee
ewsmjiyggzodgcprx
shldsqzgidmvejfar
kpivrvajamgdjbbdh
whbuyfdqbmcfvxmdl
oqlmwngjlnwfkjnwy
fntdrcrylyrxbdkfc
fnseiigwbttquzcek
gopoddizfunezpfhr
jyfphikyuvzmkgnai
zwmtvlbrunojucdpr
ocmxetzkyolffhtbj
tgxzydwxcsyxafwvl
agqlikiznjmaawwbe
pgdmcphqgbqxpjdmz
uqqzkerctvmdjkqrx
ekvnhdzhrzehivwwi
eulmaydfegejydspj
mmnwokhblntcrvgqg
hfyvmudwwjgbnpaee
czugtcnboxwresnbv
