17 100
frerxalclqlhdpyfptcibwcuzqauaqrdkbwsbagnwejbtognrukfvctjdrkcchyjobwwzbygfezrkvqggwirsvytmjatyqqupzkk
tehwwedboiccosccxjidmfupxvyygtohhfcbzprdibswfvsvtkjtwrkgtryvqnweruypzvoowkgbpdyrggabpdkhcdsibdxzjevy
rppbluellyccayigdihpxkdytqliyqghdscwclwpqhdfgvjrqjfcntkbxojkqezdnoppotngcbhmrzdozghvgxlvebwhqkugqxhj
qrbwogibjrdzgfjsnxmfkeiqkzndplrnhwtrautvkeyprphfydmevipuiswcghtpowzueunzvyuyujvinxycyjqlmbdtxahlnkvb
mzkmfhxldajndewzmqglikhsmpyygczsebmjghydolzotcqcjypniqydzerrmgfteeqhcpzeapgykgjwprxpfaqiehwmrlfihfjl
cuvmnjmhdjmnxfkqtkeilpvjymkdvvnppwziahswtbgmfixlpubbbkjdqquvkwbmzoalweetbmsherxjflzxljxfjruyjwryehnn
zgkwbfzmvvvjhobrtbxpzbdbtudxfnfelpozefsqqipcdfvyacnnvutxcjginadpbcqwwetittlxjcrukeuiotswxxncukdbxauh
lkmcmkmotgbcnndtkpwcqegpkcjcrbzzygcktpytegxwwakirqcpppxqynienfjwkgovuiidcgnqggjbrjlwwsurpadkxfuvzsuk
jpzemyyypwjrxkhyraxgpdywpwrsukltlcppkioclslfarljicesminhiyhlrwzgfgovywxqpkrbbbukyewmtstycwwwkmoszbty
caydyvlzmnigzitqffaeccrbilrgloiqsaghgreyrgxliyrakinwhknmeuxbovhiejdotpkwndujfejqolzthhkytncmlgyypayh
meyiapdhoggcoyacqayxraoycwxstxhxeghbvrcfqygafxelsttwiyogfqogpuscdrtlndpfapdfhgceekkhyjxyzjsotczvclce
qkmvdsolsvzyxoawksztudjwpaoddbvrkozpbzmuhpzcowxnvwcjhkudfirnkehnajjdqqnlngkspfwidpbenmgzxhxcelcsbosm
iiebatdssyezejtzwuvzxzgxuosuxqzuwobkymwtsohjfrwtifbqkoiosxkigjckpsiqspflfihghgmcovfqgbygidnvpqrxfwey
pkovmesxeqssfjddoxpffexbihudpbcfjnbympfabpxgtezgnezsmxayrongtqijymsuhrbbwqtxqbhmxgjxuvzhwhwuvxybzyiv
fmogxhoxprnvycfcielvpkemvkobffsmwxfjuqvmbrlxqvpkluksexfbjwcdccmwtbworzptebwvejumieiuwdodbiihgaupnsdm
iyqdkisphgpvvsgobewdqihbsllnycshejeacskdlzfftelxegbcgmzjjxvhlqxwzpskxeddtrwwyyvpwklyvdowjavmtpsndxlu
bqbpkawyiwcqzferknlekzugubugzttliwszombioafjtfdsmnpbbnmxihhjaplzlqhohwehfpvxhvztfiqqhcvqetkoasxpacrw
