100 17
rbqavsxuufovmxmai
xutvnpiaunskfztfi
gotfbalsewnyjpsyk
htywwprnhxydraxzo
qbhmfzljcpsmbfely
xjeyhgoozgcazwlic
atsenayzxbvclwaad
jgbjqqvwtqsdxwhgr
ihhnrvqfsigthqrso
mkxlukiczkhffcyhg
bxjwvrklaaapjdixa
otjlhelvtigadmhac
wyaafpwpinbeuiyle
bohiyiuwvzgehfhhz
lgzhlrqielkjhqess
uwhqaqammdcjlvurt
edkvbxqpmfytfbgst
riciubheknxttdnyt
wxoywsnjzvezyftct
eepkhsezzpgddqtyo
bznpznflqqzozcska
bqtqgokoylilaivcx
fiadicqzqhvwzgxth
upnalphpkseomxmyj
wqoeeoerziltlpafx
bbqzwsefgvqoqsucg
maugdanvhjxiylykj
zpdiiceasaunoufrm
rcdkcssrhwvzckquq
oombodfergzqztlzq
fgufnsnipfaqcabvo
ypyvwyxvqhpxxcagb
tqtumbapjroqjknud
dhkoxxisnpmvhipxc
fkxrjrxxrfutqaduf
fzwicxxrsenlwhguu
hgbwvhkajxkouucgh
sataaxevhwfzjssvh
ykxerafjqoxlxrgoq
hapdtgjstjmppnsni
iagldzsphissgfoci
furnbrpkorkzljbzg
jafrfwfwpmbrbsbgw
gthvnijjfivmaumib
xfjacdltoemazrkik
ptpxgoegdelcqavjg
ktarobexmyxfqwnxe
fyvbtkukskgshvnqh
lhdxxujpwzeownaru
ublkuokkrbvrnhdlw
zhvjdubsvfrmramis
ydwbdngxlwupjotij
wenxshbgoqekcoynj
bnzglbqurpeqqimrp
mbydcqqbpkbfmxpix
pckugfpzwkauaywzr
fxwkkldxpwheamqnd
cenxuakipzdqbgzsd
bawpatcqmzitozkel
mconelpqkrivrwfxc
bogqeseqbuzsnmgpp
nfcpdrfoxusgnfriz
xmtnkqjpqawxnyrrr
mohyedqfneysrsdbj
cqowxkpvhngpwizgk
mlcfvcuyfnzbfrsdg
lnhkiyyhsysvobwyq
qhninssodhvjwhgso
ykxwoueyglplcnyvy
ckmffnmmlqvxmtkfw
bdudlwdhbstzkumbn
tubmcbohoubliqtrk
yeiiclptfjgvtwsjp
xzaqhgqmruszaotsv
urnfzqpxvzolelaei
gzetkguoqyuzvxmrj
fxqgjmlpfnptpgatt
pirzbhycytyobzywy
eknjppvipjyqmoskk
zufgffwvcbxpwjcjh
anlepkqfgynuozaam
zmahckytwjftrgiez
fjhkypedkzksvpeol
ixztxenxqfxcbdhzi
wwvlvwrodsvpyuzcp
wqlwdgcfnplpgopay
lwbolpmqpjplxgsvu
iemciftnseslzfcgy
eeovtzeltngeuliiy
dmpsigdjdmfeojaai
ulflpnmbumwuuerab
gbcmupyxwxzjwaqeh
biwzwccmwdzteqxbk
spzcllzcaxozgczrq
npblakffllhkeinvl
hosiwpaltlzjjlkwm
eypdgmaujgrrqybud
mevxrlekhbuhxjqyr
djxpubyivhxjadkes
dgcknbakajrlzvdal
