100 17
awxhbnapvzaollhdi
qjxujvmebacmsobna
clkuamucrruaqothg
wvdymlupuztdwiyqx
kyyfmpqygufdiobrv
gvzetsuuxlkmrogmw
dbgkembfbfsgvaayd
wtodvscueenzdffga
wyepmvuftkdokuyzj
oozhfxpszylxkvaoj
gnabmdfejxvghqdjg
qqhzhnhalnajgglcq
ehldvfxlnsvwmmkhd
iuucbdbqhtjqccgiq
rkzhufzrgycbkjitz
vhzqajxabbvrrbpba
bdhloyskaselwegkb
oxfvvdrlwpnptxnua
yjqxzugorqkfvfwfc
sjyycwkotwlgxpckl
msbouxqbkypauwpkz
tbbdyhcdvxzeyiyln
thadazgzlndvnyocn
wjiwpwwpgtmhwkaim
ylropoyinmntkmcqc
vxyymbvhzozhawzum
iozcmvrcanbdlheys
ccsuuzxcabwntdzhu
kbhqqxsiixrnxarsh
gpbbejpmexxpqhynq
cdddwbmvbfmkeiphi
zbyfymjtbznpxmzbi
xdcxgqvkoybbcuwub
jvzdbopinrkmopirw
pwcibksmwxfexjrnl
sxcxxvubykdejzzak
mqhovhclxqnpsqptj
rvorklkyspzddxiqc
cfaxjazedporggmjh
pvexamzgrvnxulkcd
ufqjahbzzywexznpm
qtcpgttduxqbevldv
itsafxmkghknvvyic
qzzmmfkgtyfmpacqu
kqteucwmiznvxcfok
vxptqpypgotytmqby
stikdebtnwihtkfps
urnizayllitqrnenz
twyrsdypgbaouvzxf
ypntweyvqhliwbuxa
sfjadaateauudmtax
wmhqhuiuxrnykxayc
qlmcsgaactkzpvgby
rvahjwkvxfqzvmimn
ernhgmndxgenduagr
vskmkrdyugqvzszzt
hwoxgbbxdrkawzsqy
zurvxxumovwyccpvy
oiqabuxjlschkutft
hdfwttgvmcjyicdla
arbwodwsewlxmvdyp
zwnowtgkrqxgbhfqw
acixcvrpkgpubntxl
huqjwoccwdhcisgzc
upvcvgoybqwjvqnre
dlkjprmjcxydvtthf
exmyazcsvibaeukdv
sbbaslnhgcnlyryci
wdumwgtlcqgffsslc
nlzxdwlxedcykjwmh
ziesjsbjjvwwfmcie
naeljfybvvzsiqqfn
utakzwppkaactpsfb
gsjolzbqcsrxfcqyq
zkzqbfcpkqnpadtdc
huuoblchxldhwxcmi
bbudhftrfamkjzivi
kvbqkxlboptgjigcn
rhkdaajwhovqndjyy
ksgwosauipfispfei
kjmiyximywwdajjxt
mszkyntcrntzkclrp
cbkbfwdagundjwxnx
trirjqbrvgcjphtqk
apzlygmsywucrqqgw
lbunupkcxrjjynycn
qmblznrtghvbvcucf
jwiizvenudkowfers
iifvzfoyijxnhwbwh
yfrygpccomcefgxge
bhgvfuqpfbgijrbnq
pgwiypsvylkkbkyey
nnmmdxvqbccjstiwr
gisxyqnfhtxwnlnpb
irtzaamhormldquel
vephlbjboyngolhet
qrrhmwzuucjtixitb
nskvdolmvxbnzamqa
uqgmdfocgrhafxulo
layqbrranzcdxpizy
