17 100
qtdquzfazwmlskezpaqzsnnljxrfehiksfhbjyqnwmdvefwbbacceclurxmcrsgdxlyplblgctkemexyntykngtaomeznsmoahqf
edxdswkxtgnfkxppdyhdwwlhirnkxfoarzqoltczjzvmqzjaeztghdgtdqjtkqbcrpeczcnuebolkktillwtasdbxqsiuzpoilsq
ztuijjczcyjrjxkaqdsbgvvkozyttadilsrhsazvgffxmjundbbcsqxhyvbhsedurvkujcbmpsazyfhwkruzebklcqagfsbvihac
mljeerryeyjjwmlbvuepzfruojrktgecnmqnagoojruffvfrlziylsiufxjfouocykmxinnfzojettcewatkhcbnkiewhqgwytsp
pctkwdstjhqfbflhodszagjurjhztlvmcbtdtjtrhdwqhnuvqtslnqoyjtnlqzpgpjllrbqobvnmqmrrfrlvojpotjlhavchripp
sexspcpxnpxakksftmaehbuyngwayrzeguuvvznlicgjuqululnpobkmxlougdhlufquhaxnphsghzllvqectflbjczrcgtnfxmo
ohrmpsihdkpjkuqbytavfdnojidznpwvclfevxrlwqmgdhvqvzgvsbrjxrituiisqqttloxmznxazersvmnsvhsgjurpfejocnfw
juknxpvrwkhixmlpzxurzcumnjhlctmirtnjfbnaytekjrjmvvtwphczychdycsdnctgzgrowxyglygpemjpbopyieogawqtvdec
nozjpljbeagluntlvijpgnqlmcszgkmuepagrdysltbykyuqvjxdocbzzhukmxkfrsmvlpizmkuftzkgijijvzyaxvnifetdioqu
whhcdvbqtcikexwncqfzbawwirpufhydqpwctixeetnhtfbndcohtboaijyjrtgwhzdujdxmtwlvulusqcxiuoharghsyzkrhqgm
doqdkraryjgoigoixkzrzujjfesjjwrmrndskzoprxfmqyvjvckkbwgktogmqugrlflgsnwxyzltbatgrfrpmvubelvfyjbsrapx
rbtkxctvwcoaegbgazmimatoyxbxzcleohrlosogsibpcgswsrtwawvjyewstkhoygfwmskjaprgoepcmsjaptofixckklmjqryt
gqwtavwslooviyggtewtalwypllnoekgnyuswqahlqzcfjzcypvygodqmzslojtzpmoybvmfslrykdtxxupiggfmlztfbnneystc
ifdsaonublclaijjpdifdjdfbhliiuornorjolimscsnniehpenmtjodddcxqdbdmekrnegfooeeyibddqpzvpntanahjbuomctu
rklfeedydqistummezvtymgrnpahalsjvdbczxrpkbvezinqewmiplkafiijmjplualjoxmaiylsnakwbqckdyewxueukdkomiod
emrzqlsmfnnmixgexncozlcyvblexlgwgavjacpcdjtukgvdajccqpxqsdsffhqeycstaqkiyftxfkdbztkuhrsbrcqazzyefrug
fyagsiekhnymodxdfyepubniooqdrlmddiaujqkxdidrdzfwbgqkckofjigtwtpjrmxdmzbgervctypiiuffrbyqyjcyhgxlgpwn
