100 17
bfizyzqidvzhycxwx
nyxxlpguwzcynozht
tbkzpiqmykaphzhki
gjuhtsczipossehpn
whrwjkfootxcxudrj
mnqlckiuykkebcjep
pnanlhnjxipixgnoi
eztygruzsqkjpvutz
wuborkzkypccbecsq
gvmwbsetjgtxvwtpg
kbiwomowfqmeuiirz
xmvwrldgyekshtfzl
ftbrtqqxuyxhwzgph
mahfjktqopjkvqgpp
swtsdgcquqrdvjuge
pebjkwuhojfhhnxwo
izdbyjbolhrklgpze
dhcofusunkwvbciki
ejwemfamtlhpqqbtu
gdpqboipsfbnmudjq
rvyvkxydihkeqedxg
gpyhryityehusqibs
elcxllkklnilxnria
sgzoffdbbtmplptno
onnuuzggjjxpbyyri
wxzxnyllwckzdiefd
yfugsclbyotmhbstj
bdxhqfmwbbcbpbino
iphbrqjdatuotogem
tkeauwaoxcwbjfzwh
fbwmmpoyeryjkgzuh
jgrhipbhfrdhkmusq
hgirnizpznbtjhykw
lunpfiwildbqzcpdo
eepytwqeglsoctbgi
fcvbyvjzeslzhwqrk
kuoiuoxorahriytkr
gismnrmpshvzwxmtu
qsjklxwmavlpzcyve
tlmhcxszvzvymckds
iqbkobuzkxyukqaxu
osnboleylizaxhrls
dvpsuqwrykzjqlnwo
dyabppyrmutnzrwqa
myqxfegvadrfrbutj
supkjjlcsnlvsekmo
qujwopfaningbmdtj
lncfpyfatfihzkuxe
adanztpdwujuptwkh
gsddksfiuvvakyazd
oiqjmbsalnzfjgjze
akyvpogoukpjnzvfh
qjpjifkdxidrbcemc
jrapeesfxuaafwrzx
hcfkltrewiuvkdvbn
qqugncmplwndlhgdt
ylustkfdqfuzloniq
fzlthkgdeqvjyiteg
tcvmmkhclghkwyeww
szrhbaooakmbgumtz
dympoarcvuhiisgmg
mfxrlxpjiezcefoii
dcjyzirzupaxrqpcb
jxyzzovykxvaemgjw
bslimheceelbixdhm
ffvuzusafdvmjexoq
azhffubuivpotpvls
cvvkrtdandxnjwcss
xxjcmqtnhkmjkkkiv
qheanqjuiuboicawk
nqspngawbwsbvhqlt
ahrmgxiyqzfdtsccq
goqzhuiehgjstitwn
jtopmythvjvjquqqi
aiaizllthkfhwihyp
qxgtkboeseewlxhdc
vqbforyytwumblomo
fuoeylayutbnfnibw
evtslvtzwxsmgnbdl
ipemjblevocluxrpq
ezywkguvnanughcbf
numlxbglxccvjfdzc
jwkudgjyrqqqmauoi
calejarlliuyntoyv
wcgjnjouxzujquokg
gctrvybotntcmknxb
aiwvmkpgxjfklxwjw
plxsyrfvtpwdpcjhf
ajedalptfcwbehddx
bjbfhfozdoabugbka
krsiedprysabwbpoh
akiyoaboktopbbutg
mstvktrpznsnwocdt
kcxojqzadhanaadxh
ebfcqodqovejibktt
fxupdgeokmekrwsyv
qckqeggrpqkpxycoo
pumzaduvdontbwfcu
ezbsylgqccpzckqfo
juvzamfgmqjdohgeh
