99 100
ldjxngkmtqozgirspwalcsflcsmvszkcgyemqumdqruxcksouxeevnaoigewxjijukpaolgbqkbjgywhbamwerdutzlmumtwzlrr
qteomnhgmjnvkxackqoierenuddqlhstlemggcudbgmfysdaevrsxwbcrkrgmyknsrhpimsspjbomwgagwfmxehovxlxvwcculmh
vmvemlutqixnhxtvqijfzuejvklnjeheeeiydawjlkpzgjlqkcbjlmrpmgprrqctfgjgloerxrmzdjutptlhsgqluzcvvgoggfqy
ooejqxigmrlunhoshuhhquhomzetscmqybvopasxlaqaoyckulhqynuywvitmdcpjppfpxpfjqlefcjjxwmldywcbusxwqoqjomi
ljelvpuosntgyxakiiiuinrdkmcpaphtrljkxdaeebauuyttblmqycuirsxlnvxndugacmexqnyrwmtbuagjxytnyosvyeiixpfr
wuoqitiptnmtuazgjkkwlolfnmgqivvuzqbhchojjrlvimwnzwuvcvejvobzdwzpbqiiqkjagmhwcthtmsekyqwtxhxjuvjdsole
flsqjookaycesvakwxowfhsgwogjinuduglletavzsaylekiceevvmhrfvyhagtupwgoeuygprqnwlnsewwiysykzdxnkhnofamk
wjqulzmleyqxngnqptrsbzdsptdbfajpadpjmxywncnpewqgihtqaxeprvkndmxfmiuzpbhnnziyhozwcizsniooisoynwwlpnnl
bimqduacqdfydpbqmuwhmhhebfcyhfiurdnnogwfakyzpncldtabxnabuuzsmbqjgawhqwgfmfmfdoctqyoshkpjznsxsinjcbmp
nrszuaqqcnfiqkfezvdhjvvqtfrhxzvfggrpvszqyywyutehreuccjtmpesaggrmjiuyjgfvrxahmpppjaiaodnznqssnkwkndnm
sqmnsdnrmalimtfxczphrsnwzxqhzbgttuhfqvvznknddjvuytvxwqycfbbebjgsjvdbmvqjuzpjqvkkzejaracgbkucrsscucgi
lpmylwdayijhlnqaarfxjtismaaimfwoosvvbhpeahqdkcxxtppmushbrpuqgcbbitaijmauieybgmsyrepxzufcoqvglkrvxajn
mwvyottylskwsizauirahjcalkkaqlyvzymfcwbehkkbmdeyncitnpltoixkxnssjysonqaptoobhrryxiikfxeatacemdyysuxt
kqkmhwqgjrkkhfjhhpsrxhregjarrhtifmrxerbyidjgvwuerzsnauxtihrtqwastlwtfojndybhxnleaomegjvvusrwzjgknrnt
arwjsiysialmhtwceyjmylabhfzatexfvtmrkycrwfdsugxthupsxcrspoiihjspetpucvvhrvvzzbqvxqadcafolezybvgemllg
swzspvdpdhdwygptbdduqeqfyjvbybtdmcgismsyrpyntmefdbyewtsqxfxkofnebovgisxudluulbrpmzzgrsoschenbiwickjb
mhwblzicwjlgeijztckzaljfgpflrvezrmtlquqzszjxkasxginlbicftuyjokmkdvzznyydjorgnjbigpxjdfyjwkfhrnkkytjj
cfxynmjfqagsivsfkmrjbzlujwwbfprlrniectqesodlihsaaejofvmyjwrjebfwlyltkuxwkvvnarhftjevngcwapshcnsjfgda
qqgspjrjvbpicxewxebuidtdoorgdksrtjaahtdjmkhtrfdtynpypsevaceyxncajzzvvaekfztptsgzhaqdggkwqvnxynegxpti
jkcjpqcjwlbtabnszflfxnxfrgrqrwpxzlpsoqejeqztrlqhdqawiiyjinvczqasydslatvnntuvpesafvaxhctkhlcpmtexzkcb
vfywhkskikgcjhsjcmtvhmfohetfweemllsywqtgkpcivexjotndsqxjgmibvvhciiicnixuztygtsmjlnunbckwfhuzpcqlpusr
moipjwmeczwfjefsfsmftbyanqqnqbuqbtplyntztlpkgnlqytazrupjbrpkvbueflaoloquvwvrqsmwealnfawcaqmtrufevcmx
gmmzkhxuzssskzzffderunjctgmnbijjorbomybwoweczqoeytfwbqoifufhqxtzjznummedymthwifkpfaaicwmaqzittysfkvq
kgjrfgrkowxtcmbmaaqoeeohypuveilebiundfqdcacthkmyfmkmpzomrphzifammapctltjpmkcddythwxrjypkevykrmgfnitw
vwjghxaivssgenbdobzesqtqstvawjejgggsujdyzakjecoiaskmovxkbfllqcvnfpuhjfjynniwbzrgwgjeuaypvqignaxeazil
pyayyrhlcoppggyrfowdnemexnfghxycwgphnbyprennishwkxzkjvumchmardbhgpzuauxdimcvbfnjzfftpvmmazdkfwmkgfgb
lmgquavzetdqsiezrulmrfdexjzfzuoxlvqcqojqnwhmxcxaklclqemrboozrukxruehexuthnyjxpyenezuzqiuyxmvyrpbfgey
scxiuphzbqayomelrzcdaryhvgbzxptjfjevsjbcfpbkqlkifbskiokutkszsrnxwqfpcwdcakrjkrfexunuzjmygvnstnyydazi
bnuhkykosgdabiqcutnperlbgivehgniohwmhosxyawqwghwsxouejisnahtecfnvsoobsfaprggyoycymhuvtesthmlchkdmtwd
otkojartrxgdxxwcjeyjhwcoybcarmdzivbcyfoujixutxwfcfdrluydxsjrphhtuideiibtgzehcgdglaxaibfmtxiwjzwbemke
bwfemuqzbugafxaowpfighuupjhejlsxtcvoepogtywfcbdvfhqpescygrxlfbnqbylksfncwockwtnscgxhpqduukhkaljfthza
zvqignvhobotakvkviamdipnkvgwgalgumwlqwycotqonzjwpvslmtljhvbiolknvexxsrkytmaebwadxbxdmkdrlwcmjyzsclpy
hqfwqhnaxkpizmewsomtrtgyjvfjyqpfyybwfihimldrefvmmhdljmfcwlagbpdpfjjvwnktkdmxtjozuvqzzefdsbyewjsbsbkr
qjdwrtdoujkjyqkospkqcfkgmqlcoiswkknbkqiwfgillkhjlpkvqaeuukczmmbmsjwgmapxvxsrcjrxemlmdbjmjpjlmdsvgfan
lxffvnxmvamwciimoapxyzxkecivbdqjxezmtwrxqngusfzxrtjaekmzbpjvmwbppufvcdoaceremkjewmedpxdklfflxdlpcrpa
iibduuwqmhamzunaxsxhunthmzoukzumbjhvmwrtemwffijgfabjitduoyxyjbboyxpivwsotornlqnehuglfdmjuazzhyookppu
ksezyulllhtcosbnvidckwmlakvgpvxfwxoctscqgmqfxozddhokyxyomzfchffvweigrbrttttxoigyooxdvtweleftlyqwnxby
boejymeofjatuhtlgqnomwhksrdxxxwscietrttdmwaydczxrbdqstajrwkidklqfihmxlvnkemwgabeagutzbkpenfgpwqndlts
wpiicbjxrcdnoqlbrvthvrbwngjdityxehgaztgjjnyngepgdkwbyfniexdftpkipmbipvvndvhrwwybaswzyffmlsregpfonlvn
kpsangaoyewbsrdjsbooyqjrwkcxycgvzewwhpfintifkwdmmwereyurfcxzznhseawjgwhosehxehbzedzorvkfflfnwwkxezgc
vecqbzdpyvqejegyrhfiaogeoqyfglimactcamaphtowgnyvstaymmgknwaiomuspavjqqfioddcvzixsvablyjrvsguyotrjgcw
omdpllrkopgxbvuwqcpiulkelqeaehitaocqeucwavengoktrwqgihmlzsyyvzhzscssafmeyksyllgjfgppjwzfgpbhlflgrzoe
uaxbieffcwgbshchecskkyhkxgeyrjdzofowhjsgwglleuidxlqdvrbtcjmhpkrcmxabtmvrojmtivvjnjzpzybulfwtwycgrdlx
meckkprodjvatlhqbnkazxvmkvrdstyjhteqztvlqkkdbnzklzvocszzjnnofndllzoopkmudyuafwvuenkkqswgkzuhqasdfbwb
cgodoybzlomxvibaejrxoqujqtmggivxmfrpnvixitlfqkpftyxhzeiagcekfyrchblavyvzdrwgvvngbxuvptzukpgfljqhdaum
fvpvoijbxuhdubmfyafxwnapmaxincxzlowdqgargzvqzjcasrknptroxyhibgcpqvwomcmicxjswniwblzosjieimrevgbabttx
skcypwieohrlbhzbdnbyxdfmwylpahdeuzmkdadmuasedtygiiwulkfczftjnnwtijfzuvpxuorksvkboverhqrmqsvkiynffqif
rxmvyheawuezwaozdvudsxiegwivoqngckymtruzxbxfelkgtkbwpcfiszcdedqdatsbsgaueibbkfjmebowxkqscchvzpgjekgx
toisunkslvhdlordkmldzgvwxttmkozwawextbxrajgtmsdnowsqnqojjtzwiaoyyybwpzfolhbdewlfljanwmiupyekxcptfdab
lxsjhuzzhuntatysyudnwkwtxqivfchqorggixaqrikefaoojymtmjxubikuujqmcikggawqjnelmfjkrvbolhqgmjqbkoectuxo
yzgnoiliuftilsfdjsladiskdowweifadnttsxgpspicdzkfsyjprkgjkggpkncvnfpkjgkekhygihsfugltxfylysclzavluzsq
vogmhxbnqwbskgzwshbhtonepotarlcieqqujdhcxijxilfvebarzwjcfkouhmlgyewfaepyvboxltwthzmnhlixmxutcnhjciwj
rxrxejdswiiiymhkraobatybaarrsrhgpuxpqiukhbdifgfvcsvjjiprufxwksqldfgzkhgiwlvevrtuvzzxkbvlfdpgbrtyjntf
wyffvpohxxxxkfpdhtyxrlytuamirbsahlpzjfmtjocprfsslwlgmpftdykmvbobjjkoppguvslhbzwddkjndvkvmkwukqlughov
vxmjlyerzwzirkwudgjvgogohyxnhnplaydzaifgfrwmfagaulbsslbgexyjlkoqvjymdffktaezkxyukqblkvhlqwmvtudwqulb
hubjgdvhjidqfvbeleuujwdhnflkbsyqobpmarblqdfobbvjvfpcrlyzljonumzvokzmwgrmtyymwbwwshhdrlhuhkaliehbmxml
vklhxehlerdsfmfxawagqknaaotbgrcdqnirlyfmorishkdnpecktshxkuzppxnmelzvlsobpalsoolncvaneeiabbwhiwbaqkmc
raitxnhrunzilyqmoudegqzyzmwhflfgyfagswlonzqlybreahsithcbopsmxkpolorcrpvvvohwsumswacsutbwmyalgwhamvfz
xloaybarqattirzuuvzfvbkgbknwpaqtuxurjhhasgurghhhtnovxzbmbwbdrktgpznjmsvabchwxycgbxmbimccyogujnlbsviz
fidinkvfaecvozztsinsgdplvhyqpqqzpvlbyhrktnryicrrfpaqqimxtgswxrhapjofdstsjhqubvqkuvubavrqawafjwjbvcqg
jpgmccbwyctdvwwanurspvxlvffmnynnfzmcurjineeybxqxabjnamthdzezcmtemefabgmkfsarhqsyfdpfxwkukxxovtwifqjf
btgzgqatbmvkknhknbdxtvnmwtsinaoacfxgmiyxropyyyafttzmczvqsdkeobkftpttlaifuouiukacnbcxrasfbfqqhgayklcc
tplvuqgvqnahjcmkntktdbgowhoggirgwulqxafduczbkgsubyukfmvzbyifvaiydnwvplxgpxqvrhrgddilenecprltnbawwjma
eyhxhbojswhorzikywbrpbmacjpwofdlwzzbmriqbdinwmfmlnurhdruiilfsfdfklkmqznsdndbztcxrtgnirdhtysxavlnibxe
bdprsvbukvbtutafszcmgscbwhndnheojgywdnwehyoiqjmvxqyezopkygwzahjnxaxejfwjpqcgwjfgxrvzaqibthhatynwkgzw
iiebdaqreybqekvbefnjaiybouluyjmdslnxzrucorqwmmwjoqxxhehymxdargkqasdzrtqzdugfkrdlevgatvoxnrpfqiaqxhgu
oybpebtkybuipbskxbkloqqjjmnzxhxutnmyllzusfypozpfzginimshrrtqoofnsflsstrinqxyjmxcdwlzyqvhxhwvgpwnvaxr
ujfyimvjwjueybjlvubhlqjivpuuraabsohxrpbdjztduacuoheyfjkgnpomzgysscagjvidfmenthfbqqsrymiacghcpdgdijjl
iitzhxsfvtosxjmgzmcyrrhycwnylywkqqyltcvusoahjqwxsmspvzkwocxgmsjmjklfuyvkwujpfpnrpysxcchbruqdhxljtiyk
dbafsbsffvmrlqbesozggtdnfvncyaipmbykqtgtmrxxcfmziqchkdviclnklvqlnfnybaczpdmufptpjzmdxcoqmckaaquymskb
htziygocpgellxyjnnovmgchldfkixzhqesxdrqdpygvasptldgwxnxudchiwkphqcxmawwsqjchthbbucddigdzbamogvkbvjnr
yhmyhpifxsktgkulwgwtxuozvkqytjrlgxtlhxaqiobenqohoduhsgvahalpbknprahlmnxzseprkjupvhctwrptwkvovitxreur
ggvggeggotdhhuydjtbuoauzkzimgfooyttwtgqehshzvowonafonrhjlqacdjvxywgfjnedbnfurxrsuzdavlmhwhrfuurdtltn
akzlplvjrtwfczscruqjbrnqylzpivpjvfzugmhuevlpohlstvpboueiiulqrrngzseccwyehmigwbqzchfcuyajymeqylqogsbv
zwlgwowuybodilixclklemteunyxwafsalwedoaqxdqrtfigwlwllaaiojtjiyupwdzwlugammjsxhlzruhytmpueukayiicmwno
lsbxlbyhmnshidumkiffqxeqrlwyddfzptredkszeshtvepfobtcpzjconjoqnpmiewjejbdkzzbqlywlgbzygjsnijucipdansy
abmoasalpftyhvjudijckysbhwmfvatqkdfigqastffbhxkoogcfmnfwxmfjyyhvtrdnhxvrjtfdrrwskmkmcdhfljmbwklxcyem
svlwyywbcpdqjbpncpmcgdshsufonoazprejonqkjhzezgmfomaruovxxwvqylklfatpbwzgookzwndipoenwdlwixmffaxvrvcm
kdubvmskuatcaljxmlvfwunklaorxugrbufqzpypdsdgnejzsoacnjsfffjthhptfqviijlhabfliqyqjqeqceibzdgktadaqmvz
impccbdikfpoegtufetziifbasqymmdlvqkyfqgryjbhpfocsqdvggtcvmytlvjjdmrmbafsepmtmjuuiynltbvhskjpnwtaggml
rdadcvwyegzvykuaoqrnadswkxcozpapzcrnjcykelrfszgculwccdjyxandkiwkkbxpqhtashcauerlqqkcdshsipqwszgyfdlb
babgycuwtdzrwgpfoomrqfsiyselwjtygrmupevxapaykchrmtezsneruzrffzlooddxawhtdymqoskwlpbgudgxytbjtzcjgjfm
frbvzygwbsunghnlgoqflzyxbuqouxoncdafmaqaovkpphyzodtupfmrnlqwkhwjmckiqbojrmygxdhubojctstexcxrzqslmhey
knfaxlkoeyaqgleterbzedfniadrwnktfcqfqllwqtkgpsqurufeoqacpcljmkyrxlnsaycghudflezezjytaysuydqlpqjwohrc
uehxxwldvsjjpvwtxsxhglhyaaaiuayzbgjmmxwctkjdlwvpijfisolhldbmtcmfehfxhbaffbvncsibuvsvokciitagnagqcstc
wutgjgqahbtzuipwqzoksymhfhjeizzyymgkibvayntklznmlnilarubrarndcfyrzdehysxlcpdbmqizanluiacdcsurdkmbgre
dzdbvzbugueedrjmeoyuqeqnpffmlbyqedwktqjgdeidczqargdfznzlrfcaqucbodikliszccdrqirteomhgzxpvfujxirmmhcp
reatyihynengtgjrblhrkdnmeqdxgovkdobhorcbekaxfjhbxvfjdyhahwuexqpgoyfcaxntkqclisianlnmcfnlmnhqbhavfewo
abkdvzeegtmehyckoeibudkmsfdlptiddusbjwnommkrklhttofxwuwgiustcaurmfwtophopgrlockpvtcnwmjivcucwxxmftov
qyihvizmvlgqcpvizxitbggyqhvasjcehitqqmouubbskvynangypyczgzsmkenxpmvpxyleofbovocqtrafjtswxbhsscyohwga
djvsdphgsmapmttaydewspiyolbgiuwzysqfvrofjzetrleasgzjpeidmactorqvkfckeoiwaxphdqpcmwgusqemmtgdpovdaorp
yfrtourtttlixlpptrelnvenyjhbdybgrcjmiqajbihmkjtcrzmkcrgcmosonskrstoyucceoyrfivlczkzkqpqkzqrgumxrbbsn
bctoerntwxrwechwvxrvxbldlasfkxqbzoxejppbcwxwkwecxmknlusvfftxsvoccpddvwccbiuspssqpgdoygkiuoreknicemlc
ikvwydsrizvnsnqqykmsabbbygzrbnbcgjgzlnrspcvsotscnztkosbmqfiizkyoekazcmtprbvtbqxqesjexijrbsjplkbngpoe
hcggjcsdaucasuyruesaegtjdykvhgganwcavtssvkcjllpfkaruvzihjgiczkefliqsznpotiomxbnwymwqdtgrmbirkugwvlsa
upicnfrrltkehnzskxobzvyeiydowddwydflfuchqcmpdetpwcfeoskgfnehvigxjwlhbxiqyogdqjzqwkhsgjywhszlgqtyvpry
umpgjnbvvkjdzbwhdtbazmdxdxgbwwbnjqxggqpnxehctkebfbiuhcjenxceihdnsyhhtzqnsyyxyktaabnjsbbmmffmmtovbayc
vpfwjixtjhdumhtakfdjczvoogocbmszndlzawezjbhchxwpzlbehwggvkgnqmzadbuwvfcphddyuqommfmedqcouhldmvmffxyo
lenawazxlpfieorpajjhrpkefadbkwgcpdnflpoewmjxymqfphwscouxdurnxfrmhghazdltiluvubkhymvxwnwkyrrtwmzkdysz
