100 99
esffvwkbbhiawswgknyxipxcyxobevhpxnjqsupyemzzwroyksojuaijgyvksrgmxdugftznezxatlzhgknjgjjebxmxmxttedk
pjxssgakufqpnantngvirdrlqdeutalfsshssnhagfkrzbtfomadejylkvcbvqphjiusvfuobbqskmckxfugbhuvvspqjrytmue
pdqshmnrsgtzbapyfldellvlznpxazpvjnvlzqpdzeybwabdoiqlstrndqzdccxgcafwrajeioqnrzofibvliecculastnemnss
vuerdumehrnmrbhpijekgdisusfxvvfkcuwqfpyofftdgnaelwgwolpvvcylhkannhdeqsimstqvwzygziehfezhwlxohsciezo
ledotgjmjreexqzqbzgwzkydvawbyjlhoaedemmbejolwaxqyekbqrzqwgjacfywiduzltcabrcdyqrulpqrofyefbbjmebmnra
xapsewibcnxceoysikpttteucclqxmvgzogzzjefoxxohvfqqpkqivexmjqtmnlsnoptzxoogzqdrymugbszwnrierptyurzfwr
cpametehmuvfcnkoddvlspxiyzhqcpscbqpwcqobcxsaphgymiunewerrdwzsfhynmsanneirzeezeuoiajfswwqwfhukkwkebj
kticspycppvfwqzejwsxsdyxvhsxsoasklwawpviqkttkttlreeazswsjqawohojrhnfzuwcywabqtbqfypmqddtnnugwyluhrs
qtizxfrwwhbvfbmhzjuqocvgwawlkozwqspoybomqxbjmiysjccpvlaogsqtbnbhafqfrhxvtwxfdhjfotbhfxgemhgaybbjdfs
qajenfbvjbemphuutfhgurciqokyxewzwwxpkfphfthhwdlvsofrrsdnlzrolvsbbnbqlmybcnzwmfrsjsohnfskadjutnclxsx
lrkrukwfsytubvvkaccohmxmwfwjkbqfjeamocofurhdcjnzjbivcptgwrgpcqvekaffxqfzsjuwrzlsppdymijxilufbwdqjab
fyuoeuxifxtgkqsgwpptookzjqktufxgvoiuzvneieyypdbcvwmtkcqrbmmwbkpaihkfashnthrqtyzftcutxdctohselaignme
xtrghcloutpahlxuquhlpttoheuthbpxnhsjsckdocrktpdsutertofsktkzvfetqayvnhupbmxluorsasfcwrcesuwgbjodkly
dguzeydnqcfoxlbfvjvgzlfaawimgrjiwansfgkbqvjsihoaehnhbtuyakytomyilesilrkzdubznutryrfwetjcdzpxfaylyfr
turphmycriybpyqfczjsnxpomblebauauykaxovnvgumozdobtcahudgalzxprstcmddufvsiejimusxdaxdzvchgmbvoxyfvrr
wqzdhfkduxaqolzpwchuobkcwkzkkbtquvmsjeqtjwizpeulgyuyvteevhmydemxaqlgynrqzaajlgxcrrcpsnbkjgcngvngiuz
nfxsytzcnzeirjaqfotdiuguhzbavclimfngpaixapiboubfukzscazoxiwekrxbcujieybjmxuunzyrefilhyhmajxixctejaf
txxkxkyjcjtdcgpdwefnbsabvkmuvdmyccbrucnsntxodfozrpdicjsssqswmdryfddqgkexhnjjdbgboasulixsknlnzafsxek
rthncxfppyjeorkjnubisylcsgaurgrotdixeuewyiopnkmakekacqtfaipolazkqztduykozgezqeaisazhiqelzhckiwigtyk
hwokmdgzoenyghrqrklmogiatbxfumnpbcinfslzvbuyvtbtksgmottjwhbxwnwuifittuwxtlsekxmtzuvemquhlemoasnzxgm
kgaregjzywamdlbqwjyntgghsyzhxmbktiwkmnudioualmrioheaeydfbjiiolaebudaouiapuflrnldiogfspgoqnedcrunmtk
yzraxguslmtzwezwdpsqqocjpmhgdeackxwsjlbwcwcvgfhuyggyiwxbsznwigzogenemdqrhgozbvqcpezitqlzmbfmtzkvdsy
epazjbdxbfjyiahlozsycwwulhfalgugifqwpybopfterxphtqltumppcaktpzrloskkrhuacqxzrujqepleuydivxnmcetvpkp
auelhcsifwfmcplbrhggnyecdypdphczwxlaqatpfryqtwsxmdylpgzojjaweisycultoqkfdzujkcmtbcqatyqcfgvqazgfrjt
opxdyjehitbuficrfluxhirybybmrlzjxrilsukruguvrswjmnywurbofawgmhbrsuezpnqvpngpjhxfjooquxfylmxkakqbwzo
ikwdozqjmocnmotwbmiuespabamjpflfhmrjwbjzxohjqicafadboaerzhrpvysfjfzfmujlbawdfbtmxebthsbdpdwpeuvtrgh
jhqlegfyrsvddazshcbazpvcvoztepbibzvtctpebyjdmiuyrfhhklhzxxxikzwfwwopxcmjtfqbdcfcnkswshpjqgdirwclbou
sedinlzwxouokoaipblybrogxrdmhgszuvjeisyxqqgimqqqvjvtuudaujsprrzjiahzegbmtcqtcqcbgjqaqjdhukzzujbhrbf
koolgmakyizidoyczjrdmpejiyltevkzzjwjbpnsqejdhuwkpmxsveaeolamachksfkbchffpzegvhijrqngswrhkglathrdohw
dtbathtmdvtuphvjibxfjfghnoepqrviuwzbotrwgthuulbguohoutjxhyizvyvwikhlvesfipljwulzwvaowzjdvdurtrvpomg
ypcyeinvuujomxdfocbdkghhuppfrppzoyrzxqqsspbktwsntjnuwwtqeztxufxiybuuouwxgnfvnnlquftglackyfuuruiztcg
teliltboawufjbcbpynaqzqzcrtexxrfilaqxuonthleryrjaostmxrpaamkxkilnstusvkoofwcqkscapmaqwtyyljjzpddmkw
mflxcjgvisvcepdqmfphnkvqtnlyivlwqswqteelttqszwbubddglbwpuoqiivbeycozpjaypadhsfqhphoxumukzdcbhksedvw
ehnbcqikoeeyvrcqeewvevkqfkfhmxvnjupvqmuhoxwiriygjgnyxorlljvtjjtbucbwzkeciceqdojupevsezfnasyhmjejvlh
jzzulapkwzrwufmilmapcktwvbxwdlqcvmcdzoeszzoygjmhkfzzdykhtshuhketwftbwbttobodgsajnhhrdevskulqpjjakrw
nhgwurdvpmakisblxmmxekfzavxfzokilwvpqeyxglbffpryxaefomoovruhhjzfblihubgzncexqcmfxmmjudeekiycbriujac
qdccqpjwvlnfjbfqdexnqqglcxepshxxeqpwkfopwapfvgjtgvmxujbcnvtvhrqeotdollcvuvgvtncjzvotgnmwgqrtpmmcprk
iwdnjbwhscmjuoxuiogaxiyippqxnfwqsmuwificfcthnvqnwmvxczystfwizpogsfwaulvvkjrkfzykpovwmovgnasudysdzlc
xfuwojyxaacnlqjeljrxftfczkiplfzhlqydvbyrmxxhwmhomjwwtnvcpwpdajejzueecslbfebhevlgywaneqrwetvonpgikph
isbcynzcebrtzgvmfdgqkzertnrrbqjdqlzrnggaxqxrnttgedzplflctmgudxlyxpgqwnvwsomdfxjgyyouhiteyatsskwfldo
mdvqffrwbvspxgwyhvtdoakttihcoiykqxcqxvnzrfatwrothrhyamvyzektzikijjhpsyuiihsuzjqxetynsdvsrivqaaymkrs
vtzduaphuuglhrrqdvhvtqgkmjnjcqvvxvqjzkzdeuxkqtpnlqrbqewdrypduqqdqmghjakdgkvbauxmtqtjydyxmitgyattcoq
jlmkluzeiemaulfdmnkgdrzdynlmtokdpaghbggqjqeuzcjyjocjzeqbqndxvwaggakwmyimgmaqwpqnqmxwvkodrdshcufucba
ejegwzvaseehqbflhygpjbahzfamzwclvnhwjkigulznvwlnqomtbnotviamopsjwdlfwukcwzlsbvwekqyyerhmqzsospzdzgp
lgykiutmbxanwpjrjkfuhurbjjmnterykksvvaxdgyedpepsrbrfeprfqnjxzieyldkacddptzvokyaldwzqvgvknpsuxewdtyj
nxpvugzpnavjmvoldtuvzmrzmnrjxwdqjydhifznndnzmrlisxdclgvydronbyqfgcdhqonqabxcggmcnfpxemxvuuyfsykuudp
exmuusbtckmueflrqjgpqiuigavmomkjohzefdegceepannatsgjoruowmhecrmxqmntukonspmncprexrryzjwdmnqgqzhvktr
swubfygmcndhdlslmyvozqlzjmmnumwccfponyqopmmkcpvtysekgqafwtxpyivanmsuiqeslseeyrmqvdmulinuzutdqmguxtx
jdkhcihyvhskcpzpcnmaicxwngorcjoorkdelnjtmhvntkvmlsajcyulbslyewwxnzmrzucbopcvwvpqfjjwhjuilcxgamwomhh
qnlzcvopdyapvjmplvilrjwremdefswyismrqwynazfnpzrisxwkjecmgagsbjncwglwczbnsnuhzthvudhutivkohczeydvkxe
hrsyzmbfbvzjzdbtryitltbvwtewghcghgcsboqyeyvwcesdtdfldhiimcducdtfonkvtiomyphizqvmffpgjhldgrbedoihmgc
lzsjfkywhkdkmepoosmhkxgnxpfnrfomprwmwntyxfrjvsxvnkkkqchetpraaalaixmhuzrstpuzaxovdivnybiykaifeamogcv
rrcvewfxbkesqtfyhedmdecmlqxguflprfxfsuqpjnubeotaaaybeaxucdalvqmuqpqfofucnfjaqgonixegcnqhxndbnqpzhvp
fughhutvemsedpsevpmfjhkwhgbvvdbgzuotfbudfqvuhymlqpxqiewhzppxcvlvvpvxqfciosxxwaktijulpokulpvdndxypzy
smdzstiwzehbiuiaifzthviqewtpyubbchesfyoghpsyxjuzrgsjjtooqzmmvvfuaantwcxayqpfxldotcqluzmtrofwwexbuuo
pyoxtydmlcmsczmjpdcbcwfuwwxpuqiuddojlrasyjuotzzajqubmombjdvnnfohndqqvhhmissphvnszlwxfxajznbnjaunjnt
iyvavsxlfreazhjzhvxzyajheugbdzwgvmmvlptrhyqflzjxvdvjjcjjuouxavsoaxbnirptkmsnjosyekarhopwtexnwjvzilm
hsmvyubdytkmzpesisbjfuzorhhqzjlnfobnsbmxhhdljdfhsgyzskprzgmrezofdnphhsfuexktsekcwyrhrhxhvqnxfkwqerw
tvkgvxxgvcokeevqqpyvefzktfhcvqnydrzpfjdbmllxvgzeerkpmnjznapvicvuigzgojgoeyshfqcvcdxiqcbzhuzfhhdjsar
hsrqiemylfklcndffjeolkqxiuhfhxmydgvwrvansawbwrweqtcwzlfzypydtorchoofxbmvistehovrpdjdjtpkwofjdefbzil
pweiznlxifpuxcfjaolbmxqtoltyuzqgknqvyiwemakpapzaejytmjlgyiniycirgjinmasfxjnvvwjilwppxxaoldrofqktggr
pqlrpfledvafkaxuoxsxsesghbmjnvtpoyvdgoizhozljtpddggwbefiffpsbogvyabpxbvylcbiduijmnrlhrcltqdtjrlrppk
aksfqgnnwrexzrnbykgxoxwyksiwteoikvpaznwaveabbayzbbrayfhlonifxxwhrswauwusowmcdxqmluydvpmwtmtenabccxx
imhlouzqwoqzomzxhajsmkrssbhfsecywlfwghgpwlocuxekrhtpiukjbuemhvisafdacwzglonozhltlekhvzbcbszbbbhwglp
nbnannfzsjgwtuyczavgjvjfpfhbymnhfoglcabfogqocywoywzbcgekmcsvmuvmymwkzldqemnkyvyauqqvnomxisqwtrpgtaa
vmfrezcaauqikjqozpspbihdauzpczvvjrabjhpswlyymacxruvoaroiajptvqmfoeqoexlbfrdsiyfwireusdkcacgkpjdmrmi
koulqhrlcwlhlqzghmzftoksieblmwctijyuavozrxlxwzaulebrsqbtahayocydjiriryowrbhepygiwtlflkcclvwwpopwjvw
htmtgkvhisybrxmasgkibpopytdzpmuzoqlzsdxcbvdonnmpsajpoisotzimstyrztshwrzhcbjszsgppgbdxdkutncbghutwry
isulsijnkzphfgakduwpzrrzjqeyohwlklirtnbmmtleciuvolwpqvwimtgejgnzauqbjlbocltntpbhajogshjqqmuslfjzypn
ejqwfrxikqfwozmtjfozriapatfeucupidnqkrhbownxhelgzfntnvynmnsiqnufrdluobcsvnascqhawunmyvwunlraroqdccx
ffuyoovmkpzsbgxaxpkytdyiyouqpultnlexxwlliyziwsjokdbrtyuxypxsutitufnyqfgaivlmmbofuxjmszoukqtidenqbif
mppwmeyrarlzwdjwtmzfnyvuuwetibcpzyqsblmgefyxahneayctuketgnnxcgtcwnrarkthobfavnsuoxciohtbljvblaqsxsl
gfhvngrdudoojghwhvnhwdlgvjgeesbllkcxfagknfsgziuzomtzhusxqwudlxlvsggawlvqymcavwzfnrxzadxblfivraytpno
mdnhyqqcgjnhjqutljnxauhyzqnoymeswyzdbvyiidxqhhtzckyrlrqamzfuifkgcvqelaaiawpqtokvuvghbdwoamklssxxodo
timwyqpoqsixjwamqursjyfbnxnfkqrdqjnsabekdzibkfazmmjscgmolnzrpslxpfbyjpfntiskwfdfjxzwfclvcqegyuthnyk
crpveezypaitswgkiwjepwhyukheqgapnoqhcparqjljtemlcgwczzuonmjcbdornfwpfgphlfdubrjccxllobdtaxyayrnkcfx
jhkixoaqkczsrzsmsatcjgodbnqxdbuzxzkkkzcgidtxzuumuvkvlxcjxdsoxrptrykvgqgsmykultxuzvsizqwsimrvussofyq
npgnditmdnmhyndggfjwdntknmjlojxuhubdtmlsmpwryiaqtocqittaudqtymqcqdwvkgpapijuxjaucjqtnqmcsofjthywiyt
kfqhqplueqdkymawuaocccuxqdsfcnhoienfjcushfiairxadvcxafbtkegthycbnjlwgdhfumxagfqoqyjufpiejpnvigbunug
zbmtlhrlelxxvmurwdeedzujftttljpvkebjfeeiwlkgoihiqdtdnlnbcuceheobtsymftbgefuwpabvwaiftymcbslzuoksmql
jcswctfvhqffeqcumnkpekoafpwodxrqnzxksbndbwzgcfvsrycubnogoobizuxkjvvokdndzskgidbijmyoaqsyozlsqacxpfx
wuztumclsffvuuhcpelrzkcatwtcylqlzidtfmajgmtodvufmjugidzrnpnkfqfltcakqxbsayivmlogzrltiziojsbpafuaslp
inkomayfgfanmwjpksuiposarfwdazjxpjobyymtbasikbohyqbxqipyocrpwhjsqydmnaydhmbvnwgnkrmgrbwtpjncbigmafq
qrjpiugyskfdxkfriesfcvvzzjawzhfjiinkofrgorrkkycmzcasagujpgmpmiusmripslilgzyuvlrvbphylgjxcljtuwoeqlr
kriuafwbvyxzowizmvgsuoftjrtmenijwnkwplwtgbxwmlndvdtbrqyuychwpucmjozqawgglfogjrqapkhzqbubrduozlgvabo
yrwrmijsiwanywcdrjjwnwoxwimleouuxayzvuzbnctipoapapiwyzxzgkunfvlyabnrumvczbhhuiqvetigknomagccenaanhl
bmqgcvhyblnagvpqgaezbdvcvtlxwcemxgoqdfdskaxdpzldcvntabjmtaeonwpdvutgrvchjxxyezcywluuddefmckkjgevrec
xhwqccghptchftgqtyqrgqvdzvcxyhpjlsppgdzbssssoqvcqtqztizwiseubareqmjbtkzxglkbkzdbhqbccjzioyvtoivfzzz
hadndmcvpjiqsjggjqzqfvjyqbhhgjqaemshtscdpmkqghvbiqykvtdvgucllqixlpuzeilklyzqbycrhytczpzcjfqxxadeofn
yighyjlwrkexdtihsslmusevroovujiuktmtgstqbkzgcpnseatdodkezsxxbnfewiouhzpzxlznluekehdwgyfrisrgronlnyh
glsshdvxsnijisczdatvumvselxmhftrzdrsxxtwxnbwvondrnulmypllmhhwkiomotnuulmxhnaxvqemivoidyjqmwbzdhtykn
kqbvuwhbicbhslhbkzlbmycymbvevrlxxhehmmosglimsdsgahqfarewiiabqrxnecfjomqmavvrlqivqkcwuluqlhqeqlnkrlx
hgxsrtqhtzawesgwwehvzsjyjscgtcybqarlqcxexoyyjzojonnqoqgzxxaqyrtjywfhmvcnzoosyybrjqofilwbkrwwlzklshe
gpmbqxsipdvbjvihmumfcoimcvdvqxtypgidlebekmwfkacepduufoleytpfblajudmhcvgolsnjqhztampgwpxxybxhmcdpdew
fnaxoqnmxnherjtzslpgoenmdbipdoiqtsjcpcyxwqwfbvkasshtsswanxcaklqxqylorjnvfplicusdarayefpykbxfegpsvzu
nhgsapgyypkvlrusrppydcatzicufuvpaagruofbarykobonfoxnxabnmgpsctvjagnqgaqdkxnkbtkxvhrhmfjqukygsjaqbhn
zflnpehjdldoplfdrrdzwpsqssrgyrojxpglntdyrwnwotmndearpwkhjgpcgixyufkcvoytdcrfwcmlxsdewygvrmpwrhccrpx
dsdpppdtvqnmdckzivbdnoxoujbffapfwdkauykxrswfmtxivggvjpqtsmlsofcfzganvboaoypnumkictvhxvrqyfxlugdsufr
tihlcmxeaqnimgqyjbmurgzxvnjvevhibvxyylspvgjayzpzrbboprmyajukcozsdnugkkkyrexggfbydlouvhwsrdkykouzjvd
nmkzuozzwwbwvdopodsuoxovdgvrbavitelrtpgxvsexzxoxgppsjiockgydltnpxqnwtgmkvmkhqsqrlgjefytduyyxiqpdbef
